Playwright E2E Tests	Set up job	ï»¿2026-02-14T15:45:15.9235910Z Current runner version: '2.331.0'
Playwright E2E Tests	Set up job	2026-02-14T15:45:15.9254060Z ##[group]Runner Image Provisioner
Playwright E2E Tests	Set up job	2026-02-14T15:45:15.9254630Z Hosted Compute Agent
Playwright E2E Tests	Set up job	2026-02-14T15:45:15.9254990Z Version: 20260213.493
Playwright E2E Tests	Set up job	2026-02-14T15:45:15.9255380Z Commit: 5c115507f6dd24b8de37d8bbe0bb4509d0cc0fa3
Playwright E2E Tests	Set up job	2026-02-14T15:45:15.9255920Z Build Date: 2026-02-13T00:28:41Z
Playwright E2E Tests	Set up job	2026-02-14T15:45:15.9256340Z Worker ID: {56340a1b-49d9-40cf-8f34-16951ac876d0}
Playwright E2E Tests	Set up job	2026-02-14T15:45:15.9256830Z Azure Region: westus
Playwright E2E Tests	Set up job	2026-02-14T15:45:15.9257270Z ##[endgroup]
Playwright E2E Tests	Set up job	2026-02-14T15:45:15.9258240Z ##[group]Operating System
Playwright E2E Tests	Set up job	2026-02-14T15:45:15.9258660Z macOS
Playwright E2E Tests	Set up job	2026-02-14T15:45:15.9259070Z 15.7.3
Playwright E2E Tests	Set up job	2026-02-14T15:45:15.9259360Z 24G419
Playwright E2E Tests	Set up job	2026-02-14T15:45:15.9259650Z ##[endgroup]
Playwright E2E Tests	Set up job	2026-02-14T15:45:15.9259960Z ##[group]Runner Image
Playwright E2E Tests	Set up job	2026-02-14T15:45:15.9260310Z Image: macos-15-arm64
Playwright E2E Tests	Set up job	2026-02-14T15:45:15.9260650Z Version: 20260209.0147.2
Playwright E2E Tests	Set up job	2026-02-14T15:45:15.9261350Z Included Software: https://github.com/actions/runner-images/blob/macos-15-arm64/20260209.0147/images/macos/macos-15-arm64-Readme.md
Playwright E2E Tests	Set up job	2026-02-14T15:45:15.9262540Z Image Release: https://github.com/actions/runner-images/releases/tag/macos-15-arm64%2F20260209.0147
Playwright E2E Tests	Set up job	2026-02-14T15:45:15.9263150Z ##[endgroup]
Playwright E2E Tests	Set up job	2026-02-14T15:45:15.9265780Z ##[group]GITHUB_TOKEN Permissions
Playwright E2E Tests	Set up job	2026-02-14T15:45:15.9267510Z Contents: read
Playwright E2E Tests	Set up job	2026-02-14T15:45:15.9267940Z Metadata: read
Playwright E2E Tests	Set up job	2026-02-14T15:45:15.9268250Z Packages: read
Playwright E2E Tests	Set up job	2026-02-14T15:45:15.9268580Z ##[endgroup]
Playwright E2E Tests	Set up job	2026-02-14T15:45:15.9270320Z Secret source: Actions
Playwright E2E Tests	Set up job	2026-02-14T15:45:15.9270740Z Prepare workflow directory
Playwright E2E Tests	Set up job	2026-02-14T15:45:15.9823610Z Prepare all required actions
Playwright E2E Tests	Set up job	2026-02-14T15:45:15.9867400Z Getting action download info
Playwright E2E Tests	Set up job	2026-02-14T15:45:16.4831690Z Download action repository 'actions/checkout@v4' (SHA:34e114876b0b11c390a56381ad16ebd13914f8d5)
Playwright E2E Tests	Set up job	2026-02-14T15:45:17.0295710Z Download action repository 'actions/setup-node@v4' (SHA:49933ea5288caeca8642d1e84afbd3f7d6820020)
Playwright E2E Tests	Set up job	2026-02-14T15:45:17.2695960Z Download action repository 'actions/upload-artifact@v4' (SHA:ea165f8d65b6e75b540449e92b4886f43607fa02)
Playwright E2E Tests	Set up job	2026-02-14T15:45:17.6323750Z Complete job name: Playwright E2E Tests
Playwright E2E Tests	Checkout repository	ï»¿2026-02-14T15:45:17.6928160Z ##[group]Run actions/checkout@v4
Playwright E2E Tests	Checkout repository	2026-02-14T15:45:17.6928910Z with:
Playwright E2E Tests	Checkout repository	2026-02-14T15:45:17.6929230Z   repository: anicolao/uptime
Playwright E2E Tests	Checkout repository	2026-02-14T15:45:17.6929840Z   token: ***
Playwright E2E Tests	Checkout repository	2026-02-14T15:45:17.6930130Z   ssh-strict: true
Playwright E2E Tests	Checkout repository	2026-02-14T15:45:17.6930430Z   ssh-user: git
Playwright E2E Tests	Checkout repository	2026-02-14T15:45:17.6930730Z   persist-credentials: true
Playwright E2E Tests	Checkout repository	2026-02-14T15:45:17.6931060Z   clean: true
Playwright E2E Tests	Checkout repository	2026-02-14T15:45:17.6931360Z   sparse-checkout-cone-mode: true
Playwright E2E Tests	Checkout repository	2026-02-14T15:45:17.6931710Z   fetch-depth: 1
Playwright E2E Tests	Checkout repository	2026-02-14T15:45:17.6932000Z   fetch-tags: false
Playwright E2E Tests	Checkout repository	2026-02-14T15:45:17.6932300Z   show-progress: true
Playwright E2E Tests	Checkout repository	2026-02-14T15:45:17.6932600Z   lfs: false
Playwright E2E Tests	Checkout repository	2026-02-14T15:45:17.6932890Z   submodules: false
Playwright E2E Tests	Checkout repository	2026-02-14T15:45:17.6933190Z   set-safe-directory: true
Playwright E2E Tests	Checkout repository	2026-02-14T15:45:17.6933720Z ##[endgroup]
Playwright E2E Tests	Checkout repository	2026-02-14T15:45:18.3227630Z Syncing repository: anicolao/uptime
Playwright E2E Tests	Checkout repository	2026-02-14T15:45:18.3259890Z ##[group]Getting Git version info
Playwright E2E Tests	Checkout repository	2026-02-14T15:45:18.3261410Z Working directory is '/Users/runner/work/uptime/uptime'
Playwright E2E Tests	Checkout repository	2026-02-14T15:45:18.3262730Z [command]/opt/homebrew/bin/git version
Playwright E2E Tests	Checkout repository	2026-02-14T15:45:18.3816960Z git version 2.52.0
Playwright E2E Tests	Checkout repository	2026-02-14T15:45:18.3861770Z ##[endgroup]
Playwright E2E Tests	Checkout repository	2026-02-14T15:45:18.3874920Z Copying '/Users/runner/.gitconfig' to '/Users/runner/work/_temp/30832bad-5307-4ec2-b570-e03ded296a53/.gitconfig'
Playwright E2E Tests	Checkout repository	2026-02-14T15:45:18.3878050Z Temporarily overriding HOME='/Users/runner/work/_temp/30832bad-5307-4ec2-b570-e03ded296a53' before making global git config changes
Playwright E2E Tests	Checkout repository	2026-02-14T15:45:18.3880620Z Adding repository directory to the temporary git global config as a safe directory
Playwright E2E Tests	Checkout repository	2026-02-14T15:45:18.3882920Z [command]/opt/homebrew/bin/git config --global --add safe.directory /Users/runner/work/uptime/uptime
Playwright E2E Tests	Checkout repository	2026-02-14T15:45:18.4002040Z Deleting the contents of '/Users/runner/work/uptime/uptime'
Playwright E2E Tests	Checkout repository	2026-02-14T15:45:18.4006330Z ##[group]Initializing the repository
Playwright E2E Tests	Checkout repository	2026-02-14T15:45:18.4011960Z [command]/opt/homebrew/bin/git init /Users/runner/work/uptime/uptime
Playwright E2E Tests	Checkout repository	2026-02-14T15:45:18.4475390Z hint: Using 'master' as the name for the initial branch. This default branch name
Playwright E2E Tests	Checkout repository	2026-02-14T15:45:18.4476790Z hint: will change to "main" in Git 3.0. To configure the initial branch name
Playwright E2E Tests	Checkout repository	2026-02-14T15:45:18.4477690Z hint: to use in all of your new repositories, which will suppress this warning,
Playwright E2E Tests	Checkout repository	2026-02-14T15:45:18.4478370Z hint: call:
Playwright E2E Tests	Checkout repository	2026-02-14T15:45:18.4478910Z hint:
Playwright E2E Tests	Checkout repository	2026-02-14T15:45:18.4479750Z hint: 	git config --global init.defaultBranch <name>
Playwright E2E Tests	Checkout repository	2026-02-14T15:45:18.4480270Z hint:
Playwright E2E Tests	Checkout repository	2026-02-14T15:45:18.4480710Z hint: Names commonly chosen instead of 'master' are 'main', 'trunk' and
Playwright E2E Tests	Checkout repository	2026-02-14T15:45:18.4481380Z hint: 'development'. The just-created branch can be renamed via this command:
Playwright E2E Tests	Checkout repository	2026-02-14T15:45:18.4481900Z hint:
Playwright E2E Tests	Checkout repository	2026-02-14T15:45:18.4482210Z hint: 	git branch -m <name>
Playwright E2E Tests	Checkout repository	2026-02-14T15:45:18.4482590Z hint:
Playwright E2E Tests	Checkout repository	2026-02-14T15:45:18.4483020Z hint: Disable this message with "git config set advice.defaultBranchName false"
Playwright E2E Tests	Checkout repository	2026-02-14T15:45:18.4483700Z Initialized empty Git repository in /Users/runner/work/uptime/uptime/.git/
Playwright E2E Tests	Checkout repository	2026-02-14T15:45:18.4537600Z [command]/opt/homebrew/bin/git remote add origin https://github.com/anicolao/uptime
Playwright E2E Tests	Checkout repository	2026-02-14T15:45:18.4806670Z ##[endgroup]
Playwright E2E Tests	Checkout repository	2026-02-14T15:45:18.4808860Z ##[group]Disabling automatic garbage collection
Playwright E2E Tests	Checkout repository	2026-02-14T15:45:18.4836410Z [command]/opt/homebrew/bin/git config --local gc.auto 0
Playwright E2E Tests	Checkout repository	2026-02-14T15:45:18.4959830Z ##[endgroup]
Playwright E2E Tests	Checkout repository	2026-02-14T15:45:18.4960520Z ##[group]Setting up auth
Playwright E2E Tests	Checkout repository	2026-02-14T15:45:18.4961090Z [command]/opt/homebrew/bin/git config --local --name-only --get-regexp core\.sshCommand
Playwright E2E Tests	Checkout repository	2026-02-14T15:45:18.5041580Z [command]/opt/homebrew/bin/git submodule foreach --recursive sh -c "git config --local --name-only --get-regexp 'core\.sshCommand' && git config --local --unset-all 'core.sshCommand' || :"
Playwright E2E Tests	Checkout repository	2026-02-14T15:45:18.7515680Z [command]/opt/homebrew/bin/git config --local --name-only --get-regexp http\.https\:\/\/github\.com\/\.extraheader
Playwright E2E Tests	Checkout repository	2026-02-14T15:45:18.7681780Z [command]/opt/homebrew/bin/git submodule foreach --recursive sh -c "git config --local --name-only --get-regexp 'http\.https\:\/\/github\.com\/\.extraheader' && git config --local --unset-all 'http.https://github.com/.extraheader' || :"
Playwright E2E Tests	Checkout repository	2026-02-14T15:45:18.9178530Z [command]/opt/homebrew/bin/git config --local --name-only --get-regexp ^includeIf\.gitdir:
Playwright E2E Tests	Checkout repository	2026-02-14T15:45:18.9488210Z [command]/opt/homebrew/bin/git submodule foreach --recursive git config --local --show-origin --name-only --get-regexp remote.origin.url
Playwright E2E Tests	Checkout repository	2026-02-14T15:45:19.0199560Z [command]/opt/homebrew/bin/git config --local http.https://github.com/.extraheader AUTHORIZATION: basic ***
Playwright E2E Tests	Checkout repository	2026-02-14T15:45:19.0435110Z ##[endgroup]
Playwright E2E Tests	Checkout repository	2026-02-14T15:45:19.0436130Z ##[group]Fetching the repository
Playwright E2E Tests	Checkout repository	2026-02-14T15:45:19.0437350Z [command]/opt/homebrew/bin/git -c protocol.version=2 fetch --no-tags --prune --no-recurse-submodules --depth=1 origin +2e60e61a9e66323afd9df0f666278e049702c966:refs/remotes/pull/3/merge
Playwright E2E Tests	Checkout repository	2026-02-14T15:45:19.5626940Z From https://github.com/anicolao/uptime
Playwright E2E Tests	Checkout repository	2026-02-14T15:45:19.5739770Z  * [new ref]         2e60e61a9e66323afd9df0f666278e049702c966 -> pull/3/merge
Playwright E2E Tests	Checkout repository	2026-02-14T15:45:19.5939790Z ##[endgroup]
Playwright E2E Tests	Checkout repository	2026-02-14T15:45:19.5941330Z ##[group]Determining the checkout info
Playwright E2E Tests	Checkout repository	2026-02-14T15:45:19.5942600Z ##[endgroup]
Playwright E2E Tests	Checkout repository	2026-02-14T15:45:19.5943900Z [command]/opt/homebrew/bin/git sparse-checkout disable
Playwright E2E Tests	Checkout repository	2026-02-14T15:45:19.5988010Z [command]/opt/homebrew/bin/git config --local --unset-all extensions.worktreeConfig
Playwright E2E Tests	Checkout repository	2026-02-14T15:45:19.6062150Z ##[group]Checking out the ref
Playwright E2E Tests	Checkout repository	2026-02-14T15:45:19.6063640Z [command]/opt/homebrew/bin/git checkout --progress --force refs/remotes/pull/3/merge
Playwright E2E Tests	Checkout repository	2026-02-14T15:45:19.6237680Z HEAD is now at 2e60e61 Merge 399772bd499543f472652b17a011455a74daafc1 into ebe489a41031b180ee38319bee7b7f28adc01db7
Playwright E2E Tests	Checkout repository	2026-02-14T15:45:19.6250530Z ##[endgroup]
Playwright E2E Tests	Checkout repository	2026-02-14T15:45:19.6392150Z [command]/opt/homebrew/bin/git log -1 --format=%H
Playwright E2E Tests	Checkout repository	2026-02-14T15:45:19.6466040Z 2e60e61a9e66323afd9df0f666278e049702c966
Playwright E2E Tests	Setup Node.js	ï»¿2026-02-14T15:45:19.6841760Z ##[group]Run actions/setup-node@v4
Playwright E2E Tests	Setup Node.js	2026-02-14T15:45:19.6842720Z with:
Playwright E2E Tests	Setup Node.js	2026-02-14T15:45:19.6843710Z   node-version: 20
Playwright E2E Tests	Setup Node.js	2026-02-14T15:45:19.6847270Z   cache: npm
Playwright E2E Tests	Setup Node.js	2026-02-14T15:45:19.6849570Z   always-auth: false
Playwright E2E Tests	Setup Node.js	2026-02-14T15:45:19.6856660Z   check-latest: false
Playwright E2E Tests	Setup Node.js	2026-02-14T15:45:19.6864200Z   token: ***
Playwright E2E Tests	Setup Node.js	2026-02-14T15:45:19.6865970Z ##[endgroup]
Playwright E2E Tests	Setup Node.js	2026-02-14T15:45:20.0489340Z Found in cache @ /Users/runner/hostedtoolcache/node/20.20.0/arm64
Playwright E2E Tests	Setup Node.js	2026-02-14T15:45:20.0576680Z ##[group]Environment details
Playwright E2E Tests	Setup Node.js	2026-02-14T15:45:20.9044260Z node: v20.20.0
Playwright E2E Tests	Setup Node.js	2026-02-14T15:45:20.9045630Z npm: 10.8.2
Playwright E2E Tests	Setup Node.js	2026-02-14T15:45:20.9046480Z yarn: 1.22.22
Playwright E2E Tests	Setup Node.js	2026-02-14T15:45:20.9048500Z ##[endgroup]
Playwright E2E Tests	Setup Node.js	2026-02-14T15:45:20.9089340Z [command]/Users/runner/hostedtoolcache/node/20.20.0/arm64/bin/npm config get cache
Playwright E2E Tests	Setup Node.js	2026-02-14T15:45:21.2309740Z /Users/runner/.npm
Playwright E2E Tests	Setup Node.js	2026-02-14T15:45:21.6581960Z npm cache is not found
Playwright E2E Tests	Install dependencies	ï»¿2026-02-14T15:45:21.6839620Z ##[group]Run npm ci
Playwright E2E Tests	Install dependencies	2026-02-14T15:45:21.6840000Z [36;1mnpm ci[0m
Playwright E2E Tests	Install dependencies	2026-02-14T15:45:21.6900360Z shell: /bin/bash -e {0}
Playwright E2E Tests	Install dependencies	2026-02-14T15:45:21.6900710Z ##[endgroup]
Playwright E2E Tests	Install dependencies	2026-02-14T15:45:29.0839470Z npm warn deprecated node-domexception@1.0.0: Use your platform's native DOMException instead
Playwright E2E Tests	Install dependencies	2026-02-14T15:45:32.9021180Z npm warn deprecated glob@10.5.0: Old versions of glob are not supported, and contain widely publicized security vulnerabilities, which have been fixed in the current version. Please update. Support for old versions may be purchased (at exorbitant rates) by contacting i@izs.me
Playwright E2E Tests	Install dependencies	2026-02-14T15:45:33.1032200Z npm warn deprecated json-ptr@3.1.1: Package no longer supported. Contact Support at https://www.npmjs.com/support for more info.
Playwright E2E Tests	Install dependencies	2026-02-14T15:45:43.7241670Z 
Playwright E2E Tests	Install dependencies	2026-02-14T15:45:43.7353040Z > uptime-retry@0.0.1 prepare
Playwright E2E Tests	Install dependencies	2026-02-14T15:45:43.7456250Z > svelte-kit sync || echo ''
Playwright E2E Tests	Install dependencies	2026-02-14T15:45:43.7562320Z 
Playwright E2E Tests	Install dependencies	2026-02-14T15:45:44.9686140Z 
Playwright E2E Tests	Install dependencies	2026-02-14T15:45:44.9687570Z added 843 packages, and audited 844 packages in 23s
Playwright E2E Tests	Install dependencies	2026-02-14T15:45:44.9688850Z 
Playwright E2E Tests	Install dependencies	2026-02-14T15:45:44.9719360Z 100 packages are looking for funding
Playwright E2E Tests	Install dependencies	2026-02-14T15:45:44.9723950Z   run `npm fund` for details
Playwright E2E Tests	Install dependencies	2026-02-14T15:45:44.9951170Z 
Playwright E2E Tests	Install dependencies	2026-02-14T15:45:45.0003100Z 3 low severity vulnerabilities
Playwright E2E Tests	Install dependencies	2026-02-14T15:45:45.0010800Z 
Playwright E2E Tests	Install dependencies	2026-02-14T15:45:45.0036760Z To address all issues (including breaking changes), run:
Playwright E2E Tests	Install dependencies	2026-02-14T15:45:45.0038420Z   npm audit fix --force
Playwright E2E Tests	Install dependencies	2026-02-14T15:45:45.0045220Z 
Playwright E2E Tests	Install dependencies	2026-02-14T15:45:45.0068360Z Run `npm audit` for details.
Playwright E2E Tests	Install Playwright browsers	ï»¿2026-02-14T15:45:45.0410200Z ##[group]Run npx playwright install --with-deps chromium
Playwright E2E Tests	Install Playwright browsers	2026-02-14T15:45:45.0411060Z [36;1mnpx playwright install --with-deps chromium[0m
Playwright E2E Tests	Install Playwright browsers	2026-02-14T15:45:45.0502300Z shell: /bin/bash -e {0}
Playwright E2E Tests	Install Playwright browsers	2026-02-14T15:45:45.0502610Z ##[endgroup]
Playwright E2E Tests	Install Playwright browsers	2026-02-14T15:45:46.5474670Z Downloading Chrome for Testing 145.0.7632.6 (playwright chromium v1208) from https://cdn.playwright.dev/builds/cft/145.0.7632.6/mac-arm64/chrome-mac-arm64.zip
Playwright E2E Tests	Install Playwright browsers	2026-02-14T15:45:46.8427210Z |                                                                                |   0% of 162.3 MiB
Playwright E2E Tests	Install Playwright browsers	2026-02-14T15:45:47.1283470Z |â– â– â– â– â– â– â– â–                                                                         |  10% of 162.3 MiB
Playwright E2E Tests	Install Playwright browsers	2026-02-14T15:45:47.4200470Z |â– â– â– â– â– â– â– â– â– â– â– â– â– â– â– â–                                                                 |  20% of 162.3 MiB
Playwright E2E Tests	Install Playwright browsers	2026-02-14T15:45:47.6323240Z |â– â– â– â– â– â– â– â– â– â– â– â– â– â– â– â– â– â– â– â– â– â– â– â–                                                         |  30% of 162.3 MiB
Playwright E2E Tests	Install Playwright browsers	2026-02-14T15:45:47.8588940Z |â– â– â– â– â– â– â– â– â– â– â– â– â– â– â– â– â– â– â– â– â– â– â– â– â– â– â– â– â– â– â– â–                                                 |  40% of 162.3 MiB
Playwright E2E Tests	Install Playwright browsers	2026-02-14T15:45:48.0575430Z |â– â– â– â– â– â– â– â– â– â– â– â– â– â– â– â– â– â– â– â– â– â– â– â– â– â– â– â– â– â– â– â– â– â– â– â– â– â– â– â–                                         |  50% of 162.3 MiB
Playwright E2E Tests	Install Playwright browsers	2026-02-14T15:45:48.2704250Z |â– â– â– â– â– â– â– â– â– â– â– â– â– â– â– â– â– â– â– â– â– â– â– â– â– â– â– â– â– â– â– â– â– â– â– â– â– â– â– â– â– â– â– â– â– â– â– â–                                 |  60% of 162.3 MiB
Playwright E2E Tests	Install Playwright browsers	2026-02-14T15:45:48.4355420Z |â– â– â– â– â– â– â– â– â– â– â– â– â– â– â– â– â– â– â– â– â– â– â– â– â– â– â– â– â– â– â– â– â– â– â– â– â– â– â– â– â– â– â– â– â– â– â– â– â– â– â– â– â– â– â– â–                         |  70% of 162.3 MiB
Playwright E2E Tests	Install Playwright browsers	2026-02-14T15:45:48.6433550Z |â– â– â– â– â– â– â– â– â– â– â– â– â– â– â– â– â– â– â– â– â– â– â– â– â– â– â– â– â– â– â– â– â– â– â– â– â– â– â– â– â– â– â– â– â– â– â– â– â– â– â– â– â– â– â– â– â– â– â– â– â– â– â– â–                 |  80% of 162.3 MiB
Playwright E2E Tests	Install Playwright browsers	2026-02-14T15:45:48.7863520Z |â– â– â– â– â– â– â– â– â– â– â– â– â– â– â– â– â– â– â– â– â– â– â– â– â– â– â– â– â– â– â– â– â– â– â– â– â– â– â– â– â– â– â– â– â– â– â– â– â– â– â– â– â– â– â– â– â– â– â– â– â– â– â– â– â– â– â– â– â– â– â– â–         |  90% of 162.3 MiB
Playwright E2E Tests	Install Playwright browsers	2026-02-14T15:45:48.9038730Z |â– â– â– â– â– â– â– â– â– â– â– â– â– â– â– â– â– â– â– â– â– â– â– â– â– â– â– â– â– â– â– â– â– â– â– â– â– â– â– â– â– â– â– â– â– â– â– â– â– â– â– â– â– â– â– â– â– â– â– â– â– â– â– â– â– â– â– â– â– â– â– â– â– â– â– â– â– â– â– â– | 100% of 162.3 MiB
Playwright E2E Tests	Install Playwright browsers	2026-02-14T15:45:51.5666940Z Chrome for Testing 145.0.7632.6 (playwright chromium v1208) downloaded to /Users/runner/Library/Caches/ms-playwright/chromium-1208
Playwright E2E Tests	Install Playwright browsers	2026-02-14T15:45:51.5770220Z Downloading FFmpeg (playwright ffmpeg v1011) from https://cdn.playwright.dev/dbazure/download/playwright/builds/ffmpeg/1011/ffmpeg-mac-arm64.zip
Playwright E2E Tests	Install Playwright browsers	2026-02-14T15:45:51.8432980Z |                                                                                |   1% of 1 MiB
Playwright E2E Tests	Install Playwright browsers	2026-02-14T15:45:51.9041710Z |â– â– â– â– â– â– â– â–                                                                         |  10% of 1 MiB
Playwright E2E Tests	Install Playwright browsers	2026-02-14T15:45:51.9446360Z |â– â– â– â– â– â– â– â– â– â– â– â– â– â– â– â–                                                                 |  21% of 1 MiB
Playwright E2E Tests	Install Playwright browsers	2026-02-14T15:45:51.9687610Z |â– â– â– â– â– â– â– â– â– â– â– â– â– â– â– â– â– â– â– â– â– â– â– â–                                                         |  30% of 1 MiB
Playwright E2E Tests	Install Playwright browsers	2026-02-14T15:45:51.9891270Z |â– â– â– â– â– â– â– â– â– â– â– â– â– â– â– â– â– â– â– â– â– â– â– â– â– â– â– â– â– â– â– â–                                                 |  40% of 1 MiB
Playwright E2E Tests	Install Playwright browsers	2026-02-14T15:45:51.9993180Z |â– â– â– â– â– â– â– â– â– â– â– â– â– â– â– â– â– â– â– â– â– â– â– â– â– â– â– â– â– â– â– â– â– â– â– â– â– â– â– â–                                         |  51% of 1 MiB
Playwright E2E Tests	Install Playwright browsers	2026-02-14T15:45:52.0095360Z |â– â– â– â– â– â– â– â– â– â– â– â– â– â– â– â– â– â– â– â– â– â– â– â– â– â– â– â– â– â– â– â– â– â– â– â– â– â– â– â– â– â– â– â– â– â– â– â–                                 |  60% of 1 MiB
Playwright E2E Tests	Install Playwright browsers	2026-02-14T15:45:52.0195890Z |â– â– â– â– â– â– â– â– â– â– â– â– â– â– â– â– â– â– â– â– â– â– â– â– â– â– â– â– â– â– â– â– â– â– â– â– â– â– â– â– â– â– â– â– â– â– â– â– â– â– â– â– â– â– â– â–                         |  71% of 1 MiB
Playwright E2E Tests	Install Playwright browsers	2026-02-14T15:45:52.0296640Z |â– â– â– â– â– â– â– â– â– â– â– â– â– â– â– â– â– â– â– â– â– â– â– â– â– â– â– â– â– â– â– â– â– â– â– â– â– â– â– â– â– â– â– â– â– â– â– â– â– â– â– â– â– â– â– â– â– â– â– â– â– â– â– â–                 |  80% of 1 MiB
Playwright E2E Tests	Install Playwright browsers	2026-02-14T15:45:52.0398320Z |â– â– â– â– â– â– â– â– â– â– â– â– â– â– â– â– â– â– â– â– â– â– â– â– â– â– â– â– â– â– â– â– â– â– â– â– â– â– â– â– â– â– â– â– â– â– â– â– â– â– â– â– â– â– â– â– â– â– â– â– â– â– â– â– â– â– â– â– â– â– â– â–         |  90% of 1 MiB
Playwright E2E Tests	Install Playwright browsers	2026-02-14T15:45:52.0498850Z |â– â– â– â– â– â– â– â– â– â– â– â– â– â– â– â– â– â– â– â– â– â– â– â– â– â– â– â– â– â– â– â– â– â– â– â– â– â– â– â– â– â– â– â– â– â– â– â– â– â– â– â– â– â– â– â– â– â– â– â– â– â– â– â– â– â– â– â– â– â– â– â– â– â– â– â– â– â– â– â– | 100% of 1 MiB
Playwright E2E Tests	Install Playwright browsers	2026-02-14T15:45:52.0801590Z FFmpeg (playwright ffmpeg v1011) downloaded to /Users/runner/Library/Caches/ms-playwright/ffmpeg-1011
Playwright E2E Tests	Install Playwright browsers	2026-02-14T15:45:52.0902310Z Downloading Chrome Headless Shell 145.0.7632.6 (playwright chromium-headless-shell v1208) from https://cdn.playwright.dev/builds/cft/145.0.7632.6/mac-arm64/chrome-headless-shell-mac-arm64.zip
Playwright E2E Tests	Install Playwright browsers	2026-02-14T15:45:52.2747460Z |                                                                                |   0% of 91.1 MiB
Playwright E2E Tests	Install Playwright browsers	2026-02-14T15:45:52.3756200Z |â– â– â– â– â– â– â– â–                                                                         |  10% of 91.1 MiB
Playwright E2E Tests	Install Playwright browsers	2026-02-14T15:45:52.4261290Z |â– â– â– â– â– â– â– â– â– â– â– â– â– â– â– â–                                                                 |  20% of 91.1 MiB
Playwright E2E Tests	Install Playwright browsers	2026-02-14T15:45:52.5397370Z |â– â– â– â– â– â– â– â– â– â– â– â– â– â– â– â– â– â– â– â– â– â– â– â–                                                         |  30% of 91.1 MiB
Playwright E2E Tests	Install Playwright browsers	2026-02-14T15:45:52.6099940Z |â– â– â– â– â– â– â– â– â– â– â– â– â– â– â– â– â– â– â– â– â– â– â– â– â– â– â– â– â– â– â– â–                                                 |  40% of 91.1 MiB
Playwright E2E Tests	Install Playwright browsers	2026-02-14T15:45:52.6704070Z |â– â– â– â– â– â– â– â– â– â– â– â– â– â– â– â– â– â– â– â– â– â– â– â– â– â– â– â– â– â– â– â– â– â– â– â– â– â– â– â–                                         |  50% of 91.1 MiB
Playwright E2E Tests	Install Playwright browsers	2026-02-14T15:45:52.7209060Z |â– â– â– â– â– â– â– â– â– â– â– â– â– â– â– â– â– â– â– â– â– â– â– â– â– â– â– â– â– â– â– â– â– â– â– â– â– â– â– â– â– â– â– â– â– â– â– â–                                 |  60% of 91.1 MiB
Playwright E2E Tests	Install Playwright browsers	2026-02-14T15:45:52.7824820Z |â– â– â– â– â– â– â– â– â– â– â– â– â– â– â– â– â– â– â– â– â– â– â– â– â– â– â– â– â– â– â– â– â– â– â– â– â– â– â– â– â– â– â– â– â– â– â– â– â– â– â– â– â– â– â– â–                         |  70% of 91.1 MiB
Playwright E2E Tests	Install Playwright browsers	2026-02-14T15:45:52.8637640Z |â– â– â– â– â– â– â– â– â– â– â– â– â– â– â– â– â– â– â– â– â– â– â– â– â– â– â– â– â– â– â– â– â– â– â– â– â– â– â– â– â– â– â– â– â– â– â– â– â– â– â– â– â– â– â– â– â– â– â– â– â– â– â– â–                 |  80% of 91.1 MiB
Playwright E2E Tests	Install Playwright browsers	2026-02-14T15:45:52.9040730Z |â– â– â– â– â– â– â– â– â– â– â– â– â– â– â– â– â– â– â– â– â– â– â– â– â– â– â– â– â– â– â– â– â– â– â– â– â– â– â– â– â– â– â– â– â– â– â– â– â– â– â– â– â– â– â– â– â– â– â– â– â– â– â– â– â– â– â– â– â– â– â– â–         |  90% of 91.1 MiB
Playwright E2E Tests	Install Playwright browsers	2026-02-14T15:45:52.9725070Z |â– â– â– â– â– â– â– â– â– â– â– â– â– â– â– â– â– â– â– â– â– â– â– â– â– â– â– â– â– â– â– â– â– â– â– â– â– â– â– â– â– â– â– â– â– â– â– â– â– â– â– â– â– â– â– â– â– â– â– â– â– â– â– â– â– â– â– â– â– â– â– â– â– â– â– â– â– â– â– â– | 100% of 91.1 MiB
Playwright E2E Tests	Install Playwright browsers	2026-02-14T15:45:54.2954610Z Chrome Headless Shell 145.0.7632.6 (playwright chromium-headless-shell v1208) downloaded to /Users/runner/Library/Caches/ms-playwright/chromium_headless_shell-1208
Playwright E2E Tests	Run Playwright tests	ï»¿2026-02-14T15:45:54.3495010Z ##[group]Run npm run test:e2e
Playwright E2E Tests	Run Playwright tests	2026-02-14T15:45:54.3495430Z [36;1mnpm run test:e2e[0m
Playwright E2E Tests	Run Playwright tests	2026-02-14T15:45:54.3548340Z shell: /bin/bash -e {0}
Playwright E2E Tests	Run Playwright tests	2026-02-14T15:45:54.3548620Z env:
Playwright E2E Tests	Run Playwright tests	2026-02-14T15:45:54.3548830Z   CI: true
Playwright E2E Tests	Run Playwright tests	2026-02-14T15:45:54.3549000Z   VITE_FIREBASE_API_KEY: dummy
Playwright E2E Tests	Run Playwright tests	2026-02-14T15:45:54.3549220Z   VITE_FIREBASE_AUTH_DOMAIN: dummy
Playwright E2E Tests	Run Playwright tests	2026-02-14T15:45:54.3549410Z   VITE_FIREBASE_PROJECT_ID: dummy
Playwright E2E Tests	Run Playwright tests	2026-02-14T15:45:54.3549680Z   VITE_FIREBASE_STORAGE_BUCKET: dummy
Playwright E2E Tests	Run Playwright tests	2026-02-14T15:45:54.3549950Z   VITE_FIREBASE_MESSAGING_SENDER_ID: dummy
Playwright E2E Tests	Run Playwright tests	2026-02-14T15:45:54.3550250Z   VITE_FIREBASE_APP_ID: dummy
Playwright E2E Tests	Run Playwright tests	2026-02-14T15:45:54.3550550Z   VITE_FIREBASE_DATABASE_URL: dummy
Playwright E2E Tests	Run Playwright tests	2026-02-14T15:45:54.3551290Z ##[endgroup]
Playwright E2E Tests	Run Playwright tests	2026-02-14T15:45:54.6085600Z 
Playwright E2E Tests	Run Playwright tests	2026-02-14T15:45:54.6187110Z > uptime-retry@0.0.1 test:e2e
Playwright E2E Tests	Run Playwright tests	2026-02-14T15:45:54.6289450Z > playwright test
Playwright E2E Tests	Run Playwright tests	2026-02-14T15:45:54.6390330Z 
Playwright E2E Tests	Run Playwright tests	2026-02-14T15:45:56.7521090Z [WebServer] 
Playwright E2E Tests	Run Playwright tests	2026-02-14T15:45:56.7552970Z [WebServer] > uptime-retry@0.0.1 build
Playwright E2E Tests	Run Playwright tests	2026-02-14T15:45:56.7600470Z [WebServer] > vite build
Playwright E2E Tests	Run Playwright tests	2026-02-14T15:45:56.7630910Z [WebServer] 
Playwright E2E Tests	Run Playwright tests	2026-02-14T15:45:57.6228430Z [WebServer] [36mvite v7.3.1 [32mbuilding ssr environment for production...[36m[39m
Playwright E2E Tests	Run Playwright tests	2026-02-14T15:45:57.6516960Z [WebServer] transforming...
Playwright E2E Tests	Run Playwright tests	2026-02-14T15:45:58.5484900Z [WebServer] [32mâœ“[39m 199 modules transformed.
Playwright E2E Tests	Run Playwright tests	2026-02-14T15:45:58.6495210Z [WebServer] rendering chunks...
Playwright E2E Tests	Run Playwright tests	2026-02-14T15:45:59.0723570Z [WebServer] [36mvite v7.3.1 [32mbuilding client environment for production...[36m[39m
Playwright E2E Tests	Run Playwright tests	2026-02-14T15:45:59.0779890Z [WebServer] transforming...
Playwright E2E Tests	Run Playwright tests	2026-02-14T15:46:00.8480970Z [WebServer] [32mâœ“[39m 180 modules transformed.
Playwright E2E Tests	Run Playwright tests	2026-02-14T15:46:01.0217160Z [WebServer] rendering chunks...
Playwright E2E Tests	Run Playwright tests	2026-02-14T15:46:01.1825800Z [WebServer] computing gzip size...
Playwright E2E Tests	Run Playwright tests	2026-02-14T15:46:01.2049330Z [WebServer] [2m.svelte-kit/output/client/[22m[32m_app/version.json                       [39m[1m[2m  0.03 kB[22m[1m[22m[2m â”‚ gzip:   0.05 kB[22m
Playwright E2E Tests	Run Playwright tests	2026-02-14T15:46:01.2154340Z [WebServer] [2m.svelte-kit/output/client/[22m[32m.vite/manifest.json                     [39m[1m[2m  5.80 kB[22m[1m[22m[2m â”‚ gzip:   0.95 kB[22m
Playwright E2E Tests	Run Playwright tests	2026-02-14T15:46:01.2257110Z [WebServer] [2m.svelte-kit/output/client/[22m[35m_app/immutable/assets/3.CQoVvBMX.css    [39m[1m[2m  0.17 kB[22m[1m[22m[2m â”‚ gzip:   0.14 kB[22m
Playwright E2E Tests	Run Playwright tests	2026-02-14T15:46:01.2368580Z [WebServer] [2m.svelte-kit/output/client/[22m[35m_app/immutable/assets/0.TPte27Iz.css    [39m[1m[2m  0.64 kB[22m[1m[22m[2m â”‚ gzip:   0.32 kB[22m
Playwright E2E Tests	Run Playwright tests	2026-02-14T15:46:01.2471200Z [WebServer] [2m.svelte-kit/output/client/[22m[36m_app/immutable/chunks/BPiD1hcC.js       [39m[1m[2m  0.04 kB[22m[1m[22m[2m â”‚ gzip:   0.06 kB[22m
Playwright E2E Tests	Run Playwright tests	2026-02-14T15:46:01.2580510Z [WebServer] [2m.svelte-kit/output/client/[22m[36m_app/immutable/entry/start.D7Gj9FOI.js  [39m[1m[2m  0.08 kB[22m[1m[22m[2m â”‚ gzip:   0.09 kB[22m
Playwright E2E Tests	Run Playwright tests	2026-02-14T15:46:01.2683110Z [WebServer] [2m.svelte-kit/output/client/[22m[36m_app/immutable/chunks/BbrUCXdD.js       [39m[1m[2m  0.11 kB[22m[1m[22m[2m â”‚ gzip:   0.10 kB[22m
Playwright E2E Tests	Run Playwright tests	2026-02-14T15:46:01.2786190Z [WebServer] [2m.svelte-kit/output/client/[22m[36m_app/immutable/nodes/4.Cyofs1MD.js      [39m[1m[2m  0.27 kB[22m[1m[22m[2m â”‚ gzip:   0.22 kB[22m
Playwright E2E Tests	Run Playwright tests	2026-02-14T15:46:01.2889040Z [WebServer] [2m.svelte-kit/output/client/[22m[36m_app/immutable/chunks/UTeDDKfQ.js       [39m[1m[2m  0.32 kB[22m[1m[22m[2m â”‚ gzip:   0.25 kB[22m
Playwright E2E Tests	Run Playwright tests	2026-02-14T15:46:01.2991590Z [WebServer] [2m.svelte-kit/output/client/[22m[36m_app/immutable/nodes/2.YrLW_f4P.js      [39m[1m[2m  0.33 kB[22m[1m[22m[2m â”‚ gzip:   0.24 kB[22m
Playwright E2E Tests	Run Playwright tests	2026-02-14T15:46:01.3095170Z [WebServer] [2m.svelte-kit/output/client/[22m[36m_app/immutable/chunks/DNBQGm1E.js       [39m[1m[2m  0.51 kB[22m[1m[22m[2m â”‚ gzip:   0.33 kB[22m
Playwright E2E Tests	Run Playwright tests	2026-02-14T15:46:01.3203480Z [WebServer] [2m.svelte-kit/output/client/[22m[36m_app/immutable/nodes/1.xqMAbtB8.js      [39m[1m[2m  0.59 kB[22m[1m[22m[2m â”‚ gzip:   0.36 kB[22m
Playwright E2E Tests	Run Playwright tests	2026-02-14T15:46:01.3339230Z [WebServer] [2m.svelte-kit/output/client/[22m[36m_app/immutable/chunks/kYzkGnY2.js       [39m[1m[2m  0.62 kB[22m[1m[22m[2m â”‚ gzip:   0.39 kB[22m
Playwright E2E Tests	Run Playwright tests	2026-02-14T15:46:01.3466960Z [WebServer] [2m.svelte-kit/output/client/[22m[36m_app/immutable/chunks/B_eQUnVT.js       [39m[1m[2m  1.22 kB[22m[1m[22m[2m â”‚ gzip:   0.70 kB[22m
Playwright E2E Tests	Run Playwright tests	2026-02-14T15:46:01.3468520Z [WebServer] [2m.svelte-kit/output/client/[22m[36m_app/immutable/chunks/PPVm8Dsz.js       [39m[1m[2m  1.23 kB[22m[1m[22m[2m â”‚ gzip:   0.71 kB[22m
Playwright E2E Tests	Run Playwright tests	2026-02-14T15:46:01.3578570Z [WebServer] [2m.svelte-kit/output/client/[22m[36m_app/immutable/chunks/CZUGDX72.js       [39m[1m[2m  1.28 kB[22m[1m[22m[2m â”‚ gzip:   0.75 kB[22m
Playwright E2E Tests	Run Playwright tests	2026-02-14T15:46:01.3731510Z [WebServer] [2m.svelte-kit/output/client/[22m[36m_app/immutable/chunks/3eObdkcm.js       [39m[1m[2m  1.67 kB[22m[1m[22m[2m â”‚ gzip:   0.91 kB[22m
Playwright E2E Tests	Run Playwright tests	2026-02-14T15:46:01.3833990Z [WebServer] [2m.svelte-kit/output/client/[22m[36m_app/immutable/nodes/0.CCTMbnr5.js      [39m[1m[2m  2.25 kB[22m[1m[22m[2m â”‚ gzip:   1.12 kB[22m
Playwright E2E Tests	Run Playwright tests	2026-02-14T15:46:01.3936460Z [WebServer] [2m.svelte-kit/output/client/[22m[36m_app/immutable/nodes/3.DDWOupRn.js      [39m[1m[2m  2.26 kB[22m[1m[22m[2m â”‚ gzip:   1.17 kB[22m
Playwright E2E Tests	Run Playwright tests	2026-02-14T15:46:01.4038710Z [WebServer] [2m.svelte-kit/output/client/[22m[36m_app/immutable/chunks/CcnYMLF9.js       [39m[1m[2m  2.44 kB[22m[1m[22m[2m â”‚ gzip:   1.16 kB[22m
Playwright E2E Tests	Run Playwright tests	2026-02-14T15:46:01.4134920Z [WebServer] [2m.svelte-kit/output/client/[22m[36m_app/immutable/chunks/CeyBpTG0.js       [39m[1m[2m  4.98 kB[22m[1m[22m[2m â”‚ gzip:   2.23 kB[22m
Playwright E2E Tests	Run Playwright tests	2026-02-14T15:46:01.4238510Z [WebServer] [2m.svelte-kit/output/client/[22m[36m_app/immutable/entry/app.CGENrZ9k.js    [39m[1m[2m  5.92 kB[22m[1m[22m[2m â”‚ gzip:   2.66 kB[22m
Playwright E2E Tests	Run Playwright tests	2026-02-14T15:46:01.4340940Z [WebServer] [2m.svelte-kit/output/client/[22m[36m_app/immutable/chunks/BVoyW1jO.js       [39m[1m[2m 22.19 kB[22m[1m[22m[2m â”‚ gzip:   8.80 kB[22m
Playwright E2E Tests	Run Playwright tests	2026-02-14T15:46:01.4446200Z [WebServer] [2m.svelte-kit/output/client/[22m[36m_app/immutable/chunks/cOJ_cqyr.js       [39m[1m[2m 25.75 kB[22m[1m[22m[2m â”‚ gzip:  10.12 kB[22m
Playwright E2E Tests	Run Playwright tests	2026-02-14T15:46:01.4581740Z [WebServer] [2m.svelte-kit/output/client/[22m[36m_app/immutable/chunks/D7Cp3lZ_.js       [39m[1m[2m 37.30 kB[22m[1m[22m[2m â”‚ gzip:  12.75 kB[22m
Playwright E2E Tests	Run Playwright tests	2026-02-14T15:46:01.4692270Z [WebServer] [2m.svelte-kit/output/client/[22m[36m_app/immutable/chunks/DxCFdnk1.js       [39m[1m[2m128.97 kB[22m[1m[22m[2m â”‚ gzip:  36.70 kB[22m
Playwright E2E Tests	Run Playwright tests	2026-02-14T15:46:01.4800370Z [WebServer] [2m.svelte-kit/output/client/[22m[36m_app/immutable/chunks/BHA2BFeU.js       [39m[1m[2m150.70 kB[22m[1m[22m[2m â”‚ gzip:  45.00 kB[22m
Playwright E2E Tests	Run Playwright tests	2026-02-14T15:46:01.4898900Z [WebServer] [2m.svelte-kit/output/client/[22m[36m_app/immutable/chunks/Dkl77Sa9.js       [39m[1m[2m354.38 kB[22m[1m[22m[2m â”‚ gzip: 108.02 kB[22m
Playwright E2E Tests	Run Playwright tests	2026-02-14T15:46:01.5000290Z [WebServer] [32mâœ“ built in 2.12s[39m
Playwright E2E Tests	Run Playwright tests	2026-02-14T15:46:01.7424320Z [WebServer] [2m.svelte-kit/output/server/[22m[32m.vite/manifest.json                         [39m[1m[2m  3.84 kB[22m[1m[22m
Playwright E2E Tests	Run Playwright tests	2026-02-14T15:46:01.7531100Z [WebServer] [2m.svelte-kit/output/server/[22m[35m_app/immutable/assets/_page.CQoVvBMX.css    [39m[1m[2m  0.17 kB[22m[1m[22m
Playwright E2E Tests	Run Playwright tests	2026-02-14T15:46:01.7630340Z [WebServer] [2m.svelte-kit/output/server/[22m[35m_app/immutable/assets/_layout.TPte27Iz.css  [39m[1m[2m  0.64 kB[22m[1m[22m
Playwright E2E Tests	Run Playwright tests	2026-02-14T15:46:01.7730690Z [WebServer] [2m.svelte-kit/output/server/[22m[36mentries/pages/_layout.ts.js                 [39m[1m[2m  0.07 kB[22m[1m[22m
Playwright E2E Tests	Run Playwright tests	2026-02-14T15:46:01.7833460Z [WebServer] [2m.svelte-kit/output/server/[22m[36mentries/pages/dashboard/_page.svelte.js     [39m[1m[2m  0.18 kB[22m[1m[22m
Playwright E2E Tests	Run Playwright tests	2026-02-14T15:46:01.7934280Z [WebServer] [2m.svelte-kit/output/server/[22m[36mchunks/environment.js                       [39m[1m[2m  0.19 kB[22m[1m[22m
Playwright E2E Tests	Run Playwright tests	2026-02-14T15:46:01.7994830Z [WebServer] [2m.svelte-kit/output/server/[22m[36mentries/pages/_page.svelte.js               [39m[1m[2m  0.23 kB[22m[1m[22m
Playwright E2E Tests	Run Playwright tests	2026-02-14T15:46:01.8101000Z [WebServer] [2m.svelte-kit/output/server/[22m[36minternal.js                                 [39m[1m[2m  0.38 kB[22m[1m[22m
Playwright E2E Tests	Run Playwright tests	2026-02-14T15:46:01.8112050Z [WebServer] [2m.svelte-kit/output/server/[22m[36mchunks/server.js                            [39m[1m[2m  0.49 kB[22m[1m[22m
Playwright E2E Tests	Run Playwright tests	2026-02-14T15:46:01.8114980Z [WebServer] [2m.svelte-kit/output/server/[22m[36mchunks/escaping.js                          [39m[1m[2m  0.53 kB[22m[1m[22m
Playwright E2E Tests	Run Playwright tests	2026-02-14T15:46:01.8118330Z [WebServer] [2m.svelte-kit/output/server/[22m[36mentries/pages/admin/_page.svelte.js         [39m[1m[2m  0.90 kB[22m[1m[22m
Playwright E2E Tests	Run Playwright tests	2026-02-14T15:46:01.8124860Z [WebServer] [2m.svelte-kit/output/server/[22m[36mchunks/utils.js                             [39m[1m[2m  1.15 kB[22m[1m[22m
Playwright E2E Tests	Run Playwright tests	2026-02-14T15:46:01.8140460Z [WebServer] [2m.svelte-kit/output/server/[22m[36mentries/fallbacks/error.svelte.js           [39m[1m[2m  1.40 kB[22m[1m[22m
Playwright E2E Tests	Run Playwright tests	2026-02-14T15:46:01.8151270Z [WebServer] [2m.svelte-kit/output/server/[22m[36mchunks/index.js                             [39m[1m[2m  1.43 kB[22m[1m[22m
Playwright E2E Tests	Run Playwright tests	2026-02-14T15:46:01.8156940Z [WebServer] [2m.svelte-kit/output/server/[22m[36mentries/pages/_layout.svelte.js             [39m[1m[2m  2.34 kB[22m[1m[22m
Playwright E2E Tests	Run Playwright tests	2026-02-14T15:46:01.8158420Z [WebServer] [2m.svelte-kit/output/server/[22m[36mchunks/context.js                           [39m[1m[2m  2.45 kB[22m[1m[22m
Playwright E2E Tests	Run Playwright tests	2026-02-14T15:46:01.8159750Z [WebServer] [2m.svelte-kit/output/server/[22m[36mchunks/attributes.js                        [39m[1m[2m  4.42 kB[22m[1m[22m
Playwright E2E Tests	Run Playwright tests	2026-02-14T15:46:01.8161110Z [WebServer] [2m.svelte-kit/output/server/[22m[36mchunks/exports.js                           [39m[1m[2m  5.59 kB[22m[1m[22m
Playwright E2E Tests	Run Playwright tests	2026-02-14T15:46:01.8162370Z [WebServer] [2m.svelte-kit/output/server/[22m[36mremote-entry.js                             [39m[1m[2m 19.00 kB[22m[1m[22m
Playwright E2E Tests	Run Playwright tests	2026-02-14T15:46:01.8163980Z [WebServer] [2m.svelte-kit/output/server/[22m[36mchunks/shared.js                            [39m[1m[2m 25.96 kB[22m[1m[22m
Playwright E2E Tests	Run Playwright tests	2026-02-14T15:46:01.8166160Z [WebServer] [2m.svelte-kit/output/server/[22m[36mchunks/internal.js                          [39m[1m[2m 29.42 kB[22m[1m[22m
Playwright E2E Tests	Run Playwright tests	2026-02-14T15:46:01.8169790Z [WebServer] [2m.svelte-kit/output/server/[22m[36mchunks/index2.js                            [39m[1m[2m 76.20 kB[22m[1m[22m
Playwright E2E Tests	Run Playwright tests	2026-02-14T15:46:01.8171830Z [WebServer] [2m.svelte-kit/output/server/[22m[36mindex.js                                    [39m[1m[2m123.05 kB[22m[1m[22m
Playwright E2E Tests	Run Playwright tests	2026-02-14T15:46:01.8172650Z [WebServer] [32mâœ“ built in 4.09s[39m
Playwright E2E Tests	Run Playwright tests	2026-02-14T15:46:01.8172950Z [WebServer] 
Playwright E2E Tests	Run Playwright tests	2026-02-14T15:46:01.8173500Z [WebServer] Run [1m[36mnpm run preview[22m[39m to preview your production build locally.
Playwright E2E Tests	Run Playwright tests	2026-02-14T15:46:01.8174060Z [WebServer] [1m[36m
Playwright E2E Tests	Run Playwright tests	2026-02-14T15:46:01.8174460Z [WebServer] > Using @sveltejs/adapter-static[22m[39m
Playwright E2E Tests	Run Playwright tests	2026-02-14T15:46:02.3718150Z [WebServer]   Wrote site to "build"
Playwright E2E Tests	Run Playwright tests	2026-02-14T15:46:02.3820660Z [WebServer]   [32mâœ” done[39m
Playwright E2E Tests	Run Playwright tests	2026-02-14T15:46:02.7549020Z [WebServer] 
Playwright E2E Tests	Run Playwright tests	2026-02-14T15:46:02.7649030Z [WebServer] > uptime-retry@0.0.1 preview
Playwright E2E Tests	Run Playwright tests	2026-02-14T15:46:02.7751260Z [WebServer] > vite preview --port 5173
Playwright E2E Tests	Run Playwright tests	2026-02-14T15:46:02.7852250Z [WebServer] 
Playwright E2E Tests	Run Playwright tests	2026-02-14T15:46:03.6869460Z [WebServer]   [32mâžœ[39m  [1mLocal[22m:   [36mhttp://localhost:[1m5173[22m/[39m
Playwright E2E Tests	Run Playwright tests	2026-02-14T15:46:03.6876950Z [WebServer] [2m  [32mâžœ[39m  [1mNetwork[22m[2m: use [22m[1m--host[22m[2m to expose[22m
Playwright E2E Tests	Run Playwright tests	2026-02-14T15:46:05.0420660Z 
Playwright E2E Tests	Run Playwright tests	2026-02-14T15:46:05.0522360Z Running 3 tests using 1 worker
Playwright E2E Tests	Run Playwright tests	2026-02-14T15:52:55.7178830Z Ã—Ã—FÃ—Ã—TÃ—Ã—F
Playwright E2E Tests	Run Playwright tests	2026-02-14T15:52:55.7184000Z 
Playwright E2E Tests	Run Playwright tests	2026-02-14T15:52:55.7195840Z   1) [chromium] â€º tests/e2e/001-scaffolding/001-scaffolding.spec.ts:4:1 â€º App Scaffolding Verification 
Playwright E2E Tests	Run Playwright tests	2026-02-14T15:52:55.7198580Z 
Playwright E2E Tests	Run Playwright tests	2026-02-14T15:52:55.7200190Z     Error: [2mexpect([22m[31mpage[39m[2m).[22mtoHaveScreenshot[2m([22m[32mexpected[39m[2m)[22m failed
Playwright E2E Tests	Run Playwright tests	2026-02-14T15:52:55.7203130Z 
Playwright E2E Tests	Run Playwright tests	2026-02-14T15:52:55.7203600Z       11351 pixels (ratio 0.02 of all image pixels) are different.
Playwright E2E Tests	Run Playwright tests	2026-02-14T15:52:55.7215450Z 
Playwright E2E Tests	Run Playwright tests	2026-02-14T15:52:55.7215620Z       Snapshot: home-page.png
Playwright E2E Tests	Run Playwright tests	2026-02-14T15:52:55.7215740Z 
Playwright E2E Tests	Run Playwright tests	2026-02-14T15:52:55.7217410Z     Call log:
Playwright E2E Tests	Run Playwright tests	2026-02-14T15:52:55.7218430Z     [2m  - Expect "toHaveScreenshot(home-page.png)" with timeout 10000ms[22m
Playwright E2E Tests	Run Playwright tests	2026-02-14T15:52:55.7222590Z     [2m    - verifying given screenshot expectation[22m
Playwright E2E Tests	Run Playwright tests	2026-02-14T15:52:55.7224630Z     [2m  - taking page screenshot[22m
Playwright E2E Tests	Run Playwright tests	2026-02-14T15:52:55.7226730Z     [2m    - disabled all CSS animations[22m
Playwright E2E Tests	Run Playwright tests	2026-02-14T15:52:55.7227620Z     [2m  - waiting for fonts to load...[22m
Playwright E2E Tests	Run Playwright tests	2026-02-14T15:52:55.7229310Z     [2m  - fonts loaded[22m
Playwright E2E Tests	Run Playwright tests	2026-02-14T15:52:55.7229950Z     [2m  - 11351 pixels (ratio 0.02 of all image pixels) are different.[22m
Playwright E2E Tests	Run Playwright tests	2026-02-14T15:52:55.7230840Z     [2m  - waiting 100ms before taking screenshot[22m
Playwright E2E Tests	Run Playwright tests	2026-02-14T15:52:55.7231210Z     [2m  - taking page screenshot[22m
Playwright E2E Tests	Run Playwright tests	2026-02-14T15:52:55.7231700Z     [2m    - disabled all CSS animations[22m
Playwright E2E Tests	Run Playwright tests	2026-02-14T15:52:55.7232230Z     [2m  - waiting for fonts to load...[22m
Playwright E2E Tests	Run Playwright tests	2026-02-14T15:52:55.7234390Z     [2m  - fonts loaded[22m
Playwright E2E Tests	Run Playwright tests	2026-02-14T15:52:55.7234870Z     [2m  - captured a stable screenshot[22m
Playwright E2E Tests	Run Playwright tests	2026-02-14T15:52:55.7235560Z     [2m  - 11351 pixels (ratio 0.02 of all image pixels) are different.[22m
Playwright E2E Tests	Run Playwright tests	2026-02-14T15:52:55.7237420Z 
Playwright E2E Tests	Run Playwright tests	2026-02-14T15:52:55.7237430Z 
Playwright E2E Tests	Run Playwright tests	2026-02-14T15:52:55.7237860Z        at helpers/test-step-helper.ts:35
Playwright E2E Tests	Run Playwright tests	2026-02-14T15:52:55.7238020Z 
Playwright E2E Tests	Run Playwright tests	2026-02-14T15:52:55.7238210Z       33 |
Playwright E2E Tests	Run Playwright tests	2026-02-14T15:52:55.7238490Z       34 |         // Visual Snapshot
Playwright E2E Tests	Run Playwright tests	2026-02-14T15:52:55.7238980Z     > 35 |         await expect(this.page).toHaveScreenshot(`${name}.png`);
Playwright E2E Tests	Run Playwright tests	2026-02-14T15:52:55.7239360Z          |                                 ^
Playwright E2E Tests	Run Playwright tests	2026-02-14T15:52:55.7239810Z       36 |
Playwright E2E Tests	Run Playwright tests	2026-02-14T15:52:55.7242020Z       37 |         // Verifications
Playwright E2E Tests	Run Playwright tests	2026-02-14T15:52:55.7242550Z       38 |         for (const v of config.verifications) {
Playwright E2E Tests	Run Playwright tests	2026-02-14T15:52:55.7243420Z         at TestStepHelper.step (/Users/runner/work/uptime/uptime/tests/e2e/helpers/test-step-helper.ts:35:33)
Playwright E2E Tests	Run Playwright tests	2026-02-14T15:52:55.7245630Z         at /Users/runner/work/uptime/uptime/tests/e2e/001-scaffolding/001-scaffolding.spec.ts:10:5
Playwright E2E Tests	Run Playwright tests	2026-02-14T15:52:55.7245930Z 
Playwright E2E Tests	Run Playwright tests	2026-02-14T15:52:55.7249870Z     attachment #1: home-page (image/png) â”€â”€â”€â”€â”€â”€â”€â”€â”€â”€â”€â”€â”€â”€â”€â”€â”€â”€â”€â”€â”€â”€â”€â”€â”€â”€â”€â”€â”€â”€â”€â”€â”€â”€â”€â”€â”€â”€â”€â”€â”€â”€â”€â”€â”€â”€â”€â”€â”€â”€â”€â”€â”€â”€â”€â”€â”€â”€â”€
Playwright E2E Tests	Run Playwright tests	2026-02-14T15:52:55.7260050Z     Expected: tests/e2e/001-scaffolding/screenshots/home-page.png
Playwright E2E Tests	Run Playwright tests	2026-02-14T15:52:55.7261120Z     Received: test-results/001-scaffolding-001-scaffolding-App-Scaffolding-Verification-chromium/home-page-actual.png
Playwright E2E Tests	Run Playwright tests	2026-02-14T15:52:55.7262370Z     Diff:     test-results/001-scaffolding-001-scaffolding-App-Scaffolding-Verification-chromium/home-page-diff.png
Playwright E2E Tests	Run Playwright tests	2026-02-14T15:52:55.7264370Z     â”€â”€â”€â”€â”€â”€â”€â”€â”€â”€â”€â”€â”€â”€â”€â”€â”€â”€â”€â”€â”€â”€â”€â”€â”€â”€â”€â”€â”€â”€â”€â”€â”€â”€â”€â”€â”€â”€â”€â”€â”€â”€â”€â”€â”€â”€â”€â”€â”€â”€â”€â”€â”€â”€â”€â”€â”€â”€â”€â”€â”€â”€â”€â”€â”€â”€â”€â”€â”€â”€â”€â”€â”€â”€â”€â”€â”€â”€â”€â”€â”€â”€â”€â”€â”€â”€â”€â”€â”€â”€â”€â”€â”€â”€â”€â”€
Playwright E2E Tests	Run Playwright tests	2026-02-14T15:52:55.7264600Z 
Playwright E2E Tests	Run Playwright tests	2026-02-14T15:52:55.7265160Z     Error Context: test-results/001-scaffolding-001-scaffolding-App-Scaffolding-Verification-chromium/error-context.md
Playwright E2E Tests	Run Playwright tests	2026-02-14T15:52:55.7265680Z 
Playwright E2E Tests	Run Playwright tests	2026-02-14T15:52:55.7266020Z     Retry #1 â”€â”€â”€â”€â”€â”€â”€â”€â”€â”€â”€â”€â”€â”€â”€â”€â”€â”€â”€â”€â”€â”€â”€â”€â”€â”€â”€â”€â”€â”€â”€â”€â”€â”€â”€â”€â”€â”€â”€â”€â”€â”€â”€â”€â”€â”€â”€â”€â”€â”€â”€â”€â”€â”€â”€â”€â”€â”€â”€â”€â”€â”€â”€â”€â”€â”€â”€â”€â”€â”€â”€â”€â”€â”€â”€â”€â”€â”€â”€â”€â”€â”€â”€â”€â”€â”€â”€
Playwright E2E Tests	Run Playwright tests	2026-02-14T15:52:55.7266570Z 
Playwright E2E Tests	Run Playwright tests	2026-02-14T15:52:55.7267050Z     Error: [2mexpect([22m[31mpage[39m[2m).[22mtoHaveScreenshot[2m([22m[32mexpected[39m[2m)[22m failed
Playwright E2E Tests	Run Playwright tests	2026-02-14T15:52:55.7267380Z 
Playwright E2E Tests	Run Playwright tests	2026-02-14T15:52:55.7267800Z       11351 pixels (ratio 0.02 of all image pixels) are different.
Playwright E2E Tests	Run Playwright tests	2026-02-14T15:52:55.7268220Z 
Playwright E2E Tests	Run Playwright tests	2026-02-14T15:52:55.7268290Z       Snapshot: home-page.png
Playwright E2E Tests	Run Playwright tests	2026-02-14T15:52:55.7268650Z 
Playwright E2E Tests	Run Playwright tests	2026-02-14T15:52:55.7268930Z     Call log:
Playwright E2E Tests	Run Playwright tests	2026-02-14T15:52:55.7271330Z     [2m  - Expect "toHaveScreenshot(home-page.png)" with timeout 10000ms[22m
Playwright E2E Tests	Run Playwright tests	2026-02-14T15:52:55.7271910Z     [2m    - verifying given screenshot expectation[22m
Playwright E2E Tests	Run Playwright tests	2026-02-14T15:52:55.7272760Z     [2m  - taking page screenshot[22m
Playwright E2E Tests	Run Playwright tests	2026-02-14T15:52:55.7273460Z     [2m    - disabled all CSS animations[22m
Playwright E2E Tests	Run Playwright tests	2026-02-14T15:52:55.7275710Z     [2m  - waiting for fonts to load...[22m
Playwright E2E Tests	Run Playwright tests	2026-02-14T15:52:55.7276750Z     [2m  - fonts loaded[22m
Playwright E2E Tests	Run Playwright tests	2026-02-14T15:52:55.7278230Z     [2m  - 11351 pixels (ratio 0.02 of all image pixels) are different.[22m
Playwright E2E Tests	Run Playwright tests	2026-02-14T15:52:55.7279530Z     [2m  - waiting 100ms before taking screenshot[22m
Playwright E2E Tests	Run Playwright tests	2026-02-14T15:52:55.7280050Z     [2m  - taking page screenshot[22m
Playwright E2E Tests	Run Playwright tests	2026-02-14T15:52:55.7280780Z     [2m    - disabled all CSS animations[22m
Playwright E2E Tests	Run Playwright tests	2026-02-14T15:52:55.7281140Z     [2m  - waiting for fonts to load...[22m
Playwright E2E Tests	Run Playwright tests	2026-02-14T15:52:55.7281940Z     [2m  - fonts loaded[22m
Playwright E2E Tests	Run Playwright tests	2026-02-14T15:52:55.7284020Z     [2m  - captured a stable screenshot[22m
Playwright E2E Tests	Run Playwright tests	2026-02-14T15:52:55.7284500Z     [2m  - 11351 pixels (ratio 0.02 of all image pixels) are different.[22m
Playwright E2E Tests	Run Playwright tests	2026-02-14T15:52:55.7286370Z 
Playwright E2E Tests	Run Playwright tests	2026-02-14T15:52:55.7286370Z 
Playwright E2E Tests	Run Playwright tests	2026-02-14T15:52:55.7286510Z        at helpers/test-step-helper.ts:35
Playwright E2E Tests	Run Playwright tests	2026-02-14T15:52:55.7286940Z 
Playwright E2E Tests	Run Playwright tests	2026-02-14T15:52:55.7287240Z       33 |
Playwright E2E Tests	Run Playwright tests	2026-02-14T15:52:55.7288970Z       34 |         // Visual Snapshot
Playwright E2E Tests	Run Playwright tests	2026-02-14T15:52:55.7289590Z     > 35 |         await expect(this.page).toHaveScreenshot(`${name}.png`);
Playwright E2E Tests	Run Playwright tests	2026-02-14T15:52:55.7290190Z          |                                 ^
Playwright E2E Tests	Run Playwright tests	2026-02-14T15:52:55.7290710Z       36 |
Playwright E2E Tests	Run Playwright tests	2026-02-14T15:52:55.7290990Z       37 |         // Verifications
Playwright E2E Tests	Run Playwright tests	2026-02-14T15:52:55.7292060Z       38 |         for (const v of config.verifications) {
Playwright E2E Tests	Run Playwright tests	2026-02-14T15:52:55.7295930Z         at TestStepHelper.step (/Users/runner/work/uptime/uptime/tests/e2e/helpers/test-step-helper.ts:35:33)
Playwright E2E Tests	Run Playwright tests	2026-02-14T15:52:55.7297350Z         at /Users/runner/work/uptime/uptime/tests/e2e/001-scaffolding/001-scaffolding.spec.ts:10:5
Playwright E2E Tests	Run Playwright tests	2026-02-14T15:52:55.7297800Z 
Playwright E2E Tests	Run Playwright tests	2026-02-14T15:52:55.7298170Z     attachment #1: home-page (image/png) â”€â”€â”€â”€â”€â”€â”€â”€â”€â”€â”€â”€â”€â”€â”€â”€â”€â”€â”€â”€â”€â”€â”€â”€â”€â”€â”€â”€â”€â”€â”€â”€â”€â”€â”€â”€â”€â”€â”€â”€â”€â”€â”€â”€â”€â”€â”€â”€â”€â”€â”€â”€â”€â”€â”€â”€â”€â”€â”€
Playwright E2E Tests	Run Playwright tests	2026-02-14T15:52:55.7300660Z     Expected: tests/e2e/001-scaffolding/screenshots/home-page.png
Playwright E2E Tests	Run Playwright tests	2026-02-14T15:52:55.7302440Z     Received: test-results/001-scaffolding-001-scaffolding-App-Scaffolding-Verification-chromium-retry1/home-page-actual.png
Playwright E2E Tests	Run Playwright tests	2026-02-14T15:52:55.7305690Z     Diff:     test-results/001-scaffolding-001-scaffolding-App-Scaffolding-Verification-chromium-retry1/home-page-diff.png
Playwright E2E Tests	Run Playwright tests	2026-02-14T15:52:55.7306750Z     â”€â”€â”€â”€â”€â”€â”€â”€â”€â”€â”€â”€â”€â”€â”€â”€â”€â”€â”€â”€â”€â”€â”€â”€â”€â”€â”€â”€â”€â”€â”€â”€â”€â”€â”€â”€â”€â”€â”€â”€â”€â”€â”€â”€â”€â”€â”€â”€â”€â”€â”€â”€â”€â”€â”€â”€â”€â”€â”€â”€â”€â”€â”€â”€â”€â”€â”€â”€â”€â”€â”€â”€â”€â”€â”€â”€â”€â”€â”€â”€â”€â”€â”€â”€â”€â”€â”€â”€â”€â”€â”€â”€â”€â”€â”€â”€
Playwright E2E Tests	Run Playwright tests	2026-02-14T15:52:55.7307050Z 
Playwright E2E Tests	Run Playwright tests	2026-02-14T15:52:55.7309890Z     Error Context: test-results/001-scaffolding-001-scaffolding-App-Scaffolding-Verification-chromium-retry1/error-context.md
Playwright E2E Tests	Run Playwright tests	2026-02-14T15:52:55.7310560Z 
Playwright E2E Tests	Run Playwright tests	2026-02-14T15:52:55.7311200Z     attachment #3: trace (application/zip) â”€â”€â”€â”€â”€â”€â”€â”€â”€â”€â”€â”€â”€â”€â”€â”€â”€â”€â”€â”€â”€â”€â”€â”€â”€â”€â”€â”€â”€â”€â”€â”€â”€â”€â”€â”€â”€â”€â”€â”€â”€â”€â”€â”€â”€â”€â”€â”€â”€â”€â”€â”€â”€â”€â”€â”€â”€
Playwright E2E Tests	Run Playwright tests	2026-02-14T15:52:55.7315930Z     test-results/001-scaffolding-001-scaffolding-App-Scaffolding-Verification-chromium-retry1/trace.zip
Playwright E2E Tests	Run Playwright tests	2026-02-14T15:52:55.7318310Z     Usage:
Playwright E2E Tests	Run Playwright tests	2026-02-14T15:52:55.7320330Z 
Playwright E2E Tests	Run Playwright tests	2026-02-14T15:52:55.7320830Z         npx playwright show-trace test-results/001-scaffolding-001-scaffolding-App-Scaffolding-Verification-chromium-retry1/trace.zip
Playwright E2E Tests	Run Playwright tests	2026-02-14T15:52:55.7321620Z 
Playwright E2E Tests	Run Playwright tests	2026-02-14T15:52:55.7322750Z     â”€â”€â”€â”€â”€â”€â”€â”€â”€â”€â”€â”€â”€â”€â”€â”€â”€â”€â”€â”€â”€â”€â”€â”€â”€â”€â”€â”€â”€â”€â”€â”€â”€â”€â”€â”€â”€â”€â”€â”€â”€â”€â”€â”€â”€â”€â”€â”€â”€â”€â”€â”€â”€â”€â”€â”€â”€â”€â”€â”€â”€â”€â”€â”€â”€â”€â”€â”€â”€â”€â”€â”€â”€â”€â”€â”€â”€â”€â”€â”€â”€â”€â”€â”€â”€â”€â”€â”€â”€â”€â”€â”€â”€â”€â”€â”€
Playwright E2E Tests	Run Playwright tests	2026-02-14T15:52:55.7323020Z 
Playwright E2E Tests	Run Playwright tests	2026-02-14T15:52:55.7325290Z     Retry #2 â”€â”€â”€â”€â”€â”€â”€â”€â”€â”€â”€â”€â”€â”€â”€â”€â”€â”€â”€â”€â”€â”€â”€â”€â”€â”€â”€â”€â”€â”€â”€â”€â”€â”€â”€â”€â”€â”€â”€â”€â”€â”€â”€â”€â”€â”€â”€â”€â”€â”€â”€â”€â”€â”€â”€â”€â”€â”€â”€â”€â”€â”€â”€â”€â”€â”€â”€â”€â”€â”€â”€â”€â”€â”€â”€â”€â”€â”€â”€â”€â”€â”€â”€â”€â”€â”€â”€
Playwright E2E Tests	Run Playwright tests	2026-02-14T15:52:55.7325800Z 
Playwright E2E Tests	Run Playwright tests	2026-02-14T15:52:55.7327040Z     Error: [2mexpect([22m[31mpage[39m[2m).[22mtoHaveScreenshot[2m([22m[32mexpected[39m[2m)[22m failed
Playwright E2E Tests	Run Playwright tests	2026-02-14T15:52:55.7327360Z 
Playwright E2E Tests	Run Playwright tests	2026-02-14T15:52:55.7328320Z       11351 pixels (ratio 0.02 of all image pixels) are different.
Playwright E2E Tests	Run Playwright tests	2026-02-14T15:52:55.7330760Z 
Playwright E2E Tests	Run Playwright tests	2026-02-14T15:52:55.7330890Z       Snapshot: home-page.png
Playwright E2E Tests	Run Playwright tests	2026-02-14T15:52:55.7331250Z 
Playwright E2E Tests	Run Playwright tests	2026-02-14T15:52:55.7333540Z     Call log:
Playwright E2E Tests	Run Playwright tests	2026-02-14T15:52:55.7345000Z     [2m  - Expect "toHaveScreenshot(home-page.png)" with timeout 10000ms[22m
Playwright E2E Tests	Run Playwright tests	2026-02-14T15:52:55.7347820Z     [2m    - verifying given screenshot expectation[22m
Playwright E2E Tests	Run Playwright tests	2026-02-14T15:52:55.7350210Z     [2m  - taking page screenshot[22m
Playwright E2E Tests	Run Playwright tests	2026-02-14T15:52:55.7352130Z     [2m    - disabled all CSS animations[22m
Playwright E2E Tests	Run Playwright tests	2026-02-14T15:52:55.7352970Z     [2m  - waiting for fonts to load...[22m
Playwright E2E Tests	Run Playwright tests	2026-02-14T15:52:55.7354800Z     [2m  - fonts loaded[22m
Playwright E2E Tests	Run Playwright tests	2026-02-14T15:52:55.7356670Z     [2m  - 11159 pixels (ratio 0.02 of all image pixels) are different.[22m
Playwright E2E Tests	Run Playwright tests	2026-02-14T15:52:55.7357170Z     [2m  - waiting 100ms before taking screenshot[22m
Playwright E2E Tests	Run Playwright tests	2026-02-14T15:52:55.7357530Z     [2m  - taking page screenshot[22m
Playwright E2E Tests	Run Playwright tests	2026-02-14T15:52:55.7359680Z     [2m    - disabled all CSS animations[22m
Playwright E2E Tests	Run Playwright tests	2026-02-14T15:52:55.7361530Z     [2m  - waiting for fonts to load...[22m
Playwright E2E Tests	Run Playwright tests	2026-02-14T15:52:55.7361870Z     [2m  - fonts loaded[22m
Playwright E2E Tests	Run Playwright tests	2026-02-14T15:52:55.7365720Z     [2m  - 192 pixels (ratio 0.01 of all image pixels) are different.[22m
Playwright E2E Tests	Run Playwright tests	2026-02-14T15:52:55.7366200Z     [2m  - waiting 250ms before taking screenshot[22m
Playwright E2E Tests	Run Playwright tests	2026-02-14T15:52:55.7368130Z     [2m  - taking page screenshot[22m
Playwright E2E Tests	Run Playwright tests	2026-02-14T15:52:55.7371520Z     [2m    - disabled all CSS animations[22m
Playwright E2E Tests	Run Playwright tests	2026-02-14T15:52:55.7373560Z     [2m  - waiting for fonts to load...[22m
Playwright E2E Tests	Run Playwright tests	2026-02-14T15:52:55.7375370Z     [2m  - fonts loaded[22m
Playwright E2E Tests	Run Playwright tests	2026-02-14T15:52:55.7375750Z     [2m  - captured a stable screenshot[22m
Playwright E2E Tests	Run Playwright tests	2026-02-14T15:52:55.7376200Z     [2m  - 11351 pixels (ratio 0.02 of all image pixels) are different.[22m
Playwright E2E Tests	Run Playwright tests	2026-02-14T15:52:55.7378640Z 
Playwright E2E Tests	Run Playwright tests	2026-02-14T15:52:55.7378650Z 
Playwright E2E Tests	Run Playwright tests	2026-02-14T15:52:55.7378760Z        at helpers/test-step-helper.ts:35
Playwright E2E Tests	Run Playwright tests	2026-02-14T15:52:55.7378960Z 
Playwright E2E Tests	Run Playwright tests	2026-02-14T15:52:55.7380520Z       33 |
Playwright E2E Tests	Run Playwright tests	2026-02-14T15:52:55.7380770Z       34 |         // Visual Snapshot
Playwright E2E Tests	Run Playwright tests	2026-02-14T15:52:55.7382700Z     > 35 |         await expect(this.page).toHaveScreenshot(`${name}.png`);
Playwright E2E Tests	Run Playwright tests	2026-02-14T15:52:55.7384580Z          |                                 ^
Playwright E2E Tests	Run Playwright tests	2026-02-14T15:52:55.7384950Z       36 |
Playwright E2E Tests	Run Playwright tests	2026-02-14T15:52:55.7385160Z       37 |         // Verifications
Playwright E2E Tests	Run Playwright tests	2026-02-14T15:52:55.7385680Z       38 |         for (const v of config.verifications) {
Playwright E2E Tests	Run Playwright tests	2026-02-14T15:52:55.7386300Z         at TestStepHelper.step (/Users/runner/work/uptime/uptime/tests/e2e/helpers/test-step-helper.ts:35:33)
Playwright E2E Tests	Run Playwright tests	2026-02-14T15:52:55.7388770Z         at /Users/runner/work/uptime/uptime/tests/e2e/001-scaffolding/001-scaffolding.spec.ts:10:5
Playwright E2E Tests	Run Playwright tests	2026-02-14T15:52:55.7389150Z 
Playwright E2E Tests	Run Playwright tests	2026-02-14T15:52:55.7389560Z     attachment #1: home-page (image/png) â”€â”€â”€â”€â”€â”€â”€â”€â”€â”€â”€â”€â”€â”€â”€â”€â”€â”€â”€â”€â”€â”€â”€â”€â”€â”€â”€â”€â”€â”€â”€â”€â”€â”€â”€â”€â”€â”€â”€â”€â”€â”€â”€â”€â”€â”€â”€â”€â”€â”€â”€â”€â”€â”€â”€â”€â”€â”€â”€
Playwright E2E Tests	Run Playwright tests	2026-02-14T15:52:55.7390130Z     Expected: tests/e2e/001-scaffolding/screenshots/home-page.png
Playwright E2E Tests	Run Playwright tests	2026-02-14T15:52:55.7392490Z     Received: test-results/001-scaffolding-001-scaffolding-App-Scaffolding-Verification-chromium-retry2/home-page-actual.png
Playwright E2E Tests	Run Playwright tests	2026-02-14T15:52:55.7393450Z     Diff:     test-results/001-scaffolding-001-scaffolding-App-Scaffolding-Verification-chromium-retry2/home-page-diff.png
Playwright E2E Tests	Run Playwright tests	2026-02-14T15:52:55.7395640Z     â”€â”€â”€â”€â”€â”€â”€â”€â”€â”€â”€â”€â”€â”€â”€â”€â”€â”€â”€â”€â”€â”€â”€â”€â”€â”€â”€â”€â”€â”€â”€â”€â”€â”€â”€â”€â”€â”€â”€â”€â”€â”€â”€â”€â”€â”€â”€â”€â”€â”€â”€â”€â”€â”€â”€â”€â”€â”€â”€â”€â”€â”€â”€â”€â”€â”€â”€â”€â”€â”€â”€â”€â”€â”€â”€â”€â”€â”€â”€â”€â”€â”€â”€â”€â”€â”€â”€â”€â”€â”€â”€â”€â”€â”€â”€â”€
Playwright E2E Tests	Run Playwright tests	2026-02-14T15:52:55.7395880Z 
Playwright E2E Tests	Run Playwright tests	2026-02-14T15:52:55.7397880Z     Error Context: test-results/001-scaffolding-001-scaffolding-App-Scaffolding-Verification-chromium-retry2/error-context.md
Playwright E2E Tests	Run Playwright tests	2026-02-14T15:52:55.7400390Z 
Playwright E2E Tests	Run Playwright tests	2026-02-14T15:52:55.7400770Z   2) [chromium] â€º tests/e2e/auth.spec.ts:4:5 â€º Authentication â€º User can sign in â”€â”€â”€â”€â”€â”€â”€â”€â”€â”€â”€â”€â”€â”€â”€â”€â”€â”€â”€
Playwright E2E Tests	Run Playwright tests	2026-02-14T15:52:55.7401120Z 
Playwright E2E Tests	Run Playwright tests	2026-02-14T15:52:55.7401580Z     [31mTest timeout of 120000ms exceeded.[39m
Playwright E2E Tests	Run Playwright tests	2026-02-14T15:52:55.7401750Z 
Playwright E2E Tests	Run Playwright tests	2026-02-14T15:52:55.7401960Z     Error: locator.click: Test timeout of 120000ms exceeded.
Playwright E2E Tests	Run Playwright tests	2026-02-14T15:52:55.7403670Z     Call log:
Playwright E2E Tests	Run Playwright tests	2026-02-14T15:52:55.7405810Z     [2m  - waiting for getByRole('button', { name: 'Sign in with Google' })[22m
Playwright E2E Tests	Run Playwright tests	2026-02-14T15:52:55.7406040Z 
Playwright E2E Tests	Run Playwright tests	2026-02-14T15:52:55.7406050Z 
Playwright E2E Tests	Run Playwright tests	2026-02-14T15:52:55.7407570Z       10 |
Playwright E2E Tests	Run Playwright tests	2026-02-14T15:52:55.7409330Z       11 |         // Click Sign In
Playwright E2E Tests	Run Playwright tests	2026-02-14T15:52:55.7411450Z     > 12 |         await page.getByRole('button', { name: 'Sign in with Google' }).click();
Playwright E2E Tests	Run Playwright tests	2026-02-14T15:52:55.7411920Z          |                                                                         ^
Playwright E2E Tests	Run Playwright tests	2026-02-14T15:52:55.7413630Z       13 |
Playwright E2E Tests	Run Playwright tests	2026-02-14T15:52:55.7413980Z       14 |         // Handle the popup
Playwright E2E Tests	Run Playwright tests	2026-02-14T15:52:55.7415920Z       15 |         const popup = await pagePromise;
Playwright E2E Tests	Run Playwright tests	2026-02-14T15:52:55.7416360Z         at /Users/runner/work/uptime/uptime/tests/e2e/auth.spec.ts:12:73
Playwright E2E Tests	Run Playwright tests	2026-02-14T15:52:55.7416900Z 
Playwright E2E Tests	Run Playwright tests	2026-02-14T15:52:55.7417200Z     Error: browserContext.waitForEvent: Test timeout of 120000ms exceeded.
Playwright E2E Tests	Run Playwright tests	2026-02-14T15:52:55.7417460Z 
Playwright E2E Tests	Run Playwright tests	2026-02-14T15:52:55.7417570Z        7 |
Playwright E2E Tests	Run Playwright tests	2026-02-14T15:52:55.7417810Z        8 |         // Setup a listener for the popup
Playwright E2E Tests	Run Playwright tests	2026-02-14T15:52:55.7420710Z     >  9 |         const pagePromise = context.waitForEvent('page');
Playwright E2E Tests	Run Playwright tests	2026-02-14T15:52:55.7422670Z          |                                     ^
Playwright E2E Tests	Run Playwright tests	2026-02-14T15:52:55.7422940Z       10 |
Playwright E2E Tests	Run Playwright tests	2026-02-14T15:52:55.7423210Z       11 |         // Click Sign In
Playwright E2E Tests	Run Playwright tests	2026-02-14T15:52:55.7425160Z       12 |         await page.getByRole('button', { name: 'Sign in with Google' }).click();
Playwright E2E Tests	Run Playwright tests	2026-02-14T15:52:55.7428670Z         at /Users/runner/work/uptime/uptime/tests/e2e/auth.spec.ts:9:37
Playwright E2E Tests	Run Playwright tests	2026-02-14T15:52:55.7430650Z 
Playwright E2E Tests	Run Playwright tests	2026-02-14T15:52:55.7431040Z     Error Context: test-results/auth-Authentication-User-can-sign-in-chromium/error-context.md
Playwright E2E Tests	Run Playwright tests	2026-02-14T15:52:55.7431340Z 
Playwright E2E Tests	Run Playwright tests	2026-02-14T15:52:55.7431880Z     Retry #1 â”€â”€â”€â”€â”€â”€â”€â”€â”€â”€â”€â”€â”€â”€â”€â”€â”€â”€â”€â”€â”€â”€â”€â”€â”€â”€â”€â”€â”€â”€â”€â”€â”€â”€â”€â”€â”€â”€â”€â”€â”€â”€â”€â”€â”€â”€â”€â”€â”€â”€â”€â”€â”€â”€â”€â”€â”€â”€â”€â”€â”€â”€â”€â”€â”€â”€â”€â”€â”€â”€â”€â”€â”€â”€â”€â”€â”€â”€â”€â”€â”€â”€â”€â”€â”€â”€â”€
Playwright E2E Tests	Run Playwright tests	2026-02-14T15:52:55.7432230Z 
Playwright E2E Tests	Run Playwright tests	2026-02-14T15:52:55.7432440Z     [31mTest timeout of 120000ms exceeded.[39m
Playwright E2E Tests	Run Playwright tests	2026-02-14T15:52:55.7435230Z 
Playwright E2E Tests	Run Playwright tests	2026-02-14T15:52:55.7435470Z     Error: locator.click: Test timeout of 120000ms exceeded.
Playwright E2E Tests	Run Playwright tests	2026-02-14T15:52:55.7435770Z     Call log:
Playwright E2E Tests	Run Playwright tests	2026-02-14T15:52:55.7437600Z     [2m  - waiting for getByRole('button', { name: 'Sign in with Google' })[22m
Playwright E2E Tests	Run Playwright tests	2026-02-14T15:52:55.7437900Z 
Playwright E2E Tests	Run Playwright tests	2026-02-14T15:52:55.7437900Z 
Playwright E2E Tests	Run Playwright tests	2026-02-14T15:52:55.7439410Z       10 |
Playwright E2E Tests	Run Playwright tests	2026-02-14T15:52:55.7441150Z       11 |         // Click Sign In
Playwright E2E Tests	Run Playwright tests	2026-02-14T15:52:55.7442830Z     > 12 |         await page.getByRole('button', { name: 'Sign in with Google' }).click();
Playwright E2E Tests	Run Playwright tests	2026-02-14T15:52:55.7443390Z          |                                                                         ^
Playwright E2E Tests	Run Playwright tests	2026-02-14T15:52:55.7445540Z       13 |
Playwright E2E Tests	Run Playwright tests	2026-02-14T15:52:55.7447370Z       14 |         // Handle the popup
Playwright E2E Tests	Run Playwright tests	2026-02-14T15:52:55.7447740Z       15 |         const popup = await pagePromise;
Playwright E2E Tests	Run Playwright tests	2026-02-14T15:52:55.7449400Z         at /Users/runner/work/uptime/uptime/tests/e2e/auth.spec.ts:12:73
Playwright E2E Tests	Run Playwright tests	2026-02-14T15:52:55.7449710Z 
Playwright E2E Tests	Run Playwright tests	2026-02-14T15:52:55.7449950Z     Error: browserContext.waitForEvent: Test timeout of 120000ms exceeded.
Playwright E2E Tests	Run Playwright tests	2026-02-14T15:52:55.7450270Z 
Playwright E2E Tests	Run Playwright tests	2026-02-14T15:52:55.7450360Z        7 |
Playwright E2E Tests	Run Playwright tests	2026-02-14T15:52:55.7451860Z        8 |         // Setup a listener for the popup
Playwright E2E Tests	Run Playwright tests	2026-02-14T15:52:55.7452280Z     >  9 |         const pagePromise = context.waitForEvent('page');
Playwright E2E Tests	Run Playwright tests	2026-02-14T15:52:55.7455230Z          |                                     ^
Playwright E2E Tests	Run Playwright tests	2026-02-14T15:52:55.7456880Z       10 |
Playwright E2E Tests	Run Playwright tests	2026-02-14T15:52:55.7458400Z       11 |         // Click Sign In
Playwright E2E Tests	Run Playwright tests	2026-02-14T15:52:55.7460450Z       12 |         await page.getByRole('button', { name: 'Sign in with Google' }).click();
Playwright E2E Tests	Run Playwright tests	2026-02-14T15:52:55.7463240Z         at /Users/runner/work/uptime/uptime/tests/e2e/auth.spec.ts:9:37
Playwright E2E Tests	Run Playwright tests	2026-02-14T15:52:55.7463540Z 
Playwright E2E Tests	Run Playwright tests	2026-02-14T15:52:55.7463900Z     Error Context: test-results/auth-Authentication-User-can-sign-in-chromium-retry1/error-context.md
Playwright E2E Tests	Run Playwright tests	2026-02-14T15:52:55.7464340Z 
Playwright E2E Tests	Run Playwright tests	2026-02-14T15:52:55.7464890Z     attachment #2: trace (application/zip) â”€â”€â”€â”€â”€â”€â”€â”€â”€â”€â”€â”€â”€â”€â”€â”€â”€â”€â”€â”€â”€â”€â”€â”€â”€â”€â”€â”€â”€â”€â”€â”€â”€â”€â”€â”€â”€â”€â”€â”€â”€â”€â”€â”€â”€â”€â”€â”€â”€â”€â”€â”€â”€â”€â”€â”€â”€
Playwright E2E Tests	Run Playwright tests	2026-02-14T15:52:55.7465510Z     test-results/auth-Authentication-User-can-sign-in-chromium-retry1/trace.zip
Playwright E2E Tests	Run Playwright tests	2026-02-14T15:52:55.7467730Z     Usage:
Playwright E2E Tests	Run Playwright tests	2026-02-14T15:52:55.7470150Z 
Playwright E2E Tests	Run Playwright tests	2026-02-14T15:52:55.7470580Z         npx playwright show-trace test-results/auth-Authentication-User-can-sign-in-chromium-retry1/trace.zip
Playwright E2E Tests	Run Playwright tests	2026-02-14T15:52:55.7470940Z 
Playwright E2E Tests	Run Playwright tests	2026-02-14T15:52:55.7471310Z     â”€â”€â”€â”€â”€â”€â”€â”€â”€â”€â”€â”€â”€â”€â”€â”€â”€â”€â”€â”€â”€â”€â”€â”€â”€â”€â”€â”€â”€â”€â”€â”€â”€â”€â”€â”€â”€â”€â”€â”€â”€â”€â”€â”€â”€â”€â”€â”€â”€â”€â”€â”€â”€â”€â”€â”€â”€â”€â”€â”€â”€â”€â”€â”€â”€â”€â”€â”€â”€â”€â”€â”€â”€â”€â”€â”€â”€â”€â”€â”€â”€â”€â”€â”€â”€â”€â”€â”€â”€â”€â”€â”€â”€â”€â”€â”€
Playwright E2E Tests	Run Playwright tests	2026-02-14T15:52:55.7471580Z 
Playwright E2E Tests	Run Playwright tests	2026-02-14T15:52:55.7471870Z     Retry #2 â”€â”€â”€â”€â”€â”€â”€â”€â”€â”€â”€â”€â”€â”€â”€â”€â”€â”€â”€â”€â”€â”€â”€â”€â”€â”€â”€â”€â”€â”€â”€â”€â”€â”€â”€â”€â”€â”€â”€â”€â”€â”€â”€â”€â”€â”€â”€â”€â”€â”€â”€â”€â”€â”€â”€â”€â”€â”€â”€â”€â”€â”€â”€â”€â”€â”€â”€â”€â”€â”€â”€â”€â”€â”€â”€â”€â”€â”€â”€â”€â”€â”€â”€â”€â”€â”€â”€
Playwright E2E Tests	Run Playwright tests	2026-02-14T15:52:55.7473970Z 
Playwright E2E Tests	Run Playwright tests	2026-02-14T15:52:55.7475610Z     [31mTest timeout of 120000ms exceeded.[39m
Playwright E2E Tests	Run Playwright tests	2026-02-14T15:52:55.7475810Z 
Playwright E2E Tests	Run Playwright tests	2026-02-14T15:52:55.7477610Z     Error: locator.click: Test timeout of 120000ms exceeded.
Playwright E2E Tests	Run Playwright tests	2026-02-14T15:52:55.7478310Z     Call log:
Playwright E2E Tests	Run Playwright tests	2026-02-14T15:52:55.7478870Z     [2m  - waiting for getByRole('button', { name: 'Sign in with Google' })[22m
Playwright E2E Tests	Run Playwright tests	2026-02-14T15:52:55.7479110Z 
Playwright E2E Tests	Run Playwright tests	2026-02-14T15:52:55.7479110Z 
Playwright E2E Tests	Run Playwright tests	2026-02-14T15:52:55.7480560Z       10 |
Playwright E2E Tests	Run Playwright tests	2026-02-14T15:52:55.7482350Z       11 |         // Click Sign In
Playwright E2E Tests	Run Playwright tests	2026-02-14T15:52:55.7482850Z     > 12 |         await page.getByRole('button', { name: 'Sign in with Google' }).click();
Playwright E2E Tests	Run Playwright tests	2026-02-14T15:52:55.7484850Z          |                                                                         ^
Playwright E2E Tests	Run Playwright tests	2026-02-14T15:52:55.7485190Z       13 |
Playwright E2E Tests	Run Playwright tests	2026-02-14T15:52:55.7485470Z       14 |         // Handle the popup
Playwright E2E Tests	Run Playwright tests	2026-02-14T15:52:55.7487300Z       15 |         const popup = await pagePromise;
Playwright E2E Tests	Run Playwright tests	2026-02-14T15:52:55.7487740Z         at /Users/runner/work/uptime/uptime/tests/e2e/auth.spec.ts:12:73
Playwright E2E Tests	Run Playwright tests	2026-02-14T15:52:55.7488040Z 
Playwright E2E Tests	Run Playwright tests	2026-02-14T15:52:55.7489780Z     Error: browserContext.waitForEvent: Test timeout of 120000ms exceeded.
Playwright E2E Tests	Run Playwright tests	2026-02-14T15:52:55.7490030Z 
Playwright E2E Tests	Run Playwright tests	2026-02-14T15:52:55.7491670Z        7 |
Playwright E2E Tests	Run Playwright tests	2026-02-14T15:52:55.7493970Z        8 |         // Setup a listener for the popup
Playwright E2E Tests	Run Playwright tests	2026-02-14T15:52:55.7494450Z     >  9 |         const pagePromise = context.waitForEvent('page');
Playwright E2E Tests	Run Playwright tests	2026-02-14T15:52:55.7494830Z          |                                     ^
Playwright E2E Tests	Run Playwright tests	2026-02-14T15:52:55.7495110Z       10 |
Playwright E2E Tests	Run Playwright tests	2026-02-14T15:52:55.7496940Z       11 |         // Click Sign In
Playwright E2E Tests	Run Playwright tests	2026-02-14T15:52:55.7499010Z       12 |         await page.getByRole('button', { name: 'Sign in with Google' }).click();
Playwright E2E Tests	Run Playwright tests	2026-02-14T15:52:55.7499550Z         at /Users/runner/work/uptime/uptime/tests/e2e/auth.spec.ts:9:37
Playwright E2E Tests	Run Playwright tests	2026-02-14T15:52:55.7499840Z 
Playwright E2E Tests	Run Playwright tests	2026-02-14T15:52:55.7500240Z     Error Context: test-results/auth-Authentication-User-can-sign-in-chromium-retry2/error-context.md
Playwright E2E Tests	Run Playwright tests	2026-02-14T15:52:55.7501060Z 
Playwright E2E Tests	Run Playwright tests	2026-02-14T15:52:55.7501580Z   3) [chromium] â€º tests/e2e/auth.spec.ts:46:5 â€º Authentication â€º Unauthenticated user sees Auth Wall 
Playwright E2E Tests	Run Playwright tests	2026-02-14T15:52:55.7501930Z 
Playwright E2E Tests	Run Playwright tests	2026-02-14T15:52:55.7502260Z     Error: [2mexpect([22m[31mlocator[39m[2m).[22mtoBeVisible[2m([22m[2m)[22m failed
Playwright E2E Tests	Run Playwright tests	2026-02-14T15:52:55.7502630Z 
Playwright E2E Tests	Run Playwright tests	2026-02-14T15:52:55.7502930Z     Locator: getByRole('heading', { name: 'Authentication Required' })
Playwright E2E Tests	Run Playwright tests	2026-02-14T15:52:55.7503390Z     Expected: visible
Playwright E2E Tests	Run Playwright tests	2026-02-14T15:52:55.7503600Z     Timeout: 10000ms
Playwright E2E Tests	Run Playwright tests	2026-02-14T15:52:55.7503890Z     Error: element(s) not found
Playwright E2E Tests	Run Playwright tests	2026-02-14T15:52:55.7504020Z 
Playwright E2E Tests	Run Playwright tests	2026-02-14T15:52:55.7504130Z     Call log:
Playwright E2E Tests	Run Playwright tests	2026-02-14T15:52:55.7504470Z     [2m  - Expect "toBeVisible" with timeout 10000ms[22m
Playwright E2E Tests	Run Playwright tests	2026-02-14T15:52:55.7505060Z     [2m  - waiting for getByRole('heading', { name: 'Authentication Required' })[22m
Playwright E2E Tests	Run Playwright tests	2026-02-14T15:52:55.7505360Z 
Playwright E2E Tests	Run Playwright tests	2026-02-14T15:52:55.7505370Z 
Playwright E2E Tests	Run Playwright tests	2026-02-14T15:52:55.7505410Z       48 |
Playwright E2E Tests	Run Playwright tests	2026-02-14T15:52:55.7505680Z       49 |         // Verify Auth Wall
Playwright E2E Tests	Run Playwright tests	2026-02-14T15:52:55.7506160Z     > 50 |         await expect(page.getByRole('heading', { name: 'Authentication Required' })).toBeVisible();
Playwright E2E Tests	Run Playwright tests	2026-02-14T15:52:55.7506720Z          |                                                                                      ^
Playwright E2E Tests	Run Playwright tests	2026-02-14T15:52:55.7507310Z       51 |         await expect(page.getByText('Please sign in to access the Uptime Monitor.')).toBeVisible();
Playwright E2E Tests	Run Playwright tests	2026-02-14T15:52:55.7507700Z       52 |
Playwright E2E Tests	Run Playwright tests	2026-02-14T15:52:55.7507960Z       53 |         // Verify Sign In Button
Playwright E2E Tests	Run Playwright tests	2026-02-14T15:52:55.7508460Z         at /Users/runner/work/uptime/uptime/tests/e2e/auth.spec.ts:50:86
Playwright E2E Tests	Run Playwright tests	2026-02-14T15:52:55.7508680Z 
Playwright E2E Tests	Run Playwright tests	2026-02-14T15:52:55.7509120Z     Error Context: test-results/auth-Authentication-Unauthenticated-user-sees-Auth-Wall-chromium/error-context.md
Playwright E2E Tests	Run Playwright tests	2026-02-14T15:52:55.7509560Z 
Playwright E2E Tests	Run Playwright tests	2026-02-14T15:52:55.7509850Z     Retry #1 â”€â”€â”€â”€â”€â”€â”€â”€â”€â”€â”€â”€â”€â”€â”€â”€â”€â”€â”€â”€â”€â”€â”€â”€â”€â”€â”€â”€â”€â”€â”€â”€â”€â”€â”€â”€â”€â”€â”€â”€â”€â”€â”€â”€â”€â”€â”€â”€â”€â”€â”€â”€â”€â”€â”€â”€â”€â”€â”€â”€â”€â”€â”€â”€â”€â”€â”€â”€â”€â”€â”€â”€â”€â”€â”€â”€â”€â”€â”€â”€â”€â”€â”€â”€â”€â”€â”€
Playwright E2E Tests	Run Playwright tests	2026-02-14T15:52:55.7510250Z 
Playwright E2E Tests	Run Playwright tests	2026-02-14T15:52:55.7510670Z     Error: [2mexpect([22m[31mlocator[39m[2m).[22mtoBeVisible[2m([22m[2m)[22m failed
Playwright E2E Tests	Run Playwright tests	2026-02-14T15:52:55.7511010Z 
Playwright E2E Tests	Run Playwright tests	2026-02-14T15:52:55.7511200Z     Locator: getByRole('heading', { name: 'Authentication Required' })
Playwright E2E Tests	Run Playwright tests	2026-02-14T15:52:55.7512170Z     Expected: visible
Playwright E2E Tests	Run Playwright tests	2026-02-14T15:52:55.7512410Z     Timeout: 10000ms
Playwright E2E Tests	Run Playwright tests	2026-02-14T15:52:55.7512640Z     Error: element(s) not found
Playwright E2E Tests	Run Playwright tests	2026-02-14T15:52:55.7512850Z 
Playwright E2E Tests	Run Playwright tests	2026-02-14T15:52:55.7512900Z     Call log:
Playwright E2E Tests	Run Playwright tests	2026-02-14T15:52:55.7513310Z     [2m  - Expect "toBeVisible" with timeout 10000ms[22m
Playwright E2E Tests	Run Playwright tests	2026-02-14T15:52:55.7513800Z     [2m  - waiting for getByRole('heading', { name: 'Authentication Required' })[22m
Playwright E2E Tests	Run Playwright tests	2026-02-14T15:52:55.7514100Z 
Playwright E2E Tests	Run Playwright tests	2026-02-14T15:52:55.7514100Z 
Playwright E2E Tests	Run Playwright tests	2026-02-14T15:52:55.7514210Z       48 |
Playwright E2E Tests	Run Playwright tests	2026-02-14T15:52:55.7514410Z       49 |         // Verify Auth Wall
Playwright E2E Tests	Run Playwright tests	2026-02-14T15:52:55.7514920Z     > 50 |         await expect(page.getByRole('heading', { name: 'Authentication Required' })).toBeVisible();
Playwright E2E Tests	Run Playwright tests	2026-02-14T15:52:55.7515460Z          |                                                                                      ^
Playwright E2E Tests	Run Playwright tests	2026-02-14T15:52:55.7516040Z       51 |         await expect(page.getByText('Please sign in to access the Uptime Monitor.')).toBeVisible();
Playwright E2E Tests	Run Playwright tests	2026-02-14T15:52:55.7516440Z       52 |
Playwright E2E Tests	Run Playwright tests	2026-02-14T15:52:55.7516650Z       53 |         // Verify Sign In Button
Playwright E2E Tests	Run Playwright tests	2026-02-14T15:52:55.7517130Z         at /Users/runner/work/uptime/uptime/tests/e2e/auth.spec.ts:50:86
Playwright E2E Tests	Run Playwright tests	2026-02-14T15:52:55.7517410Z 
Playwright E2E Tests	Run Playwright tests	2026-02-14T15:52:55.7517850Z     Error Context: test-results/auth-Authentication-Unauthenticated-user-sees-Auth-Wall-chromium-retry1/error-context.md
Playwright E2E Tests	Run Playwright tests	2026-02-14T15:52:55.7518320Z 
Playwright E2E Tests	Run Playwright tests	2026-02-14T15:52:55.7518730Z     attachment #2: trace (application/zip) â”€â”€â”€â”€â”€â”€â”€â”€â”€â”€â”€â”€â”€â”€â”€â”€â”€â”€â”€â”€â”€â”€â”€â”€â”€â”€â”€â”€â”€â”€â”€â”€â”€â”€â”€â”€â”€â”€â”€â”€â”€â”€â”€â”€â”€â”€â”€â”€â”€â”€â”€â”€â”€â”€â”€â”€â”€
Playwright E2E Tests	Run Playwright tests	2026-02-14T15:52:55.7519410Z     test-results/auth-Authentication-Unauthenticated-user-sees-Auth-Wall-chromium-retry1/trace.zip
Playwright E2E Tests	Run Playwright tests	2026-02-14T15:52:55.7519840Z     Usage:
Playwright E2E Tests	Run Playwright tests	2026-02-14T15:52:55.7519970Z 
Playwright E2E Tests	Run Playwright tests	2026-02-14T15:52:55.7520800Z         npx playwright show-trace test-results/auth-Authentication-Unauthenticated-user-sees-Auth-Wall-chromium-retry1/trace.zip
Playwright E2E Tests	Run Playwright tests	2026-02-14T15:52:55.7521300Z 
Playwright E2E Tests	Run Playwright tests	2026-02-14T15:52:55.7521600Z     â”€â”€â”€â”€â”€â”€â”€â”€â”€â”€â”€â”€â”€â”€â”€â”€â”€â”€â”€â”€â”€â”€â”€â”€â”€â”€â”€â”€â”€â”€â”€â”€â”€â”€â”€â”€â”€â”€â”€â”€â”€â”€â”€â”€â”€â”€â”€â”€â”€â”€â”€â”€â”€â”€â”€â”€â”€â”€â”€â”€â”€â”€â”€â”€â”€â”€â”€â”€â”€â”€â”€â”€â”€â”€â”€â”€â”€â”€â”€â”€â”€â”€â”€â”€â”€â”€â”€â”€â”€â”€â”€â”€â”€â”€â”€â”€
Playwright E2E Tests	Run Playwright tests	2026-02-14T15:52:55.7521920Z 
Playwright E2E Tests	Run Playwright tests	2026-02-14T15:52:55.7522270Z     Retry #2 â”€â”€â”€â”€â”€â”€â”€â”€â”€â”€â”€â”€â”€â”€â”€â”€â”€â”€â”€â”€â”€â”€â”€â”€â”€â”€â”€â”€â”€â”€â”€â”€â”€â”€â”€â”€â”€â”€â”€â”€â”€â”€â”€â”€â”€â”€â”€â”€â”€â”€â”€â”€â”€â”€â”€â”€â”€â”€â”€â”€â”€â”€â”€â”€â”€â”€â”€â”€â”€â”€â”€â”€â”€â”€â”€â”€â”€â”€â”€â”€â”€â”€â”€â”€â”€â”€â”€
Playwright E2E Tests	Run Playwright tests	2026-02-14T15:52:55.7522490Z 
Playwright E2E Tests	Run Playwright tests	2026-02-14T15:52:55.7524620Z     Error: [2mexpect([22m[31mlocator[39m[2m).[22mtoBeVisible[2m([22m[2m)[22m failed
Playwright E2E Tests	Run Playwright tests	2026-02-14T15:52:55.7524970Z 
Playwright E2E Tests	Run Playwright tests	2026-02-14T15:52:55.7525160Z     Locator: getByRole('heading', { name: 'Authentication Required' })
Playwright E2E Tests	Run Playwright tests	2026-02-14T15:52:55.7525570Z     Expected: visible
Playwright E2E Tests	Run Playwright tests	2026-02-14T15:52:55.7525780Z     Timeout: 10000ms
Playwright E2E Tests	Run Playwright tests	2026-02-14T15:52:55.7526010Z     Error: element(s) not found
Playwright E2E Tests	Run Playwright tests	2026-02-14T15:52:55.7526190Z 
Playwright E2E Tests	Run Playwright tests	2026-02-14T15:52:55.7526310Z     Call log:
Playwright E2E Tests	Run Playwright tests	2026-02-14T15:52:55.7526670Z     [2m  - Expect "toBeVisible" with timeout 10000ms[22m
Playwright E2E Tests	Run Playwright tests	2026-02-14T15:52:55.7527190Z     [2m  - waiting for getByRole('heading', { name: 'Authentication Required' })[22m
Playwright E2E Tests	Run Playwright tests	2026-02-14T15:52:55.7527500Z 
Playwright E2E Tests	Run Playwright tests	2026-02-14T15:52:55.7527500Z 
Playwright E2E Tests	Run Playwright tests	2026-02-14T15:52:55.7527660Z       48 |
Playwright E2E Tests	Run Playwright tests	2026-02-14T15:52:55.7528140Z       49 |         // Verify Auth Wall
Playwright E2E Tests	Run Playwright tests	2026-02-14T15:52:55.7528630Z     > 50 |         await expect(page.getByRole('heading', { name: 'Authentication Required' })).toBeVisible();
Playwright E2E Tests	Run Playwright tests	2026-02-14T15:52:55.7529240Z          |                                                                                      ^
Playwright E2E Tests	Run Playwright tests	2026-02-14T15:52:55.7529810Z       51 |         await expect(page.getByText('Please sign in to access the Uptime Monitor.')).toBeVisible();
Playwright E2E Tests	Run Playwright tests	2026-02-14T15:52:55.7530230Z       52 |
Playwright E2E Tests	Run Playwright tests	2026-02-14T15:52:55.7530510Z       53 |         // Verify Sign In Button
Playwright E2E Tests	Run Playwright tests	2026-02-14T15:52:55.7530900Z         at /Users/runner/work/uptime/uptime/tests/e2e/auth.spec.ts:50:86
Playwright E2E Tests	Run Playwright tests	2026-02-14T15:52:55.7531180Z 
Playwright E2E Tests	Run Playwright tests	2026-02-14T15:52:55.7533590Z     Error Context: test-results/auth-Authentication-Unauthenticated-user-sees-Auth-Wall-chromium-retry2/error-context.md
Playwright E2E Tests	Run Playwright tests	2026-02-14T15:52:55.7534180Z 
Playwright E2E Tests	Run Playwright tests	2026-02-14T15:52:55.7534340Z   3 failed
Playwright E2E Tests	Run Playwright tests	2026-02-14T15:52:55.7535080Z     [chromium] â€º tests/e2e/001-scaffolding/001-scaffolding.spec.ts:4:1 â€º App Scaffolding Verification 
Playwright E2E Tests	Run Playwright tests	2026-02-14T15:52:55.7535980Z     [chromium] â€º tests/e2e/auth.spec.ts:4:5 â€º Authentication â€º User can sign in â”€â”€â”€â”€â”€â”€â”€â”€â”€â”€â”€â”€â”€â”€â”€â”€â”€â”€â”€â”€
Playwright E2E Tests	Run Playwright tests	2026-02-14T15:52:55.7536670Z     [chromium] â€º tests/e2e/auth.spec.ts:46:5 â€º Authentication â€º Unauthenticated user sees Auth Wall 
Playwright E2E Tests	Run Playwright tests	2026-02-14T15:52:56.0163450Z ##[error]Process completed with exit code 1.
Playwright E2E Tests	Upload Playwright report	ï»¿2026-02-14T15:52:56.0477090Z ##[group]Run actions/upload-artifact@v4
Playwright E2E Tests	Upload Playwright report	2026-02-14T15:52:56.0477390Z with:
Playwright E2E Tests	Upload Playwright report	2026-02-14T15:52:56.0477530Z   name: playwright-report
Playwright E2E Tests	Upload Playwright report	2026-02-14T15:52:56.0477700Z   path: playwright-report/
Playwright E2E Tests	Upload Playwright report	2026-02-14T15:52:56.0477880Z   retention-days: 30
Playwright E2E Tests	Upload Playwright report	2026-02-14T15:52:56.0478030Z   if-no-files-found: warn
Playwright E2E Tests	Upload Playwright report	2026-02-14T15:52:56.0478200Z   compression-level: 6
Playwright E2E Tests	Upload Playwright report	2026-02-14T15:52:56.0478360Z   overwrite: false
Playwright E2E Tests	Upload Playwright report	2026-02-14T15:52:56.0478500Z   include-hidden-files: false
Playwright E2E Tests	Upload Playwright report	2026-02-14T15:52:56.0478660Z ##[endgroup]
Playwright E2E Tests	Upload Playwright report	2026-02-14T15:52:56.6600210Z With the provided path, there will be 24 files uploaded
Playwright E2E Tests	Upload Playwright report	2026-02-14T15:52:56.6607180Z Artifact name is valid!
Playwright E2E Tests	Upload Playwright report	2026-02-14T15:52:56.6607930Z Root directory input is valid!
Playwright E2E Tests	Upload Playwright report	2026-02-14T15:52:56.9854950Z Beginning upload of artifact content to blob storage
Playwright E2E Tests	Upload Playwright report	2026-02-14T15:52:57.8353850Z Uploaded bytes 747101
Playwright E2E Tests	Upload Playwright report	2026-02-14T15:52:57.9138020Z Finished uploading artifact content to blob storage!
Playwright E2E Tests	Upload Playwright report	2026-02-14T15:52:57.9146550Z SHA256 digest of uploaded artifact zip is 73874d0b97afd18e753cbb5307aa67aee2948fd435a05a1a98b7d5ff16775847
Playwright E2E Tests	Upload Playwright report	2026-02-14T15:52:57.9147400Z Finalizing artifact upload
Playwright E2E Tests	Upload Playwright report	2026-02-14T15:52:58.0870790Z Artifact playwright-report.zip successfully finalized. Artifact ID 5511633315
Playwright E2E Tests	Upload Playwright report	2026-02-14T15:52:58.0871640Z Artifact playwright-report has been successfully uploaded! Final size is 747101 bytes. Artifact ID is 5511633315
Playwright E2E Tests	Upload Playwright report	2026-02-14T15:52:58.0877960Z Artifact download URL: https://github.com/anicolao/uptime/actions/runs/22020055306/artifacts/5511633315
Playwright E2E Tests	Post Checkout repository	ï»¿2026-02-14T15:52:58.1030150Z Post job cleanup.
Playwright E2E Tests	Post Checkout repository	2026-02-14T15:52:58.2131820Z [command]/opt/homebrew/bin/git version
Playwright E2E Tests	Post Checkout repository	2026-02-14T15:52:58.2387490Z git version 2.52.0
Playwright E2E Tests	Post Checkout repository	2026-02-14T15:52:58.2411610Z Copying '/Users/runner/.gitconfig' to '/Users/runner/work/_temp/c1f53d44-253a-408d-bec5-2dd68f7775ad/.gitconfig'
Playwright E2E Tests	Post Checkout repository	2026-02-14T15:52:58.2425400Z Temporarily overriding HOME='/Users/runner/work/_temp/c1f53d44-253a-408d-bec5-2dd68f7775ad' before making global git config changes
Playwright E2E Tests	Post Checkout repository	2026-02-14T15:52:58.2426360Z Adding repository directory to the temporary git global config as a safe directory
Playwright E2E Tests	Post Checkout repository	2026-02-14T15:52:58.2429440Z [command]/opt/homebrew/bin/git config --global --add safe.directory /Users/runner/work/uptime/uptime
Playwright E2E Tests	Post Checkout repository	2026-02-14T15:52:58.2551830Z [command]/opt/homebrew/bin/git config --local --name-only --get-regexp core\.sshCommand
Playwright E2E Tests	Post Checkout repository	2026-02-14T15:52:58.2676310Z [command]/opt/homebrew/bin/git submodule foreach --recursive sh -c "git config --local --name-only --get-regexp 'core\.sshCommand' && git config --local --unset-all 'core.sshCommand' || :"
Playwright E2E Tests	Post Checkout repository	2026-02-14T15:52:58.3656020Z [command]/opt/homebrew/bin/git config --local --name-only --get-regexp http\.https\:\/\/github\.com\/\.extraheader
Playwright E2E Tests	Post Checkout repository	2026-02-14T15:52:58.3690830Z http.https://github.com/.extraheader
Playwright E2E Tests	Post Checkout repository	2026-02-14T15:52:58.3699880Z [command]/opt/homebrew/bin/git config --local --unset-all http.https://github.com/.extraheader
Playwright E2E Tests	Post Checkout repository	2026-02-14T15:52:58.3764750Z [command]/opt/homebrew/bin/git submodule foreach --recursive sh -c "git config --local --name-only --get-regexp 'http\.https\:\/\/github\.com\/\.extraheader' && git config --local --unset-all 'http.https://github.com/.extraheader' || :"
Playwright E2E Tests	Post Checkout repository	2026-02-14T15:52:58.4632810Z [command]/opt/homebrew/bin/git config --local --name-only --get-regexp ^includeIf\.gitdir:
Playwright E2E Tests	Post Checkout repository	2026-02-14T15:52:58.4683970Z [command]/opt/homebrew/bin/git submodule foreach --recursive git config --local --show-origin --name-only --get-regexp remote.origin.url
Playwright E2E Tests	Complete job	ï»¿2026-02-14T15:52:58.5522100Z Cleaning up orphan processes
