Playwright E2E Tests	Set up job	ï»¿2026-02-14T15:33:17.5305080Z Current runner version: '2.331.0'
Playwright E2E Tests	Set up job	2026-02-14T15:33:17.5328090Z ##[group]Runner Image Provisioner
Playwright E2E Tests	Set up job	2026-02-14T15:33:17.5328920Z Hosted Compute Agent
Playwright E2E Tests	Set up job	2026-02-14T15:33:17.5329490Z Version: 20260213.493
Playwright E2E Tests	Set up job	2026-02-14T15:33:17.5330160Z Commit: 5c115507f6dd24b8de37d8bbe0bb4509d0cc0fa3
Playwright E2E Tests	Set up job	2026-02-14T15:33:17.5330810Z Build Date: 2026-02-13T00:28:41Z
Playwright E2E Tests	Set up job	2026-02-14T15:33:17.5331430Z Worker ID: {ddfd6982-f330-43bf-9105-4e95caed8156}
Playwright E2E Tests	Set up job	2026-02-14T15:33:17.5331970Z Azure Region: westus
Playwright E2E Tests	Set up job	2026-02-14T15:33:17.5332590Z ##[endgroup]
Playwright E2E Tests	Set up job	2026-02-14T15:33:17.5336380Z ##[group]Operating System
Playwright E2E Tests	Set up job	2026-02-14T15:33:17.5336880Z macOS
Playwright E2E Tests	Set up job	2026-02-14T15:33:17.5337370Z 15.7.3
Playwright E2E Tests	Set up job	2026-02-14T15:33:17.5337750Z 24G419
Playwright E2E Tests	Set up job	2026-02-14T15:33:17.5338150Z ##[endgroup]
Playwright E2E Tests	Set up job	2026-02-14T15:33:17.5338560Z ##[group]Runner Image
Playwright E2E Tests	Set up job	2026-02-14T15:33:17.5339010Z Image: macos-15-arm64
Playwright E2E Tests	Set up job	2026-02-14T15:33:17.5339440Z Version: 20260209.0147.2
Playwright E2E Tests	Set up job	2026-02-14T15:33:17.5340320Z Included Software: https://github.com/actions/runner-images/blob/macos-15-arm64/20260209.0147/images/macos/macos-15-arm64-Readme.md
Playwright E2E Tests	Set up job	2026-02-14T15:33:17.5341750Z Image Release: https://github.com/actions/runner-images/releases/tag/macos-15-arm64%2F20260209.0147
Playwright E2E Tests	Set up job	2026-02-14T15:33:17.5348650Z ##[endgroup]
Playwright E2E Tests	Set up job	2026-02-14T15:33:17.5349520Z ##[group]GITHUB_TOKEN Permissions
Playwright E2E Tests	Set up job	2026-02-14T15:33:17.5351100Z Contents: read
Playwright E2E Tests	Set up job	2026-02-14T15:33:17.5351500Z Metadata: read
Playwright E2E Tests	Set up job	2026-02-14T15:33:17.5351900Z Packages: read
Playwright E2E Tests	Set up job	2026-02-14T15:33:17.5352300Z ##[endgroup]
Playwright E2E Tests	Set up job	2026-02-14T15:33:17.5354220Z Secret source: Actions
Playwright E2E Tests	Set up job	2026-02-14T15:33:17.5354720Z Prepare workflow directory
Playwright E2E Tests	Set up job	2026-02-14T15:33:17.5681100Z Prepare all required actions
Playwright E2E Tests	Set up job	2026-02-14T15:33:17.5709960Z Getting action download info
Playwright E2E Tests	Set up job	2026-02-14T15:33:17.9407020Z Download action repository 'actions/checkout@v4' (SHA:34e114876b0b11c390a56381ad16ebd13914f8d5)
Playwright E2E Tests	Set up job	2026-02-14T15:33:18.2328970Z Download action repository 'actions/setup-node@v4' (SHA:49933ea5288caeca8642d1e84afbd3f7d6820020)
Playwright E2E Tests	Set up job	2026-02-14T15:33:18.3531660Z Download action repository 'actions/upload-artifact@v4' (SHA:ea165f8d65b6e75b540449e92b4886f43607fa02)
Playwright E2E Tests	Set up job	2026-02-14T15:33:18.5404960Z Complete job name: Playwright E2E Tests
Playwright E2E Tests	Checkout repository	ï»¿2026-02-14T15:33:18.5824140Z ##[group]Run actions/checkout@v4
Playwright E2E Tests	Checkout repository	2026-02-14T15:33:18.5824820Z with:
Playwright E2E Tests	Checkout repository	2026-02-14T15:33:18.5825180Z   repository: anicolao/uptime
Playwright E2E Tests	Checkout repository	2026-02-14T15:33:18.5825770Z   token: ***
Playwright E2E Tests	Checkout repository	2026-02-14T15:33:18.5826120Z   ssh-strict: true
Playwright E2E Tests	Checkout repository	2026-02-14T15:33:18.5826490Z   ssh-user: git
Playwright E2E Tests	Checkout repository	2026-02-14T15:33:18.5826860Z   persist-credentials: true
Playwright E2E Tests	Checkout repository	2026-02-14T15:33:18.5827240Z   clean: true
Playwright E2E Tests	Checkout repository	2026-02-14T15:33:18.5827600Z   sparse-checkout-cone-mode: true
Playwright E2E Tests	Checkout repository	2026-02-14T15:33:18.5828010Z   fetch-depth: 1
Playwright E2E Tests	Checkout repository	2026-02-14T15:33:18.5828360Z   fetch-tags: false
Playwright E2E Tests	Checkout repository	2026-02-14T15:33:18.5828730Z   show-progress: true
Playwright E2E Tests	Checkout repository	2026-02-14T15:33:18.5829090Z   lfs: false
Playwright E2E Tests	Checkout repository	2026-02-14T15:33:18.5829680Z   submodules: false
Playwright E2E Tests	Checkout repository	2026-02-14T15:33:18.5830060Z   set-safe-directory: true
Playwright E2E Tests	Checkout repository	2026-02-14T15:33:18.5830610Z ##[endgroup]
Playwright E2E Tests	Checkout repository	2026-02-14T15:33:18.8949900Z Syncing repository: anicolao/uptime
Playwright E2E Tests	Checkout repository	2026-02-14T15:33:18.9056120Z ##[group]Getting Git version info
Playwright E2E Tests	Checkout repository	2026-02-14T15:33:18.9149290Z Working directory is '/Users/runner/work/uptime/uptime'
Playwright E2E Tests	Checkout repository	2026-02-14T15:33:18.9150850Z [command]/opt/homebrew/bin/git version
Playwright E2E Tests	Checkout repository	2026-02-14T15:33:18.9727920Z git version 2.52.0
Playwright E2E Tests	Checkout repository	2026-02-14T15:33:18.9962270Z ##[endgroup]
Playwright E2E Tests	Checkout repository	2026-02-14T15:33:18.9969960Z Copying '/Users/runner/.gitconfig' to '/Users/runner/work/_temp/fcd97042-8ef2-45ad-ab8e-abd1404ebf9a/.gitconfig'
Playwright E2E Tests	Checkout repository	2026-02-14T15:33:18.9971170Z Temporarily overriding HOME='/Users/runner/work/_temp/fcd97042-8ef2-45ad-ab8e-abd1404ebf9a' before making global git config changes
Playwright E2E Tests	Checkout repository	2026-02-14T15:33:18.9974330Z Adding repository directory to the temporary git global config as a safe directory
Playwright E2E Tests	Checkout repository	2026-02-14T15:33:18.9975290Z [command]/opt/homebrew/bin/git config --global --add safe.directory /Users/runner/work/uptime/uptime
Playwright E2E Tests	Checkout repository	2026-02-14T15:33:18.9978180Z Deleting the contents of '/Users/runner/work/uptime/uptime'
Playwright E2E Tests	Checkout repository	2026-02-14T15:33:18.9979800Z ##[group]Initializing the repository
Playwright E2E Tests	Checkout repository	2026-02-14T15:33:18.9980610Z [command]/opt/homebrew/bin/git init /Users/runner/work/uptime/uptime
Playwright E2E Tests	Checkout repository	2026-02-14T15:33:19.0060890Z hint: Using 'master' as the name for the initial branch. This default branch name
Playwright E2E Tests	Checkout repository	2026-02-14T15:33:19.0069510Z hint: will change to "main" in Git 3.0. To configure the initial branch name
Playwright E2E Tests	Checkout repository	2026-02-14T15:33:19.0119470Z hint: to use in all of your new repositories, which will suppress this warning,
Playwright E2E Tests	Checkout repository	2026-02-14T15:33:19.0120370Z hint: call:
Playwright E2E Tests	Checkout repository	2026-02-14T15:33:19.0120860Z hint:
Playwright E2E Tests	Checkout repository	2026-02-14T15:33:19.0121370Z hint: 	git config --global init.defaultBranch <name>
Playwright E2E Tests	Checkout repository	2026-02-14T15:33:19.0121880Z hint:
Playwright E2E Tests	Checkout repository	2026-02-14T15:33:19.0122350Z hint: Names commonly chosen instead of 'master' are 'main', 'trunk' and
Playwright E2E Tests	Checkout repository	2026-02-14T15:33:19.0123050Z hint: 'development'. The just-created branch can be renamed via this command:
Playwright E2E Tests	Checkout repository	2026-02-14T15:33:19.0123630Z hint:
Playwright E2E Tests	Checkout repository	2026-02-14T15:33:19.0123980Z hint: 	git branch -m <name>
Playwright E2E Tests	Checkout repository	2026-02-14T15:33:19.0124380Z hint:
Playwright E2E Tests	Checkout repository	2026-02-14T15:33:19.0124930Z hint: Disable this message with "git config set advice.defaultBranchName false"
Playwright E2E Tests	Checkout repository	2026-02-14T15:33:19.0125900Z Initialized empty Git repository in /Users/runner/work/uptime/uptime/.git/
Playwright E2E Tests	Checkout repository	2026-02-14T15:33:19.0127310Z [command]/opt/homebrew/bin/git remote add origin https://github.com/anicolao/uptime
Playwright E2E Tests	Checkout repository	2026-02-14T15:33:19.0157000Z ##[endgroup]
Playwright E2E Tests	Checkout repository	2026-02-14T15:33:19.0158730Z ##[group]Disabling automatic garbage collection
Playwright E2E Tests	Checkout repository	2026-02-14T15:33:19.0159810Z [command]/opt/homebrew/bin/git config --local gc.auto 0
Playwright E2E Tests	Checkout repository	2026-02-14T15:33:19.0304540Z ##[endgroup]
Playwright E2E Tests	Checkout repository	2026-02-14T15:33:19.0305370Z ##[group]Setting up auth
Playwright E2E Tests	Checkout repository	2026-02-14T15:33:19.0306100Z [command]/opt/homebrew/bin/git config --local --name-only --get-regexp core\.sshCommand
Playwright E2E Tests	Checkout repository	2026-02-14T15:33:19.0308950Z [command]/opt/homebrew/bin/git submodule foreach --recursive sh -c "git config --local --name-only --get-regexp 'core\.sshCommand' && git config --local --unset-all 'core.sshCommand' || :"
Playwright E2E Tests	Checkout repository	2026-02-14T15:33:19.2750750Z [command]/opt/homebrew/bin/git config --local --name-only --get-regexp http\.https\:\/\/github\.com\/\.extraheader
Playwright E2E Tests	Checkout repository	2026-02-14T15:33:19.2865380Z [command]/opt/homebrew/bin/git submodule foreach --recursive sh -c "git config --local --name-only --get-regexp 'http\.https\:\/\/github\.com\/\.extraheader' && git config --local --unset-all 'http.https://github.com/.extraheader' || :"
Playwright E2E Tests	Checkout repository	2026-02-14T15:33:19.3654030Z [command]/opt/homebrew/bin/git config --local --name-only --get-regexp ^includeIf\.gitdir:
Playwright E2E Tests	Checkout repository	2026-02-14T15:33:19.3749840Z [command]/opt/homebrew/bin/git submodule foreach --recursive git config --local --show-origin --name-only --get-regexp remote.origin.url
Playwright E2E Tests	Checkout repository	2026-02-14T15:33:19.4520390Z [command]/opt/homebrew/bin/git config --local http.https://github.com/.extraheader AUTHORIZATION: basic ***
Playwright E2E Tests	Checkout repository	2026-02-14T15:33:19.4572330Z ##[endgroup]
Playwright E2E Tests	Checkout repository	2026-02-14T15:33:19.4596730Z ##[group]Fetching the repository
Playwright E2E Tests	Checkout repository	2026-02-14T15:33:19.4600460Z [command]/opt/homebrew/bin/git -c protocol.version=2 fetch --no-tags --prune --no-recurse-submodules --depth=1 origin +da13c7c22b7ede38b3696aed3175eeadf1d645d4:refs/remotes/pull/3/merge
Playwright E2E Tests	Checkout repository	2026-02-14T15:33:20.1577260Z From https://github.com/anicolao/uptime
Playwright E2E Tests	Checkout repository	2026-02-14T15:33:20.1578920Z  * [new ref]         da13c7c22b7ede38b3696aed3175eeadf1d645d4 -> pull/3/merge
Playwright E2E Tests	Checkout repository	2026-02-14T15:33:20.1687580Z ##[endgroup]
Playwright E2E Tests	Checkout repository	2026-02-14T15:33:20.1787590Z ##[group]Determining the checkout info
Playwright E2E Tests	Checkout repository	2026-02-14T15:33:20.1789150Z ##[endgroup]
Playwright E2E Tests	Checkout repository	2026-02-14T15:33:20.1789870Z [command]/opt/homebrew/bin/git sparse-checkout disable
Playwright E2E Tests	Checkout repository	2026-02-14T15:33:20.1791560Z [command]/opt/homebrew/bin/git config --local --unset-all extensions.worktreeConfig
Playwright E2E Tests	Checkout repository	2026-02-14T15:33:20.1802500Z ##[group]Checking out the ref
Playwright E2E Tests	Checkout repository	2026-02-14T15:33:20.1804280Z [command]/opt/homebrew/bin/git checkout --progress --force refs/remotes/pull/3/merge
Playwright E2E Tests	Checkout repository	2026-02-14T15:33:20.1980000Z HEAD is now at da13c7c Merge b56a2c671352e63fcf46f4bbbfe122cf738ed586 into ebe489a41031b180ee38319bee7b7f28adc01db7
Playwright E2E Tests	Checkout repository	2026-02-14T15:33:20.2203100Z ##[endgroup]
Playwright E2E Tests	Checkout repository	2026-02-14T15:33:20.2206720Z [command]/opt/homebrew/bin/git log -1 --format=%H
Playwright E2E Tests	Checkout repository	2026-02-14T15:33:20.2208020Z da13c7c22b7ede38b3696aed3175eeadf1d645d4
Playwright E2E Tests	Setup Node.js	ï»¿2026-02-14T15:33:20.2381520Z ##[group]Run actions/setup-node@v4
Playwright E2E Tests	Setup Node.js	2026-02-14T15:33:20.2382320Z with:
Playwright E2E Tests	Setup Node.js	2026-02-14T15:33:20.2383180Z   node-version: 20
Playwright E2E Tests	Setup Node.js	2026-02-14T15:33:20.2383830Z   cache: npm
Playwright E2E Tests	Setup Node.js	2026-02-14T15:33:20.2384450Z   always-auth: false
Playwright E2E Tests	Setup Node.js	2026-02-14T15:33:20.2385120Z   check-latest: false
Playwright E2E Tests	Setup Node.js	2026-02-14T15:33:20.2385910Z   token: ***
Playwright E2E Tests	Setup Node.js	2026-02-14T15:33:20.2386520Z ##[endgroup]
Playwright E2E Tests	Setup Node.js	2026-02-14T15:33:20.5294000Z Found in cache @ /Users/runner/hostedtoolcache/node/20.20.0/arm64
Playwright E2E Tests	Setup Node.js	2026-02-14T15:33:20.5374150Z ##[group]Environment details
Playwright E2E Tests	Setup Node.js	2026-02-14T15:33:20.8669550Z node: v20.20.0
Playwright E2E Tests	Setup Node.js	2026-02-14T15:33:20.8738050Z npm: 10.8.2
Playwright E2E Tests	Setup Node.js	2026-02-14T15:33:20.8743650Z yarn: 1.22.22
Playwright E2E Tests	Setup Node.js	2026-02-14T15:33:20.8783920Z ##[endgroup]
Playwright E2E Tests	Setup Node.js	2026-02-14T15:33:20.8876370Z [command]/Users/runner/hostedtoolcache/node/20.20.0/arm64/bin/npm config get cache
Playwright E2E Tests	Setup Node.js	2026-02-14T15:33:20.9930310Z /Users/runner/.npm
Playwright E2E Tests	Setup Node.js	2026-02-14T15:33:21.2332550Z npm cache is not found
Playwright E2E Tests	Install dependencies	ï»¿2026-02-14T15:33:21.2408450Z ##[group]Run npm ci
Playwright E2E Tests	Install dependencies	2026-02-14T15:33:21.2408790Z [36;1mnpm ci[0m
Playwright E2E Tests	Install dependencies	2026-02-14T15:33:21.2446950Z shell: /bin/bash -e {0}
Playwright E2E Tests	Install dependencies	2026-02-14T15:33:21.2447250Z ##[endgroup]
Playwright E2E Tests	Install dependencies	2026-02-14T15:33:24.2111890Z npm warn deprecated node-domexception@1.0.0: Use your platform's native DOMException instead
Playwright E2E Tests	Install dependencies	2026-02-14T15:33:26.0652530Z npm warn deprecated json-ptr@3.1.1: Package no longer supported. Contact Support at https://www.npmjs.com/support for more info.
Playwright E2E Tests	Install dependencies	2026-02-14T15:33:26.0755670Z npm warn deprecated glob@10.5.0: Old versions of glob are not supported, and contain widely publicized security vulnerabilities, which have been fixed in the current version. Please update. Support for old versions may be purchased (at exorbitant rates) by contacting i@izs.me
Playwright E2E Tests	Install dependencies	2026-02-14T15:33:32.5162100Z 
Playwright E2E Tests	Install dependencies	2026-02-14T15:33:32.5163130Z > uptime-retry@0.0.1 prepare
Playwright E2E Tests	Install dependencies	2026-02-14T15:33:32.5163790Z > svelte-kit sync || echo ''
Playwright E2E Tests	Install dependencies	2026-02-14T15:33:32.5164110Z 
Playwright E2E Tests	Install dependencies	2026-02-14T15:33:33.2730850Z 
Playwright E2E Tests	Install dependencies	2026-02-14T15:33:33.2832440Z added 843 packages, and audited 844 packages in 12s
Playwright E2E Tests	Install dependencies	2026-02-14T15:33:33.2933720Z 
Playwright E2E Tests	Install dependencies	2026-02-14T15:33:33.2988930Z 100 packages are looking for funding
Playwright E2E Tests	Install dependencies	2026-02-14T15:33:33.3090330Z   run `npm fund` for details
Playwright E2E Tests	Install dependencies	2026-02-14T15:33:33.3152200Z 
Playwright E2E Tests	Install dependencies	2026-02-14T15:33:33.3165540Z 3 low severity vulnerabilities
Playwright E2E Tests	Install dependencies	2026-02-14T15:33:33.3174610Z 
Playwright E2E Tests	Install dependencies	2026-02-14T15:33:33.3198820Z To address all issues (including breaking changes), run:
Playwright E2E Tests	Install dependencies	2026-02-14T15:33:33.3206600Z   npm audit fix --force
Playwright E2E Tests	Install dependencies	2026-02-14T15:33:33.3208740Z 
Playwright E2E Tests	Install dependencies	2026-02-14T15:33:33.3209220Z Run `npm audit` for details.
Playwright E2E Tests	Install Playwright browsers	ï»¿2026-02-14T15:33:33.3370870Z ##[group]Run npx playwright install --with-deps chromium
Playwright E2E Tests	Install Playwright browsers	2026-02-14T15:33:33.3371340Z [36;1mnpx playwright install --with-deps chromium[0m
Playwright E2E Tests	Install Playwright browsers	2026-02-14T15:33:33.3451550Z shell: /bin/bash -e {0}
Playwright E2E Tests	Install Playwright browsers	2026-02-14T15:33:33.3451830Z ##[endgroup]
Playwright E2E Tests	Install Playwright browsers	2026-02-14T15:33:34.1451930Z Downloading Chrome for Testing 145.0.7632.6 (playwright chromium v1208) from https://cdn.playwright.dev/builds/cft/145.0.7632.6/mac-arm64/chrome-mac-arm64.zip
Playwright E2E Tests	Install Playwright browsers	2026-02-14T15:33:34.5083300Z |                                                                                |   0% of 162.3 MiB
Playwright E2E Tests	Install Playwright browsers	2026-02-14T15:33:34.9978330Z |â– â– â– â– â– â– â– â–                                                                         |  10% of 162.3 MiB
Playwright E2E Tests	Install Playwright browsers	2026-02-14T15:33:35.1789970Z |â– â– â– â– â– â– â– â– â– â– â– â– â– â– â– â–                                                                 |  20% of 162.3 MiB
Playwright E2E Tests	Install Playwright browsers	2026-02-14T15:33:35.3600550Z |â– â– â– â– â– â– â– â– â– â– â– â– â– â– â– â– â– â– â– â– â– â– â– â–                                                         |  30% of 162.3 MiB
Playwright E2E Tests	Install Playwright browsers	2026-02-14T15:33:35.5386490Z |â– â– â– â– â– â– â– â– â– â– â– â– â– â– â– â– â– â– â– â– â– â– â– â– â– â– â– â– â– â– â– â–                                                 |  40% of 162.3 MiB
Playwright E2E Tests	Install Playwright browsers	2026-02-14T15:33:35.7217840Z |â– â– â– â– â– â– â– â– â– â– â– â– â– â– â– â– â– â– â– â– â– â– â– â– â– â– â– â– â– â– â– â– â– â– â– â– â– â– â– â–                                         |  50% of 162.3 MiB
Playwright E2E Tests	Install Playwright browsers	2026-02-14T15:33:35.9037570Z |â– â– â– â– â– â– â– â– â– â– â– â– â– â– â– â– â– â– â– â– â– â– â– â– â– â– â– â– â– â– â– â– â– â– â– â– â– â– â– â– â– â– â– â– â– â– â– â–                                 |  60% of 162.3 MiB
Playwright E2E Tests	Install Playwright browsers	2026-02-14T15:33:36.0888620Z |â– â– â– â– â– â– â– â– â– â– â– â– â– â– â– â– â– â– â– â– â– â– â– â– â– â– â– â– â– â– â– â– â– â– â– â– â– â– â– â– â– â– â– â– â– â– â– â– â– â– â– â– â– â– â– â–                         |  70% of 162.3 MiB
Playwright E2E Tests	Install Playwright browsers	2026-02-14T15:33:36.2691250Z |â– â– â– â– â– â– â– â– â– â– â– â– â– â– â– â– â– â– â– â– â– â– â– â– â– â– â– â– â– â– â– â– â– â– â– â– â– â– â– â– â– â– â– â– â– â– â– â– â– â– â– â– â– â– â– â– â– â– â– â– â– â– â– â–                 |  80% of 162.3 MiB
Playwright E2E Tests	Install Playwright browsers	2026-02-14T15:33:36.4534930Z |â– â– â– â– â– â– â– â– â– â– â– â– â– â– â– â– â– â– â– â– â– â– â– â– â– â– â– â– â– â– â– â– â– â– â– â– â– â– â– â– â– â– â– â– â– â– â– â– â– â– â– â– â– â– â– â– â– â– â– â– â– â– â– â– â– â– â– â– â– â– â– â–         |  90% of 162.3 MiB
Playwright E2E Tests	Install Playwright browsers	2026-02-14T15:33:36.6373830Z |â– â– â– â– â– â– â– â– â– â– â– â– â– â– â– â– â– â– â– â– â– â– â– â– â– â– â– â– â– â– â– â– â– â– â– â– â– â– â– â– â– â– â– â– â– â– â– â– â– â– â– â– â– â– â– â– â– â– â– â– â– â– â– â– â– â– â– â– â– â– â– â– â– â– â– â– â– â– â– â– | 100% of 162.3 MiB
Playwright E2E Tests	Install Playwright browsers	2026-02-14T15:33:38.7804020Z Chrome for Testing 145.0.7632.6 (playwright chromium v1208) downloaded to /Users/runner/Library/Caches/ms-playwright/chromium-1208
Playwright E2E Tests	Install Playwright browsers	2026-02-14T15:33:38.7816500Z Downloading FFmpeg (playwright ffmpeg v1011) from https://cdn.playwright.dev/dbazure/download/playwright/builds/ffmpeg/1011/ffmpeg-mac-arm64.zip
Playwright E2E Tests	Install Playwright browsers	2026-02-14T15:33:38.9485320Z |                                                                                |   0% of 1 MiB
Playwright E2E Tests	Install Playwright browsers	2026-02-14T15:33:38.9585450Z |â– â– â– â– â– â– â– â–                                                                         |  10% of 1 MiB
Playwright E2E Tests	Install Playwright browsers	2026-02-14T15:33:38.9687730Z |â– â– â– â– â– â– â– â– â– â– â– â– â– â– â– â–                                                                 |  20% of 1 MiB
Playwright E2E Tests	Install Playwright browsers	2026-02-14T15:33:38.9788180Z |â– â– â– â– â– â– â– â– â– â– â– â– â– â– â– â– â– â– â– â– â– â– â– â–                                                         |  31% of 1 MiB
Playwright E2E Tests	Install Playwright browsers	2026-02-14T15:33:38.9889930Z |â– â– â– â– â– â– â– â– â– â– â– â– â– â– â– â– â– â– â– â– â– â– â– â– â– â– â– â– â– â– â– â–                                                 |  40% of 1 MiB
Playwright E2E Tests	Install Playwright browsers	2026-02-14T15:33:38.9991500Z |â– â– â– â– â– â– â– â– â– â– â– â– â– â– â– â– â– â– â– â– â– â– â– â– â– â– â– â– â– â– â– â– â– â– â– â– â– â– â– â–                                         |  50% of 1 MiB
Playwright E2E Tests	Install Playwright browsers	2026-02-14T15:33:39.0093120Z |â– â– â– â– â– â– â– â– â– â– â– â– â– â– â– â– â– â– â– â– â– â– â– â– â– â– â– â– â– â– â– â– â– â– â– â– â– â– â– â– â– â– â– â– â– â– â– â–                                 |  61% of 1 MiB
Playwright E2E Tests	Install Playwright browsers	2026-02-14T15:33:39.0194480Z |â– â– â– â– â– â– â– â– â– â– â– â– â– â– â– â– â– â– â– â– â– â– â– â– â– â– â– â– â– â– â– â– â– â– â– â– â– â– â– â– â– â– â– â– â– â– â– â– â– â– â– â– â– â– â– â–                         |  70% of 1 MiB
Playwright E2E Tests	Install Playwright browsers	2026-02-14T15:33:39.0296770Z |â– â– â– â– â– â– â– â– â– â– â– â– â– â– â– â– â– â– â– â– â– â– â– â– â– â– â– â– â– â– â– â– â– â– â– â– â– â– â– â– â– â– â– â– â– â– â– â– â– â– â– â– â– â– â– â– â– â– â– â– â– â– â– â–                 |  80% of 1 MiB
Playwright E2E Tests	Install Playwright browsers	2026-02-14T15:33:39.0398460Z |â– â– â– â– â– â– â– â– â– â– â– â– â– â– â– â– â– â– â– â– â– â– â– â– â– â– â– â– â– â– â– â– â– â– â– â– â– â– â– â– â– â– â– â– â– â– â– â– â– â– â– â– â– â– â– â– â– â– â– â– â– â– â– â– â– â– â– â– â– â– â– â–         |  91% of 1 MiB
Playwright E2E Tests	Install Playwright browsers	2026-02-14T15:33:39.0500210Z |â– â– â– â– â– â– â– â– â– â– â– â– â– â– â– â– â– â– â– â– â– â– â– â– â– â– â– â– â– â– â– â– â– â– â– â– â– â– â– â– â– â– â– â– â– â– â– â– â– â– â– â– â– â– â– â– â– â– â– â– â– â– â– â– â– â– â– â– â– â– â– â– â– â– â– â– â– â– â– â– | 100% of 1 MiB
Playwright E2E Tests	Install Playwright browsers	2026-02-14T15:33:39.0602170Z FFmpeg (playwright ffmpeg v1011) downloaded to /Users/runner/Library/Caches/ms-playwright/ffmpeg-1011
Playwright E2E Tests	Install Playwright browsers	2026-02-14T15:33:39.0704220Z Downloading Chrome Headless Shell 145.0.7632.6 (playwright chromium-headless-shell v1208) from https://cdn.playwright.dev/builds/cft/145.0.7632.6/mac-arm64/chrome-headless-shell-mac-arm64.zip
Playwright E2E Tests	Install Playwright browsers	2026-02-14T15:33:39.3749470Z |                                                                                |   0% of 91.1 MiB
Playwright E2E Tests	Install Playwright browsers	2026-02-14T15:33:39.8095230Z |â– â– â– â– â– â– â– â–                                                                         |  10% of 91.1 MiB
Playwright E2E Tests	Install Playwright browsers	2026-02-14T15:33:39.9201290Z |â– â– â– â– â– â– â– â– â– â– â– â– â– â– â– â–                                                                 |  20% of 91.1 MiB
Playwright E2E Tests	Install Playwright browsers	2026-02-14T15:33:40.0274050Z |â– â– â– â– â– â– â– â– â– â– â– â– â– â– â– â– â– â– â– â– â– â– â– â–                                                         |  30% of 91.1 MiB
Playwright E2E Tests	Install Playwright browsers	2026-02-14T15:33:40.1379040Z |â– â– â– â– â– â– â– â– â– â– â– â– â– â– â– â– â– â– â– â– â– â– â– â– â– â– â– â– â– â– â– â–                                                 |  40% of 91.1 MiB
Playwright E2E Tests	Install Playwright browsers	2026-02-14T15:33:40.2509560Z |â– â– â– â– â– â– â– â– â– â– â– â– â– â– â– â– â– â– â– â– â– â– â– â– â– â– â– â– â– â– â– â– â– â– â– â– â– â– â– â–                                         |  50% of 91.1 MiB
Playwright E2E Tests	Install Playwright browsers	2026-02-14T15:33:40.3529330Z |â– â– â– â– â– â– â– â– â– â– â– â– â– â– â– â– â– â– â– â– â– â– â– â– â– â– â– â– â– â– â– â– â– â– â– â– â– â– â– â– â– â– â– â– â– â– â– â–                                 |  60% of 91.1 MiB
Playwright E2E Tests	Install Playwright browsers	2026-02-14T15:33:40.4635550Z |â– â– â– â– â– â– â– â– â– â– â– â– â– â– â– â– â– â– â– â– â– â– â– â– â– â– â– â– â– â– â– â– â– â– â– â– â– â– â– â– â– â– â– â– â– â– â– â– â– â– â– â– â– â– â– â–                         |  70% of 91.1 MiB
Playwright E2E Tests	Install Playwright browsers	2026-02-14T15:33:40.5640760Z |â– â– â– â– â– â– â– â– â– â– â– â– â– â– â– â– â– â– â– â– â– â– â– â– â– â– â– â– â– â– â– â– â– â– â– â– â– â– â– â– â– â– â– â– â– â– â– â– â– â– â– â– â– â– â– â– â– â– â– â– â– â– â– â–                 |  80% of 91.1 MiB
Playwright E2E Tests	Install Playwright browsers	2026-02-14T15:33:40.6646060Z |â– â– â– â– â– â– â– â– â– â– â– â– â– â– â– â– â– â– â– â– â– â– â– â– â– â– â– â– â– â– â– â– â– â– â– â– â– â– â– â– â– â– â– â– â– â– â– â– â– â– â– â– â– â– â– â– â– â– â– â– â– â– â– â– â– â– â– â– â– â– â– â–         |  90% of 91.1 MiB
Playwright E2E Tests	Install Playwright browsers	2026-02-14T15:33:40.7651030Z |â– â– â– â– â– â– â– â– â– â– â– â– â– â– â– â– â– â– â– â– â– â– â– â– â– â– â– â– â– â– â– â– â– â– â– â– â– â– â– â– â– â– â– â– â– â– â– â– â– â– â– â– â– â– â– â– â– â– â– â– â– â– â– â– â– â– â– â– â– â– â– â– â– â– â– â– â– â– â– â– | 100% of 91.1 MiB
Playwright E2E Tests	Install Playwright browsers	2026-02-14T15:33:41.9613710Z Chrome Headless Shell 145.0.7632.6 (playwright chromium-headless-shell v1208) downloaded to /Users/runner/Library/Caches/ms-playwright/chromium_headless_shell-1208
Playwright E2E Tests	Run Playwright tests	ï»¿2026-02-14T15:33:41.9855810Z ##[group]Run npm run test:e2e
Playwright E2E Tests	Run Playwright tests	2026-02-14T15:33:41.9856160Z [36;1mnpm run test:e2e[0m
Playwright E2E Tests	Run Playwright tests	2026-02-14T15:33:41.9897680Z shell: /bin/bash -e {0}
Playwright E2E Tests	Run Playwright tests	2026-02-14T15:33:41.9898040Z env:
Playwright E2E Tests	Run Playwright tests	2026-02-14T15:33:41.9898230Z   CI: true
Playwright E2E Tests	Run Playwright tests	2026-02-14T15:33:41.9898420Z   VITE_FIREBASE_API_KEY: dummy
Playwright E2E Tests	Run Playwright tests	2026-02-14T15:33:41.9898720Z   VITE_FIREBASE_AUTH_DOMAIN: dummy
Playwright E2E Tests	Run Playwright tests	2026-02-14T15:33:41.9899000Z   VITE_FIREBASE_PROJECT_ID: dummy
Playwright E2E Tests	Run Playwright tests	2026-02-14T15:33:41.9899250Z   VITE_FIREBASE_STORAGE_BUCKET: dummy
Playwright E2E Tests	Run Playwright tests	2026-02-14T15:33:41.9899560Z   VITE_FIREBASE_MESSAGING_SENDER_ID: dummy
Playwright E2E Tests	Run Playwright tests	2026-02-14T15:33:41.9899840Z   VITE_FIREBASE_APP_ID: dummy
Playwright E2E Tests	Run Playwright tests	2026-02-14T15:33:41.9900180Z   VITE_FIREBASE_DATABASE_URL: dummy
Playwright E2E Tests	Run Playwright tests	2026-02-14T15:33:41.9900450Z ##[endgroup]
Playwright E2E Tests	Run Playwright tests	2026-02-14T15:33:42.1489320Z 
Playwright E2E Tests	Run Playwright tests	2026-02-14T15:33:42.1506420Z > uptime-retry@0.0.1 test:e2e
Playwright E2E Tests	Run Playwright tests	2026-02-14T15:33:42.1508190Z > playwright test
Playwright E2E Tests	Run Playwright tests	2026-02-14T15:33:42.1509080Z 
Playwright E2E Tests	Run Playwright tests	2026-02-14T15:33:43.9786660Z [WebServer] 
Playwright E2E Tests	Run Playwright tests	2026-02-14T15:33:43.9887300Z [WebServer] > uptime-retry@0.0.1 build
Playwright E2E Tests	Run Playwright tests	2026-02-14T15:33:43.9988930Z [WebServer] > vite build
Playwright E2E Tests	Run Playwright tests	2026-02-14T15:33:44.0089470Z [WebServer] 
Playwright E2E Tests	Run Playwright tests	2026-02-14T15:33:44.9086460Z [WebServer] [36mvite v7.3.1 [32mbuilding ssr environment for production...[36m[39m
Playwright E2E Tests	Run Playwright tests	2026-02-14T15:33:44.9344400Z [WebServer] transforming...
Playwright E2E Tests	Run Playwright tests	2026-02-14T15:33:45.5954270Z [WebServer] [32mâœ“[39m 199 modules transformed.
Playwright E2E Tests	Run Playwright tests	2026-02-14T15:33:45.6616070Z [WebServer] rendering chunks...
Playwright E2E Tests	Run Playwright tests	2026-02-14T15:33:45.9577040Z [WebServer] [36mvite v7.3.1 [32mbuilding client environment for production...[36m[39m
Playwright E2E Tests	Run Playwright tests	2026-02-14T15:33:45.9616770Z [WebServer] transforming...
Playwright E2E Tests	Run Playwright tests	2026-02-14T15:33:47.2095410Z [WebServer] [32mâœ“[39m 180 modules transformed.
Playwright E2E Tests	Run Playwright tests	2026-02-14T15:33:47.3128140Z [WebServer] rendering chunks...
Playwright E2E Tests	Run Playwright tests	2026-02-14T15:33:47.3993150Z [WebServer] computing gzip size...
Playwright E2E Tests	Run Playwright tests	2026-02-14T15:33:47.4155220Z [WebServer] [2m.svelte-kit/output/client/[22m[32m_app/version.json                       [39m[1m[2m  0.03 kB[22m[1m[22m[2m â”‚ gzip:   0.05 kB[22m
Playwright E2E Tests	Run Playwright tests	2026-02-14T15:33:47.4159970Z [WebServer] [2m.svelte-kit/output/client/[22m[32m.vite/manifest.json                     [39m[1m[2m  5.80 kB[22m[1m[22m[2m â”‚ gzip:   0.95 kB[22m
Playwright E2E Tests	Run Playwright tests	2026-02-14T15:33:47.4161210Z [WebServer] [2m.svelte-kit/output/client/[22m[35m_app/immutable/assets/3.CQoVvBMX.css    [39m[1m[2m  0.17 kB[22m[1m[22m[2m â”‚ gzip:   0.14 kB[22m
Playwright E2E Tests	Run Playwright tests	2026-02-14T15:33:47.4163880Z [WebServer] [2m.svelte-kit/output/client/[22m[35m_app/immutable/assets/0.TPte27Iz.css    [39m[1m[2m  0.64 kB[22m[1m[22m[2m â”‚ gzip:   0.32 kB[22m
Playwright E2E Tests	Run Playwright tests	2026-02-14T15:33:47.4166900Z [WebServer] [2m.svelte-kit/output/client/[22m[36m_app/immutable/chunks/BPiD1hcC.js       [39m[1m[2m  0.04 kB[22m[1m[22m[2m â”‚ gzip:   0.06 kB[22m
Playwright E2E Tests	Run Playwright tests	2026-02-14T15:33:47.4168160Z [WebServer] [2m.svelte-kit/output/client/[22m[36m_app/immutable/entry/start.CRmomC0H.js  [39m[1m[2m  0.08 kB[22m[1m[22m[2m â”‚ gzip:   0.09 kB[22m
Playwright E2E Tests	Run Playwright tests	2026-02-14T15:33:47.4169900Z [WebServer] [2m.svelte-kit/output/client/[22m[36m_app/immutable/chunks/wAUK1Z7H.js       [39m[1m[2m  0.12 kB[22m[1m[22m[2m â”‚ gzip:   0.11 kB[22m
Playwright E2E Tests	Run Playwright tests	2026-02-14T15:33:47.4171150Z [WebServer] [2m.svelte-kit/output/client/[22m[36m_app/immutable/nodes/4.Cyofs1MD.js      [39m[1m[2m  0.27 kB[22m[1m[22m[2m â”‚ gzip:   0.22 kB[22m
Playwright E2E Tests	Run Playwright tests	2026-02-14T15:33:47.4172400Z [WebServer] [2m.svelte-kit/output/client/[22m[36m_app/immutable/chunks/UTeDDKfQ.js       [39m[1m[2m  0.32 kB[22m[1m[22m[2m â”‚ gzip:   0.25 kB[22m
Playwright E2E Tests	Run Playwright tests	2026-02-14T15:33:47.4173710Z [WebServer] [2m.svelte-kit/output/client/[22m[36m_app/immutable/nodes/2.YrLW_f4P.js      [39m[1m[2m  0.33 kB[22m[1m[22m[2m â”‚ gzip:   0.24 kB[22m
Playwright E2E Tests	Run Playwright tests	2026-02-14T15:33:47.4174940Z [WebServer] [2m.svelte-kit/output/client/[22m[36m_app/immutable/chunks/DNBQGm1E.js       [39m[1m[2m  0.51 kB[22m[1m[22m[2m â”‚ gzip:   0.33 kB[22m
Playwright E2E Tests	Run Playwright tests	2026-02-14T15:33:47.4176240Z [WebServer] [2m.svelte-kit/output/client/[22m[36m_app/immutable/nodes/1.Bd0J4bda.js      [39m[1m[2m  0.59 kB[22m[1m[22m[2m â”‚ gzip:   0.36 kB[22m
Playwright E2E Tests	Run Playwright tests	2026-02-14T15:33:47.4177490Z [WebServer] [2m.svelte-kit/output/client/[22m[36m_app/immutable/chunks/kYzkGnY2.js       [39m[1m[2m  0.62 kB[22m[1m[22m[2m â”‚ gzip:   0.39 kB[22m
Playwright E2E Tests	Run Playwright tests	2026-02-14T15:33:47.4179190Z [WebServer] [2m.svelte-kit/output/client/[22m[36m_app/immutable/chunks/B_eQUnVT.js       [39m[1m[2m  1.22 kB[22m[1m[22m[2m â”‚ gzip:   0.70 kB[22m
Playwright E2E Tests	Run Playwright tests	2026-02-14T15:33:47.4180540Z [WebServer] [2m.svelte-kit/output/client/[22m[36m_app/immutable/chunks/PPVm8Dsz.js       [39m[1m[2m  1.23 kB[22m[1m[22m[2m â”‚ gzip:   0.71 kB[22m
Playwright E2E Tests	Run Playwright tests	2026-02-14T15:33:47.4182000Z [WebServer] [2m.svelte-kit/output/client/[22m[36m_app/immutable/chunks/CZUGDX72.js       [39m[1m[2m  1.28 kB[22m[1m[22m[2m â”‚ gzip:   0.75 kB[22m
Playwright E2E Tests	Run Playwright tests	2026-02-14T15:33:47.4183370Z [WebServer] [2m.svelte-kit/output/client/[22m[36m_app/immutable/chunks/3eObdkcm.js       [39m[1m[2m  1.67 kB[22m[1m[22m[2m â”‚ gzip:   0.91 kB[22m
Playwright E2E Tests	Run Playwright tests	2026-02-14T15:33:47.4184710Z [WebServer] [2m.svelte-kit/output/client/[22m[36m_app/immutable/nodes/0.Cu7bQkcM.js      [39m[1m[2m  2.25 kB[22m[1m[22m[2m â”‚ gzip:   1.13 kB[22m
Playwright E2E Tests	Run Playwright tests	2026-02-14T15:33:47.4185910Z [WebServer] [2m.svelte-kit/output/client/[22m[36m_app/immutable/nodes/3.DDWOupRn.js      [39m[1m[2m  2.26 kB[22m[1m[22m[2m â”‚ gzip:   1.17 kB[22m
Playwright E2E Tests	Run Playwright tests	2026-02-14T15:33:47.4187050Z [WebServer] [2m.svelte-kit/output/client/[22m[36m_app/immutable/chunks/CcnYMLF9.js       [39m[1m[2m  2.44 kB[22m[1m[22m[2m â”‚ gzip:   1.16 kB[22m
Playwright E2E Tests	Run Playwright tests	2026-02-14T15:33:47.4188250Z [WebServer] [2m.svelte-kit/output/client/[22m[36m_app/immutable/chunks/CeyBpTG0.js       [39m[1m[2m  4.98 kB[22m[1m[22m[2m â”‚ gzip:   2.23 kB[22m
Playwright E2E Tests	Run Playwright tests	2026-02-14T15:33:47.4189610Z [WebServer] [2m.svelte-kit/output/client/[22m[36m_app/immutable/entry/app.oGbUWR3p.js    [39m[1m[2m  5.92 kB[22m[1m[22m[2m â”‚ gzip:   2.66 kB[22m
Playwright E2E Tests	Run Playwright tests	2026-02-14T15:33:47.4190890Z [WebServer] [2m.svelte-kit/output/client/[22m[36m_app/immutable/chunks/BVoyW1jO.js       [39m[1m[2m 22.19 kB[22m[1m[22m[2m â”‚ gzip:   8.80 kB[22m
Playwright E2E Tests	Run Playwright tests	2026-02-14T15:33:47.4193190Z [WebServer] [2m.svelte-kit/output/client/[22m[36m_app/immutable/chunks/D_xwmeUH.js       [39m[1m[2m 25.75 kB[22m[1m[22m[2m â”‚ gzip:  10.13 kB[22m
Playwright E2E Tests	Run Playwright tests	2026-02-14T15:33:47.4194480Z [WebServer] [2m.svelte-kit/output/client/[22m[36m_app/immutable/chunks/D7Cp3lZ_.js       [39m[1m[2m 37.30 kB[22m[1m[22m[2m â”‚ gzip:  12.75 kB[22m
Playwright E2E Tests	Run Playwright tests	2026-02-14T15:33:47.4196080Z [WebServer] [2m.svelte-kit/output/client/[22m[36m_app/immutable/chunks/DxCFdnk1.js       [39m[1m[2m128.97 kB[22m[1m[22m[2m â”‚ gzip:  36.70 kB[22m
Playwright E2E Tests	Run Playwright tests	2026-02-14T15:33:47.4197600Z [WebServer] [2m.svelte-kit/output/client/[22m[36m_app/immutable/chunks/BHA2BFeU.js       [39m[1m[2m150.70 kB[22m[1m[22m[2m â”‚ gzip:  45.00 kB[22m
Playwright E2E Tests	Run Playwright tests	2026-02-14T15:33:47.4198930Z [WebServer] [2m.svelte-kit/output/client/[22m[36m_app/immutable/chunks/Dkl77Sa9.js       [39m[1m[2m354.38 kB[22m[1m[22m[2m â”‚ gzip: 108.02 kB[22m
Playwright E2E Tests	Run Playwright tests	2026-02-14T15:33:47.4199800Z [WebServer] [32mâœ“ built in 1.46s[39m
Playwright E2E Tests	Run Playwright tests	2026-02-14T15:33:47.6982940Z [WebServer] [2m.svelte-kit/output/server/[22m[32m.vite/manifest.json                         [39m[1m[2m  3.84 kB[22m[1m[22m
Playwright E2E Tests	Run Playwright tests	2026-02-14T15:33:47.6987710Z [WebServer] [2m.svelte-kit/output/server/[22m[35m_app/immutable/assets/_page.CQoVvBMX.css    [39m[1m[2m  0.17 kB[22m[1m[22m
Playwright E2E Tests	Run Playwright tests	2026-02-14T15:33:47.6990910Z [WebServer] [2m.svelte-kit/output/server/[22m[35m_app/immutable/assets/_layout.TPte27Iz.css  [39m[1m[2m  0.64 kB[22m[1m[22m
Playwright E2E Tests	Run Playwright tests	2026-02-14T15:33:47.6995480Z [WebServer] [2m.svelte-kit/output/server/[22m[36mentries/pages/_layout.ts.js                 [39m[1m[2m  0.07 kB[22m[1m[22m
Playwright E2E Tests	Run Playwright tests	2026-02-14T15:33:47.6998370Z [WebServer] [2m.svelte-kit/output/server/[22m[36mentries/pages/dashboard/_page.svelte.js     [39m[1m[2m  0.18 kB[22m[1m[22m
Playwright E2E Tests	Run Playwright tests	2026-02-14T15:33:47.7001050Z [WebServer] [2m.svelte-kit/output/server/[22m[36mchunks/environment.js                       [39m[1m[2m  0.19 kB[22m[1m[22m
Playwright E2E Tests	Run Playwright tests	2026-02-14T15:33:47.7002800Z [WebServer] [2m.svelte-kit/output/server/[22m[36mentries/pages/_page.svelte.js               [39m[1m[2m  0.23 kB[22m[1m[22m
Playwright E2E Tests	Run Playwright tests	2026-02-14T15:33:47.7003910Z [WebServer] [2m.svelte-kit/output/server/[22m[36minternal.js                                 [39m[1m[2m  0.38 kB[22m[1m[22m
Playwright E2E Tests	Run Playwright tests	2026-02-14T15:33:47.7005370Z [WebServer] [2m.svelte-kit/output/server/[22m[36mchunks/server.js                            [39m[1m[2m  0.49 kB[22m[1m[22m
Playwright E2E Tests	Run Playwright tests	2026-02-14T15:33:47.7006230Z [WebServer] [2m.svelte-kit/output/server/[22m[36mchunks/escaping.js                          [39m[1m[2m  0.53 kB[22m[1m[22m
Playwright E2E Tests	Run Playwright tests	2026-02-14T15:33:47.7007200Z [WebServer] [2m.svelte-kit/output/server/[22m[36mentries/pages/admin/_page.svelte.js         [39m[1m[2m  0.90 kB[22m[1m[22m
Playwright E2E Tests	Run Playwright tests	2026-02-14T15:33:47.7008120Z [WebServer] [2m.svelte-kit/output/server/[22m[36mchunks/utils.js                             [39m[1m[2m  1.15 kB[22m[1m[22m
Playwright E2E Tests	Run Playwright tests	2026-02-14T15:33:47.7009160Z [WebServer] [2m.svelte-kit/output/server/[22m[36mentries/fallbacks/error.svelte.js           [39m[1m[2m  1.40 kB[22m[1m[22m
Playwright E2E Tests	Run Playwright tests	2026-02-14T15:33:47.7010500Z [WebServer] [2m.svelte-kit/output/server/[22m[36mchunks/index.js                             [39m[1m[2m  1.43 kB[22m[1m[22m
Playwright E2E Tests	Run Playwright tests	2026-02-14T15:33:47.7011550Z [WebServer] [2m.svelte-kit/output/server/[22m[36mentries/pages/_layout.svelte.js             [39m[1m[2m  2.34 kB[22m[1m[22m
Playwright E2E Tests	Run Playwright tests	2026-02-14T15:33:47.7012500Z [WebServer] [2m.svelte-kit/output/server/[22m[36mchunks/context.js                           [39m[1m[2m  2.45 kB[22m[1m[22m
Playwright E2E Tests	Run Playwright tests	2026-02-14T15:33:47.7013510Z [WebServer] [2m.svelte-kit/output/server/[22m[36mchunks/attributes.js                        [39m[1m[2m  4.42 kB[22m[1m[22m
Playwright E2E Tests	Run Playwright tests	2026-02-14T15:33:47.7014400Z [WebServer] [2m.svelte-kit/output/server/[22m[36mchunks/exports.js                           [39m[1m[2m  5.59 kB[22m[1m[22m
Playwright E2E Tests	Run Playwright tests	2026-02-14T15:33:47.7015320Z [WebServer] [2m.svelte-kit/output/server/[22m[36mremote-entry.js                             [39m[1m[2m 19.00 kB[22m[1m[22m
Playwright E2E Tests	Run Playwright tests	2026-02-14T15:33:47.7016240Z [WebServer] [2m.svelte-kit/output/server/[22m[36mchunks/shared.js                            [39m[1m[2m 25.96 kB[22m[1m[22m
Playwright E2E Tests	Run Playwright tests	2026-02-14T15:33:47.7017120Z [WebServer] [2m.svelte-kit/output/server/[22m[36mchunks/internal.js                          [39m[1m[2m 29.42 kB[22m[1m[22m
Playwright E2E Tests	Run Playwright tests	2026-02-14T15:33:47.7018010Z [WebServer] [2m.svelte-kit/output/server/[22m[36mchunks/index2.js                            [39m[1m[2m 76.20 kB[22m[1m[22m
Playwright E2E Tests	Run Playwright tests	2026-02-14T15:33:47.7019280Z [WebServer] [2m.svelte-kit/output/server/[22m[36mindex.js                                    [39m[1m[2m123.05 kB[22m[1m[22m
Playwright E2E Tests	Run Playwright tests	2026-02-14T15:33:47.7019860Z [WebServer] [32mâœ“ built in 2.77s[39m
Playwright E2E Tests	Run Playwright tests	2026-02-14T15:33:47.7020120Z [WebServer] 
Playwright E2E Tests	Run Playwright tests	2026-02-14T15:33:47.7020710Z [WebServer] Run [1m[36mnpm run preview[22m[39m to preview your production build locally.
Playwright E2E Tests	Run Playwright tests	2026-02-14T15:33:47.7029820Z [WebServer] [1m[36m
Playwright E2E Tests	Run Playwright tests	2026-02-14T15:33:47.7052200Z [WebServer] > Using @sveltejs/adapter-static[22m[39m
Playwright E2E Tests	Run Playwright tests	2026-02-14T15:33:48.0258860Z [WebServer]   Wrote site to "build"
Playwright E2E Tests	Run Playwright tests	2026-02-14T15:33:48.0260060Z [WebServer]   [32mâœ” done[39m
Playwright E2E Tests	Run Playwright tests	2026-02-14T15:33:48.1845980Z [WebServer] 
Playwright E2E Tests	Run Playwright tests	2026-02-14T15:33:48.1846420Z [WebServer] > uptime-retry@0.0.1 preview
Playwright E2E Tests	Run Playwright tests	2026-02-14T15:33:48.1846710Z [WebServer] > vite preview --port 5173
Playwright E2E Tests	Run Playwright tests	2026-02-14T15:33:48.1846950Z [WebServer] 
Playwright E2E Tests	Run Playwright tests	2026-02-14T15:33:48.8515830Z [WebServer]   [32mâžœ[39m  [1mLocal[22m:   [36mhttp://localhost:[1m5173[22m/[39m
Playwright E2E Tests	Run Playwright tests	2026-02-14T15:33:48.8533360Z [WebServer] [2m  [32mâžœ[39m  [1mNetwork[22m[2m: use [22m[1m--host[22m[2m to expose[22m
Playwright E2E Tests	Run Playwright tests	2026-02-14T15:33:49.6297530Z 
Playwright E2E Tests	Run Playwright tests	2026-02-14T15:33:49.6297950Z Running 3 tests using 1 worker
Playwright E2E Tests	Run Playwright tests	2026-02-14T15:35:47.5436000Z Ã—Ã—FÃ—Ã—TÃ—Ã—F
Playwright E2E Tests	Run Playwright tests	2026-02-14T15:35:47.5543440Z 
Playwright E2E Tests	Run Playwright tests	2026-02-14T15:35:47.5645630Z   1) [chromium] â€º tests/e2e/001-scaffolding/001-scaffolding.spec.ts:4:1 â€º App Scaffolding Verification 
Playwright E2E Tests	Run Playwright tests	2026-02-14T15:35:47.5745620Z 
Playwright E2E Tests	Run Playwright tests	2026-02-14T15:35:47.5848370Z     Error: [2mexpect([22m[31mpage[39m[2m).[22mtoHaveScreenshot[2m([22m[32mexpected[39m[2m)[22m failed
Playwright E2E Tests	Run Playwright tests	2026-02-14T15:35:47.5863010Z 
Playwright E2E Tests	Run Playwright tests	2026-02-14T15:35:47.5863980Z       11351 pixels (ratio 0.02 of all image pixels) are different.
Playwright E2E Tests	Run Playwright tests	2026-02-14T15:35:47.5875020Z 
Playwright E2E Tests	Run Playwright tests	2026-02-14T15:35:47.5875150Z       Snapshot: home-page.png
Playwright E2E Tests	Run Playwright tests	2026-02-14T15:35:47.5875400Z 
Playwright E2E Tests	Run Playwright tests	2026-02-14T15:35:47.5875550Z     Call log:
Playwright E2E Tests	Run Playwright tests	2026-02-14T15:35:47.5876340Z     [2m  - Expect "toHaveScreenshot(home-page.png)" with timeout 5000ms[22m
Playwright E2E Tests	Run Playwright tests	2026-02-14T15:35:47.5877200Z     [2m    - verifying given screenshot expectation[22m
Playwright E2E Tests	Run Playwright tests	2026-02-14T15:35:47.5878040Z     [2m  - taking page screenshot[22m
Playwright E2E Tests	Run Playwright tests	2026-02-14T15:35:47.5878890Z     [2m    - disabled all CSS animations[22m
Playwright E2E Tests	Run Playwright tests	2026-02-14T15:35:47.5879780Z     [2m  - waiting for fonts to load...[22m
Playwright E2E Tests	Run Playwright tests	2026-02-14T15:35:47.5880480Z     [2m  - fonts loaded[22m
Playwright E2E Tests	Run Playwright tests	2026-02-14T15:35:47.5880950Z     [2m  - 11351 pixels (ratio 0.02 of all image pixels) are different.[22m
Playwright E2E Tests	Run Playwright tests	2026-02-14T15:35:47.5881770Z     [2m  - waiting 100ms before taking screenshot[22m
Playwright E2E Tests	Run Playwright tests	2026-02-14T15:35:47.5882760Z     [2m  - taking page screenshot[22m
Playwright E2E Tests	Run Playwright tests	2026-02-14T15:35:47.5883120Z     [2m    - disabled all CSS animations[22m
Playwright E2E Tests	Run Playwright tests	2026-02-14T15:35:47.5883510Z     [2m  - waiting for fonts to load...[22m
Playwright E2E Tests	Run Playwright tests	2026-02-14T15:35:47.5884420Z     [2m  - fonts loaded[22m
Playwright E2E Tests	Run Playwright tests	2026-02-14T15:35:47.5884880Z     [2m  - captured a stable screenshot[22m
Playwright E2E Tests	Run Playwright tests	2026-02-14T15:35:47.5885580Z     [2m  - 11351 pixels (ratio 0.02 of all image pixels) are different.[22m
Playwright E2E Tests	Run Playwright tests	2026-02-14T15:35:47.5885940Z 
Playwright E2E Tests	Run Playwright tests	2026-02-14T15:35:47.5885950Z 
Playwright E2E Tests	Run Playwright tests	2026-02-14T15:35:47.5886200Z        at helpers/test-step-helper.ts:35
Playwright E2E Tests	Run Playwright tests	2026-02-14T15:35:47.5886370Z 
Playwright E2E Tests	Run Playwright tests	2026-02-14T15:35:47.5886720Z       33 |
Playwright E2E Tests	Run Playwright tests	2026-02-14T15:35:47.5887020Z       34 |         // Visual Snapshot
Playwright E2E Tests	Run Playwright tests	2026-02-14T15:35:47.5887560Z     > 35 |         await expect(this.page).toHaveScreenshot(`${name}.png`);
Playwright E2E Tests	Run Playwright tests	2026-02-14T15:35:47.5887970Z          |                                 ^
Playwright E2E Tests	Run Playwright tests	2026-02-14T15:35:47.5888250Z       36 |
Playwright E2E Tests	Run Playwright tests	2026-02-14T15:35:47.5888590Z       37 |         // Verifications
Playwright E2E Tests	Run Playwright tests	2026-02-14T15:35:47.5888990Z       38 |         for (const v of config.verifications) {
Playwright E2E Tests	Run Playwright tests	2026-02-14T15:35:47.5889620Z         at TestStepHelper.step (/Users/runner/work/uptime/uptime/tests/e2e/helpers/test-step-helper.ts:35:33)
Playwright E2E Tests	Run Playwright tests	2026-02-14T15:35:47.5890350Z         at /Users/runner/work/uptime/uptime/tests/e2e/001-scaffolding/001-scaffolding.spec.ts:10:5
Playwright E2E Tests	Run Playwright tests	2026-02-14T15:35:47.5890780Z 
Playwright E2E Tests	Run Playwright tests	2026-02-14T15:35:47.5891330Z     attachment #1: home-page (image/png) â”€â”€â”€â”€â”€â”€â”€â”€â”€â”€â”€â”€â”€â”€â”€â”€â”€â”€â”€â”€â”€â”€â”€â”€â”€â”€â”€â”€â”€â”€â”€â”€â”€â”€â”€â”€â”€â”€â”€â”€â”€â”€â”€â”€â”€â”€â”€â”€â”€â”€â”€â”€â”€â”€â”€â”€â”€â”€â”€
Playwright E2E Tests	Run Playwright tests	2026-02-14T15:35:47.5899180Z     Expected: tests/e2e/001-scaffolding/screenshots/home-page.png
Playwright E2E Tests	Run Playwright tests	2026-02-14T15:35:47.5901310Z     Received: test-results/001-scaffolding-001-scaffolding-App-Scaffolding-Verification-chromium/home-page-actual.png
Playwright E2E Tests	Run Playwright tests	2026-02-14T15:35:47.5902220Z     Diff:     test-results/001-scaffolding-001-scaffolding-App-Scaffolding-Verification-chromium/home-page-diff.png
Playwright E2E Tests	Run Playwright tests	2026-02-14T15:35:47.5903730Z     â”€â”€â”€â”€â”€â”€â”€â”€â”€â”€â”€â”€â”€â”€â”€â”€â”€â”€â”€â”€â”€â”€â”€â”€â”€â”€â”€â”€â”€â”€â”€â”€â”€â”€â”€â”€â”€â”€â”€â”€â”€â”€â”€â”€â”€â”€â”€â”€â”€â”€â”€â”€â”€â”€â”€â”€â”€â”€â”€â”€â”€â”€â”€â”€â”€â”€â”€â”€â”€â”€â”€â”€â”€â”€â”€â”€â”€â”€â”€â”€â”€â”€â”€â”€â”€â”€â”€â”€â”€â”€â”€â”€â”€â”€â”€â”€
Playwright E2E Tests	Run Playwright tests	2026-02-14T15:35:47.5904040Z 
Playwright E2E Tests	Run Playwright tests	2026-02-14T15:35:47.5904510Z     Error Context: test-results/001-scaffolding-001-scaffolding-App-Scaffolding-Verification-chromium/error-context.md
Playwright E2E Tests	Run Playwright tests	2026-02-14T15:35:47.5904950Z 
Playwright E2E Tests	Run Playwright tests	2026-02-14T15:35:47.5905350Z     Retry #1 â”€â”€â”€â”€â”€â”€â”€â”€â”€â”€â”€â”€â”€â”€â”€â”€â”€â”€â”€â”€â”€â”€â”€â”€â”€â”€â”€â”€â”€â”€â”€â”€â”€â”€â”€â”€â”€â”€â”€â”€â”€â”€â”€â”€â”€â”€â”€â”€â”€â”€â”€â”€â”€â”€â”€â”€â”€â”€â”€â”€â”€â”€â”€â”€â”€â”€â”€â”€â”€â”€â”€â”€â”€â”€â”€â”€â”€â”€â”€â”€â”€â”€â”€â”€â”€â”€â”€
Playwright E2E Tests	Run Playwright tests	2026-02-14T15:35:47.5905690Z 
Playwright E2E Tests	Run Playwright tests	2026-02-14T15:35:47.5906090Z     Error: [2mexpect([22m[31mpage[39m[2m).[22mtoHaveScreenshot[2m([22m[32mexpected[39m[2m)[22m failed
Playwright E2E Tests	Run Playwright tests	2026-02-14T15:35:47.5906500Z 
Playwright E2E Tests	Run Playwright tests	2026-02-14T15:35:47.5906760Z       11351 pixels (ratio 0.02 of all image pixels) are different.
Playwright E2E Tests	Run Playwright tests	2026-02-14T15:35:47.5907040Z 
Playwright E2E Tests	Run Playwright tests	2026-02-14T15:35:47.5907110Z       Snapshot: home-page.png
Playwright E2E Tests	Run Playwright tests	2026-02-14T15:35:47.5907310Z 
Playwright E2E Tests	Run Playwright tests	2026-02-14T15:35:47.5907480Z     Call log:
Playwright E2E Tests	Run Playwright tests	2026-02-14T15:35:47.5907840Z     [2m  - Expect "toHaveScreenshot(home-page.png)" with timeout 5000ms[22m
Playwright E2E Tests	Run Playwright tests	2026-02-14T15:35:47.5908350Z     [2m    - verifying given screenshot expectation[22m
Playwright E2E Tests	Run Playwright tests	2026-02-14T15:35:47.5908730Z     [2m  - taking page screenshot[22m
Playwright E2E Tests	Run Playwright tests	2026-02-14T15:35:47.5909070Z     [2m    - disabled all CSS animations[22m
Playwright E2E Tests	Run Playwright tests	2026-02-14T15:35:47.5909380Z     [2m  - waiting for fonts to load...[22m
Playwright E2E Tests	Run Playwright tests	2026-02-14T15:35:47.5910110Z     [2m  - fonts loaded[22m
Playwright E2E Tests	Run Playwright tests	2026-02-14T15:35:47.5910590Z     [2m  - 11351 pixels (ratio 0.02 of all image pixels) are different.[22m
Playwright E2E Tests	Run Playwright tests	2026-02-14T15:35:47.5911160Z     [2m  - waiting 100ms before taking screenshot[22m
Playwright E2E Tests	Run Playwright tests	2026-02-14T15:35:47.5911580Z     [2m  - taking page screenshot[22m
Playwright E2E Tests	Run Playwright tests	2026-02-14T15:35:47.5911950Z     [2m    - disabled all CSS animations[22m
Playwright E2E Tests	Run Playwright tests	2026-02-14T15:35:47.5912370Z     [2m  - waiting for fonts to load...[22m
Playwright E2E Tests	Run Playwright tests	2026-02-14T15:35:47.5912690Z     [2m  - fonts loaded[22m
Playwright E2E Tests	Run Playwright tests	2026-02-14T15:35:47.5912960Z     [2m  - captured a stable screenshot[22m
Playwright E2E Tests	Run Playwright tests	2026-02-14T15:35:47.5913420Z     [2m  - 11351 pixels (ratio 0.02 of all image pixels) are different.[22m
Playwright E2E Tests	Run Playwright tests	2026-02-14T15:35:47.5913770Z 
Playwright E2E Tests	Run Playwright tests	2026-02-14T15:35:47.5913780Z 
Playwright E2E Tests	Run Playwright tests	2026-02-14T15:35:47.5913940Z        at helpers/test-step-helper.ts:35
Playwright E2E Tests	Run Playwright tests	2026-02-14T15:35:47.5914090Z 
Playwright E2E Tests	Run Playwright tests	2026-02-14T15:35:47.5914190Z       33 |
Playwright E2E Tests	Run Playwright tests	2026-02-14T15:35:47.5914380Z       34 |         // Visual Snapshot
Playwright E2E Tests	Run Playwright tests	2026-02-14T15:35:47.5979910Z     > 35 |         await expect(this.page).toHaveScreenshot(`${name}.png`);
Playwright E2E Tests	Run Playwright tests	2026-02-14T15:35:47.5980350Z          |                                 ^
Playwright E2E Tests	Run Playwright tests	2026-02-14T15:35:47.5980620Z       36 |
Playwright E2E Tests	Run Playwright tests	2026-02-14T15:35:47.5980860Z       37 |         // Verifications
Playwright E2E Tests	Run Playwright tests	2026-02-14T15:35:47.5981830Z       38 |         for (const v of config.verifications) {
Playwright E2E Tests	Run Playwright tests	2026-02-14T15:35:47.5982440Z         at TestStepHelper.step (/Users/runner/work/uptime/uptime/tests/e2e/helpers/test-step-helper.ts:35:33)
Playwright E2E Tests	Run Playwright tests	2026-02-14T15:35:47.5983200Z         at /Users/runner/work/uptime/uptime/tests/e2e/001-scaffolding/001-scaffolding.spec.ts:10:5
Playwright E2E Tests	Run Playwright tests	2026-02-14T15:35:47.5983620Z 
Playwright E2E Tests	Run Playwright tests	2026-02-14T15:35:47.5984210Z     attachment #1: home-page (image/png) â”€â”€â”€â”€â”€â”€â”€â”€â”€â”€â”€â”€â”€â”€â”€â”€â”€â”€â”€â”€â”€â”€â”€â”€â”€â”€â”€â”€â”€â”€â”€â”€â”€â”€â”€â”€â”€â”€â”€â”€â”€â”€â”€â”€â”€â”€â”€â”€â”€â”€â”€â”€â”€â”€â”€â”€â”€â”€â”€
Playwright E2E Tests	Run Playwright tests	2026-02-14T15:35:47.5984800Z     Expected: tests/e2e/001-scaffolding/screenshots/home-page.png
Playwright E2E Tests	Run Playwright tests	2026-02-14T15:35:47.5985600Z     Received: test-results/001-scaffolding-001-scaffolding-App-Scaffolding-Verification-chromium-retry1/home-page-actual.png
Playwright E2E Tests	Run Playwright tests	2026-02-14T15:35:47.5986610Z     Diff:     test-results/001-scaffolding-001-scaffolding-App-Scaffolding-Verification-chromium-retry1/home-page-diff.png
Playwright E2E Tests	Run Playwright tests	2026-02-14T15:35:47.5987440Z     â”€â”€â”€â”€â”€â”€â”€â”€â”€â”€â”€â”€â”€â”€â”€â”€â”€â”€â”€â”€â”€â”€â”€â”€â”€â”€â”€â”€â”€â”€â”€â”€â”€â”€â”€â”€â”€â”€â”€â”€â”€â”€â”€â”€â”€â”€â”€â”€â”€â”€â”€â”€â”€â”€â”€â”€â”€â”€â”€â”€â”€â”€â”€â”€â”€â”€â”€â”€â”€â”€â”€â”€â”€â”€â”€â”€â”€â”€â”€â”€â”€â”€â”€â”€â”€â”€â”€â”€â”€â”€â”€â”€â”€â”€â”€â”€
Playwright E2E Tests	Run Playwright tests	2026-02-14T15:35:47.5988910Z 
Playwright E2E Tests	Run Playwright tests	2026-02-14T15:35:47.5989430Z     Error Context: test-results/001-scaffolding-001-scaffolding-App-Scaffolding-Verification-chromium-retry1/error-context.md
Playwright E2E Tests	Run Playwright tests	2026-02-14T15:35:47.5989990Z 
Playwright E2E Tests	Run Playwright tests	2026-02-14T15:35:47.5990500Z     attachment #3: trace (application/zip) â”€â”€â”€â”€â”€â”€â”€â”€â”€â”€â”€â”€â”€â”€â”€â”€â”€â”€â”€â”€â”€â”€â”€â”€â”€â”€â”€â”€â”€â”€â”€â”€â”€â”€â”€â”€â”€â”€â”€â”€â”€â”€â”€â”€â”€â”€â”€â”€â”€â”€â”€â”€â”€â”€â”€â”€â”€
Playwright E2E Tests	Run Playwright tests	2026-02-14T15:35:47.5991720Z     test-results/001-scaffolding-001-scaffolding-App-Scaffolding-Verification-chromium-retry1/trace.zip
Playwright E2E Tests	Run Playwright tests	2026-02-14T15:35:47.5992300Z     Usage:
Playwright E2E Tests	Run Playwright tests	2026-02-14T15:35:47.5992390Z 
Playwright E2E Tests	Run Playwright tests	2026-02-14T15:35:47.5992840Z         npx playwright show-trace test-results/001-scaffolding-001-scaffolding-App-Scaffolding-Verification-chromium-retry1/trace.zip
Playwright E2E Tests	Run Playwright tests	2026-02-14T15:35:47.5993290Z 
Playwright E2E Tests	Run Playwright tests	2026-02-14T15:35:47.5993600Z     â”€â”€â”€â”€â”€â”€â”€â”€â”€â”€â”€â”€â”€â”€â”€â”€â”€â”€â”€â”€â”€â”€â”€â”€â”€â”€â”€â”€â”€â”€â”€â”€â”€â”€â”€â”€â”€â”€â”€â”€â”€â”€â”€â”€â”€â”€â”€â”€â”€â”€â”€â”€â”€â”€â”€â”€â”€â”€â”€â”€â”€â”€â”€â”€â”€â”€â”€â”€â”€â”€â”€â”€â”€â”€â”€â”€â”€â”€â”€â”€â”€â”€â”€â”€â”€â”€â”€â”€â”€â”€â”€â”€â”€â”€â”€â”€
Playwright E2E Tests	Run Playwright tests	2026-02-14T15:35:47.5993930Z 
Playwright E2E Tests	Run Playwright tests	2026-02-14T15:35:47.5994300Z     Retry #2 â”€â”€â”€â”€â”€â”€â”€â”€â”€â”€â”€â”€â”€â”€â”€â”€â”€â”€â”€â”€â”€â”€â”€â”€â”€â”€â”€â”€â”€â”€â”€â”€â”€â”€â”€â”€â”€â”€â”€â”€â”€â”€â”€â”€â”€â”€â”€â”€â”€â”€â”€â”€â”€â”€â”€â”€â”€â”€â”€â”€â”€â”€â”€â”€â”€â”€â”€â”€â”€â”€â”€â”€â”€â”€â”€â”€â”€â”€â”€â”€â”€â”€â”€â”€â”€â”€â”€
Playwright E2E Tests	Run Playwright tests	2026-02-14T15:35:47.5994560Z 
Playwright E2E Tests	Run Playwright tests	2026-02-14T15:35:47.5994960Z     Error: [2mexpect([22m[31mpage[39m[2m).[22mtoHaveScreenshot[2m([22m[32mexpected[39m[2m)[22m failed
Playwright E2E Tests	Run Playwright tests	2026-02-14T15:35:47.5995270Z 
Playwright E2E Tests	Run Playwright tests	2026-02-14T15:35:47.5995660Z       11351 pixels (ratio 0.02 of all image pixels) are different.
Playwright E2E Tests	Run Playwright tests	2026-02-14T15:35:47.5995890Z 
Playwright E2E Tests	Run Playwright tests	2026-02-14T15:35:47.5995970Z       Snapshot: home-page.png
Playwright E2E Tests	Run Playwright tests	2026-02-14T15:35:47.5996090Z 
Playwright E2E Tests	Run Playwright tests	2026-02-14T15:35:47.5996140Z     Call log:
Playwright E2E Tests	Run Playwright tests	2026-02-14T15:35:47.5996590Z     [2m  - Expect "toHaveScreenshot(home-page.png)" with timeout 5000ms[22m
Playwright E2E Tests	Run Playwright tests	2026-02-14T15:35:47.5997240Z     [2m    - verifying given screenshot expectation[22m
Playwright E2E Tests	Run Playwright tests	2026-02-14T15:35:47.5997620Z     [2m  - taking page screenshot[22m
Playwright E2E Tests	Run Playwright tests	2026-02-14T15:35:47.5997960Z     [2m    - disabled all CSS animations[22m
Playwright E2E Tests	Run Playwright tests	2026-02-14T15:35:47.5998770Z     [2m  - waiting for fonts to load...[22m
Playwright E2E Tests	Run Playwright tests	2026-02-14T15:35:47.5999090Z     [2m  - fonts loaded[22m
Playwright E2E Tests	Run Playwright tests	2026-02-14T15:35:47.5999510Z     [2m  - 11351 pixels (ratio 0.02 of all image pixels) are different.[22m
Playwright E2E Tests	Run Playwright tests	2026-02-14T15:35:47.5999970Z     [2m  - waiting 100ms before taking screenshot[22m
Playwright E2E Tests	Run Playwright tests	2026-02-14T15:35:47.6000300Z     [2m  - taking page screenshot[22m
Playwright E2E Tests	Run Playwright tests	2026-02-14T15:35:47.6000760Z     [2m    - disabled all CSS animations[22m
Playwright E2E Tests	Run Playwright tests	2026-02-14T15:35:47.6001090Z     [2m  - waiting for fonts to load...[22m
Playwright E2E Tests	Run Playwright tests	2026-02-14T15:35:47.6001330Z     [2m  - fonts loaded[22m
Playwright E2E Tests	Run Playwright tests	2026-02-14T15:35:47.6001690Z     [2m  - captured a stable screenshot[22m
Playwright E2E Tests	Run Playwright tests	2026-02-14T15:35:47.6002230Z     [2m  - 11351 pixels (ratio 0.02 of all image pixels) are different.[22m
Playwright E2E Tests	Run Playwright tests	2026-02-14T15:35:47.6002460Z 
Playwright E2E Tests	Run Playwright tests	2026-02-14T15:35:47.6002470Z 
Playwright E2E Tests	Run Playwright tests	2026-02-14T15:35:47.6002620Z        at helpers/test-step-helper.ts:35
Playwright E2E Tests	Run Playwright tests	2026-02-14T15:35:47.6002940Z 
Playwright E2E Tests	Run Playwright tests	2026-02-14T15:35:47.6003000Z       33 |
Playwright E2E Tests	Run Playwright tests	2026-02-14T15:35:47.6003330Z       34 |         // Visual Snapshot
Playwright E2E Tests	Run Playwright tests	2026-02-14T15:35:47.6003720Z     > 35 |         await expect(this.page).toHaveScreenshot(`${name}.png`);
Playwright E2E Tests	Run Playwright tests	2026-02-14T15:35:47.6004100Z          |                                 ^
Playwright E2E Tests	Run Playwright tests	2026-02-14T15:35:47.6004690Z       36 |
Playwright E2E Tests	Run Playwright tests	2026-02-14T15:35:47.6004910Z       37 |         // Verifications
Playwright E2E Tests	Run Playwright tests	2026-02-14T15:35:47.6005280Z       38 |         for (const v of config.verifications) {
Playwright E2E Tests	Run Playwright tests	2026-02-14T15:35:47.6005920Z         at TestStepHelper.step (/Users/runner/work/uptime/uptime/tests/e2e/helpers/test-step-helper.ts:35:33)
Playwright E2E Tests	Run Playwright tests	2026-02-14T15:35:47.6006600Z         at /Users/runner/work/uptime/uptime/tests/e2e/001-scaffolding/001-scaffolding.spec.ts:10:5
Playwright E2E Tests	Run Playwright tests	2026-02-14T15:35:47.6007170Z 
Playwright E2E Tests	Run Playwright tests	2026-02-14T15:35:47.6007570Z     attachment #1: home-page (image/png) â”€â”€â”€â”€â”€â”€â”€â”€â”€â”€â”€â”€â”€â”€â”€â”€â”€â”€â”€â”€â”€â”€â”€â”€â”€â”€â”€â”€â”€â”€â”€â”€â”€â”€â”€â”€â”€â”€â”€â”€â”€â”€â”€â”€â”€â”€â”€â”€â”€â”€â”€â”€â”€â”€â”€â”€â”€â”€â”€
Playwright E2E Tests	Run Playwright tests	2026-02-14T15:35:47.6008240Z     Expected: tests/e2e/001-scaffolding/screenshots/home-page.png
Playwright E2E Tests	Run Playwright tests	2026-02-14T15:35:47.6009200Z     Received: test-results/001-scaffolding-001-scaffolding-App-Scaffolding-Verification-chromium-retry2/home-page-actual.png
Playwright E2E Tests	Run Playwright tests	2026-02-14T15:35:47.6010170Z     Diff:     test-results/001-scaffolding-001-scaffolding-App-Scaffolding-Verification-chromium-retry2/home-page-diff.png
Playwright E2E Tests	Run Playwright tests	2026-02-14T15:35:47.6010980Z     â”€â”€â”€â”€â”€â”€â”€â”€â”€â”€â”€â”€â”€â”€â”€â”€â”€â”€â”€â”€â”€â”€â”€â”€â”€â”€â”€â”€â”€â”€â”€â”€â”€â”€â”€â”€â”€â”€â”€â”€â”€â”€â”€â”€â”€â”€â”€â”€â”€â”€â”€â”€â”€â”€â”€â”€â”€â”€â”€â”€â”€â”€â”€â”€â”€â”€â”€â”€â”€â”€â”€â”€â”€â”€â”€â”€â”€â”€â”€â”€â”€â”€â”€â”€â”€â”€â”€â”€â”€â”€â”€â”€â”€â”€â”€â”€
Playwright E2E Tests	Run Playwright tests	2026-02-14T15:35:47.6011210Z 
Playwright E2E Tests	Run Playwright tests	2026-02-14T15:35:47.6011660Z     Error Context: test-results/001-scaffolding-001-scaffolding-App-Scaffolding-Verification-chromium-retry2/error-context.md
Playwright E2E Tests	Run Playwright tests	2026-02-14T15:35:47.6012100Z 
Playwright E2E Tests	Run Playwright tests	2026-02-14T15:35:47.6012470Z   2) [chromium] â€º tests/e2e/auth.spec.ts:4:5 â€º Authentication â€º User can sign in â”€â”€â”€â”€â”€â”€â”€â”€â”€â”€â”€â”€â”€â”€â”€â”€â”€â”€â”€
Playwright E2E Tests	Run Playwright tests	2026-02-14T15:35:47.6012760Z 
Playwright E2E Tests	Run Playwright tests	2026-02-14T15:35:47.6012970Z     [31mTest timeout of 30000ms exceeded.[39m
Playwright E2E Tests	Run Playwright tests	2026-02-14T15:35:47.6013170Z 
Playwright E2E Tests	Run Playwright tests	2026-02-14T15:35:47.6013470Z     Error: locator.click: Test timeout of 30000ms exceeded.
Playwright E2E Tests	Run Playwright tests	2026-02-14T15:35:47.6013870Z     Call log:
Playwright E2E Tests	Run Playwright tests	2026-02-14T15:35:47.6014490Z     [2m  - waiting for getByRole('button', { name: 'Sign in with Google' })[22m
Playwright E2E Tests	Run Playwright tests	2026-02-14T15:35:47.6015140Z 
Playwright E2E Tests	Run Playwright tests	2026-02-14T15:35:47.6015150Z 
Playwright E2E Tests	Run Playwright tests	2026-02-14T15:35:47.6015260Z       10 |
Playwright E2E Tests	Run Playwright tests	2026-02-14T15:35:47.6015500Z       11 |         // Click Sign In
Playwright E2E Tests	Run Playwright tests	2026-02-14T15:35:47.6015910Z     > 12 |         await page.getByRole('button', { name: 'Sign in with Google' }).click();
Playwright E2E Tests	Run Playwright tests	2026-02-14T15:35:47.6016350Z          |                                                                         ^
Playwright E2E Tests	Run Playwright tests	2026-02-14T15:35:47.6016630Z       13 |
Playwright E2E Tests	Run Playwright tests	2026-02-14T15:35:47.6016930Z       14 |         // Handle the popup
Playwright E2E Tests	Run Playwright tests	2026-02-14T15:35:47.6017310Z       15 |         const popup = await pagePromise;
Playwright E2E Tests	Run Playwright tests	2026-02-14T15:35:47.6017740Z         at /Users/runner/work/uptime/uptime/tests/e2e/auth.spec.ts:12:73
Playwright E2E Tests	Run Playwright tests	2026-02-14T15:35:47.6018070Z 
Playwright E2E Tests	Run Playwright tests	2026-02-14T15:35:47.6018290Z     Error: browserContext.waitForEvent: Test timeout of 30000ms exceeded.
Playwright E2E Tests	Run Playwright tests	2026-02-14T15:35:47.6018540Z 
Playwright E2E Tests	Run Playwright tests	2026-02-14T15:35:47.6018590Z        7 |
Playwright E2E Tests	Run Playwright tests	2026-02-14T15:35:47.6021020Z        8 |         // Setup a listener for the popup
Playwright E2E Tests	Run Playwright tests	2026-02-14T15:35:47.6021390Z     >  9 |         const pagePromise = context.waitForEvent('page');
Playwright E2E Tests	Run Playwright tests	2026-02-14T15:35:47.6021690Z          |                                     ^
Playwright E2E Tests	Run Playwright tests	2026-02-14T15:35:47.6021910Z       10 |
Playwright E2E Tests	Run Playwright tests	2026-02-14T15:35:47.6022350Z       11 |         // Click Sign In
Playwright E2E Tests	Run Playwright tests	2026-02-14T15:35:47.6022830Z       12 |         await page.getByRole('button', { name: 'Sign in with Google' }).click();
Playwright E2E Tests	Run Playwright tests	2026-02-14T15:35:47.6023410Z         at /Users/runner/work/uptime/uptime/tests/e2e/auth.spec.ts:9:37
Playwright E2E Tests	Run Playwright tests	2026-02-14T15:35:47.6023730Z 
Playwright E2E Tests	Run Playwright tests	2026-02-14T15:35:47.6024080Z     Error Context: test-results/auth-Authentication-User-can-sign-in-chromium/error-context.md
Playwright E2E Tests	Run Playwright tests	2026-02-14T15:35:47.6024510Z 
Playwright E2E Tests	Run Playwright tests	2026-02-14T15:35:47.6024980Z     Retry #1 â”€â”€â”€â”€â”€â”€â”€â”€â”€â”€â”€â”€â”€â”€â”€â”€â”€â”€â”€â”€â”€â”€â”€â”€â”€â”€â”€â”€â”€â”€â”€â”€â”€â”€â”€â”€â”€â”€â”€â”€â”€â”€â”€â”€â”€â”€â”€â”€â”€â”€â”€â”€â”€â”€â”€â”€â”€â”€â”€â”€â”€â”€â”€â”€â”€â”€â”€â”€â”€â”€â”€â”€â”€â”€â”€â”€â”€â”€â”€â”€â”€â”€â”€â”€â”€â”€â”€
Playwright E2E Tests	Run Playwright tests	2026-02-14T15:35:47.6025240Z 
Playwright E2E Tests	Run Playwright tests	2026-02-14T15:35:47.6025450Z     [31mTest timeout of 30000ms exceeded.[39m
Playwright E2E Tests	Run Playwright tests	2026-02-14T15:35:47.6025610Z 
Playwright E2E Tests	Run Playwright tests	2026-02-14T15:35:47.6025800Z     Error: locator.click: Test timeout of 30000ms exceeded.
Playwright E2E Tests	Run Playwright tests	2026-02-14T15:35:47.6026090Z     Call log:
Playwright E2E Tests	Run Playwright tests	2026-02-14T15:35:47.6026570Z     [2m  - waiting for getByRole('button', { name: 'Sign in with Google' })[22m
Playwright E2E Tests	Run Playwright tests	2026-02-14T15:35:47.6026850Z 
Playwright E2E Tests	Run Playwright tests	2026-02-14T15:35:47.6026870Z 
Playwright E2E Tests	Run Playwright tests	2026-02-14T15:35:47.6026960Z       10 |
Playwright E2E Tests	Run Playwright tests	2026-02-14T15:35:47.6027180Z       11 |         // Click Sign In
Playwright E2E Tests	Run Playwright tests	2026-02-14T15:35:47.6027540Z     > 12 |         await page.getByRole('button', { name: 'Sign in with Google' }).click();
Playwright E2E Tests	Run Playwright tests	2026-02-14T15:35:47.6027990Z          |                                                                         ^
Playwright E2E Tests	Run Playwright tests	2026-02-14T15:35:47.6028250Z       13 |
Playwright E2E Tests	Run Playwright tests	2026-02-14T15:35:47.6028480Z       14 |         // Handle the popup
Playwright E2E Tests	Run Playwright tests	2026-02-14T15:35:47.6028740Z       15 |         const popup = await pagePromise;
Playwright E2E Tests	Run Playwright tests	2026-02-14T15:35:47.6030590Z         at /Users/runner/work/uptime/uptime/tests/e2e/auth.spec.ts:12:73
Playwright E2E Tests	Run Playwright tests	2026-02-14T15:35:47.6030890Z 
Playwright E2E Tests	Run Playwright tests	2026-02-14T15:35:47.6031110Z     Error: browserContext.waitForEvent: Test timeout of 30000ms exceeded.
Playwright E2E Tests	Run Playwright tests	2026-02-14T15:35:47.6031350Z 
Playwright E2E Tests	Run Playwright tests	2026-02-14T15:35:47.6031410Z        7 |
Playwright E2E Tests	Run Playwright tests	2026-02-14T15:35:47.6031700Z        8 |         // Setup a listener for the popup
Playwright E2E Tests	Run Playwright tests	2026-02-14T15:35:47.6032180Z     >  9 |         const pagePromise = context.waitForEvent('page');
Playwright E2E Tests	Run Playwright tests	2026-02-14T15:35:47.6032690Z          |                                     ^
Playwright E2E Tests	Run Playwright tests	2026-02-14T15:35:47.6033030Z       10 |
Playwright E2E Tests	Run Playwright tests	2026-02-14T15:35:47.6033260Z       11 |         // Click Sign In
Playwright E2E Tests	Run Playwright tests	2026-02-14T15:35:47.6033750Z       12 |         await page.getByRole('button', { name: 'Sign in with Google' }).click();
Playwright E2E Tests	Run Playwright tests	2026-02-14T15:35:47.6034340Z         at /Users/runner/work/uptime/uptime/tests/e2e/auth.spec.ts:9:37
Playwright E2E Tests	Run Playwright tests	2026-02-14T15:35:47.6034580Z 
Playwright E2E Tests	Run Playwright tests	2026-02-14T15:35:47.6035020Z     Error Context: test-results/auth-Authentication-User-can-sign-in-chromium-retry1/error-context.md
Playwright E2E Tests	Run Playwright tests	2026-02-14T15:35:47.6035410Z 
Playwright E2E Tests	Run Playwright tests	2026-02-14T15:35:47.6035920Z     attachment #2: trace (application/zip) â”€â”€â”€â”€â”€â”€â”€â”€â”€â”€â”€â”€â”€â”€â”€â”€â”€â”€â”€â”€â”€â”€â”€â”€â”€â”€â”€â”€â”€â”€â”€â”€â”€â”€â”€â”€â”€â”€â”€â”€â”€â”€â”€â”€â”€â”€â”€â”€â”€â”€â”€â”€â”€â”€â”€â”€â”€
Playwright E2E Tests	Run Playwright tests	2026-02-14T15:35:47.6036560Z     test-results/auth-Authentication-User-can-sign-in-chromium-retry1/trace.zip
Playwright E2E Tests	Run Playwright tests	2026-02-14T15:35:47.6037300Z     Usage:
Playwright E2E Tests	Run Playwright tests	2026-02-14T15:35:47.6037380Z 
Playwright E2E Tests	Run Playwright tests	2026-02-14T15:35:47.6037740Z         npx playwright show-trace test-results/auth-Authentication-User-can-sign-in-chromium-retry1/trace.zip
Playwright E2E Tests	Run Playwright tests	2026-02-14T15:35:47.6038160Z 
Playwright E2E Tests	Run Playwright tests	2026-02-14T15:35:47.6038710Z     â”€â”€â”€â”€â”€â”€â”€â”€â”€â”€â”€â”€â”€â”€â”€â”€â”€â”€â”€â”€â”€â”€â”€â”€â”€â”€â”€â”€â”€â”€â”€â”€â”€â”€â”€â”€â”€â”€â”€â”€â”€â”€â”€â”€â”€â”€â”€â”€â”€â”€â”€â”€â”€â”€â”€â”€â”€â”€â”€â”€â”€â”€â”€â”€â”€â”€â”€â”€â”€â”€â”€â”€â”€â”€â”€â”€â”€â”€â”€â”€â”€â”€â”€â”€â”€â”€â”€â”€â”€â”€â”€â”€â”€â”€â”€â”€
Playwright E2E Tests	Run Playwright tests	2026-02-14T15:35:47.6039050Z 
Playwright E2E Tests	Run Playwright tests	2026-02-14T15:35:47.6039500Z     Retry #2 â”€â”€â”€â”€â”€â”€â”€â”€â”€â”€â”€â”€â”€â”€â”€â”€â”€â”€â”€â”€â”€â”€â”€â”€â”€â”€â”€â”€â”€â”€â”€â”€â”€â”€â”€â”€â”€â”€â”€â”€â”€â”€â”€â”€â”€â”€â”€â”€â”€â”€â”€â”€â”€â”€â”€â”€â”€â”€â”€â”€â”€â”€â”€â”€â”€â”€â”€â”€â”€â”€â”€â”€â”€â”€â”€â”€â”€â”€â”€â”€â”€â”€â”€â”€â”€â”€â”€
Playwright E2E Tests	Run Playwright tests	2026-02-14T15:35:47.6039780Z 
Playwright E2E Tests	Run Playwright tests	2026-02-14T15:35:47.6039970Z     [31mTest timeout of 30000ms exceeded.[39m
Playwright E2E Tests	Run Playwright tests	2026-02-14T15:35:47.6040200Z 
Playwright E2E Tests	Run Playwright tests	2026-02-14T15:35:47.6040470Z     Error: locator.click: Test timeout of 30000ms exceeded.
Playwright E2E Tests	Run Playwright tests	2026-02-14T15:35:47.6040920Z     Call log:
Playwright E2E Tests	Run Playwright tests	2026-02-14T15:35:47.6041440Z     [2m  - waiting for getByRole('button', { name: 'Sign in with Google' })[22m
Playwright E2E Tests	Run Playwright tests	2026-02-14T15:35:47.6041720Z 
Playwright E2E Tests	Run Playwright tests	2026-02-14T15:35:47.6041730Z 
Playwright E2E Tests	Run Playwright tests	2026-02-14T15:35:47.6041840Z       10 |
Playwright E2E Tests	Run Playwright tests	2026-02-14T15:35:47.6042070Z       11 |         // Click Sign In
Playwright E2E Tests	Run Playwright tests	2026-02-14T15:35:47.6042500Z     > 12 |         await page.getByRole('button', { name: 'Sign in with Google' }).click();
Playwright E2E Tests	Run Playwright tests	2026-02-14T15:35:47.6043200Z          |                                                                         ^
Playwright E2E Tests	Run Playwright tests	2026-02-14T15:35:47.6043510Z       13 |
Playwright E2E Tests	Run Playwright tests	2026-02-14T15:35:47.6043770Z       14 |         // Handle the popup
Playwright E2E Tests	Run Playwright tests	2026-02-14T15:35:47.6044080Z       15 |         const popup = await pagePromise;
Playwright E2E Tests	Run Playwright tests	2026-02-14T15:35:47.6044460Z         at /Users/runner/work/uptime/uptime/tests/e2e/auth.spec.ts:12:73
Playwright E2E Tests	Run Playwright tests	2026-02-14T15:35:47.6044730Z 
Playwright E2E Tests	Run Playwright tests	2026-02-14T15:35:47.6044970Z     Error: browserContext.waitForEvent: Test timeout of 30000ms exceeded.
Playwright E2E Tests	Run Playwright tests	2026-02-14T15:35:47.6045200Z 
Playwright E2E Tests	Run Playwright tests	2026-02-14T15:35:47.6045300Z        7 |
Playwright E2E Tests	Run Playwright tests	2026-02-14T15:35:47.6045550Z        8 |         // Setup a listener for the popup
Playwright E2E Tests	Run Playwright tests	2026-02-14T15:35:47.6045970Z     >  9 |         const pagePromise = context.waitForEvent('page');
Playwright E2E Tests	Run Playwright tests	2026-02-14T15:35:47.6046320Z          |                                     ^
Playwright E2E Tests	Run Playwright tests	2026-02-14T15:35:47.6046560Z       10 |
Playwright E2E Tests	Run Playwright tests	2026-02-14T15:35:47.6046750Z       11 |         // Click Sign In
Playwright E2E Tests	Run Playwright tests	2026-02-14T15:35:47.6047220Z       12 |         await page.getByRole('button', { name: 'Sign in with Google' }).click();
Playwright E2E Tests	Run Playwright tests	2026-02-14T15:35:47.6047740Z         at /Users/runner/work/uptime/uptime/tests/e2e/auth.spec.ts:9:37
Playwright E2E Tests	Run Playwright tests	2026-02-14T15:35:47.6048000Z 
Playwright E2E Tests	Run Playwright tests	2026-02-14T15:35:47.6048370Z     Error Context: test-results/auth-Authentication-User-can-sign-in-chromium-retry2/error-context.md
Playwright E2E Tests	Run Playwright tests	2026-02-14T15:35:47.6048700Z 
Playwright E2E Tests	Run Playwright tests	2026-02-14T15:35:47.6049130Z   3) [chromium] â€º tests/e2e/auth.spec.ts:46:5 â€º Authentication â€º Unauthenticated user sees Auth Wall 
Playwright E2E Tests	Run Playwright tests	2026-02-14T15:35:47.6049500Z 
Playwright E2E Tests	Run Playwright tests	2026-02-14T15:35:47.6049810Z     Error: [2mexpect([22m[31mlocator[39m[2m).[22mtoBeVisible[2m([22m[2m)[22m failed
Playwright E2E Tests	Run Playwright tests	2026-02-14T15:35:47.6050140Z 
Playwright E2E Tests	Run Playwright tests	2026-02-14T15:35:47.6050410Z     Locator: getByRole('heading', { name: 'Authentication Required' })
Playwright E2E Tests	Run Playwright tests	2026-02-14T15:35:47.6051030Z     Expected: visible
Playwright E2E Tests	Run Playwright tests	2026-02-14T15:35:47.6051380Z     Timeout: 5000ms
Playwright E2E Tests	Run Playwright tests	2026-02-14T15:35:47.6051710Z     Error: element(s) not found
Playwright E2E Tests	Run Playwright tests	2026-02-14T15:35:47.6051830Z 
Playwright E2E Tests	Run Playwright tests	2026-02-14T15:35:47.6051920Z     Call log:
Playwright E2E Tests	Run Playwright tests	2026-02-14T15:35:47.6052260Z     [2m  - Expect "toBeVisible" with timeout 5000ms[22m
Playwright E2E Tests	Run Playwright tests	2026-02-14T15:35:47.6052770Z     [2m  - waiting for getByRole('heading', { name: 'Authentication Required' })[22m
Playwright E2E Tests	Run Playwright tests	2026-02-14T15:35:47.6053020Z 
Playwright E2E Tests	Run Playwright tests	2026-02-14T15:35:47.6053030Z 
Playwright E2E Tests	Run Playwright tests	2026-02-14T15:35:47.6053120Z       48 |
Playwright E2E Tests	Run Playwright tests	2026-02-14T15:35:47.6053330Z       49 |         // Verify Auth Wall
Playwright E2E Tests	Run Playwright tests	2026-02-14T15:35:47.6053900Z     > 50 |         await expect(page.getByRole('heading', { name: 'Authentication Required' })).toBeVisible();
Playwright E2E Tests	Run Playwright tests	2026-02-14T15:35:47.6054420Z          |                                                                                      ^
Playwright E2E Tests	Run Playwright tests	2026-02-14T15:35:47.6054970Z       51 |         await expect(page.getByText('Please sign in to access the Uptime Monitor.')).toBeVisible();
Playwright E2E Tests	Run Playwright tests	2026-02-14T15:35:47.6055440Z       52 |
Playwright E2E Tests	Run Playwright tests	2026-02-14T15:35:47.6055660Z       53 |         // Verify Sign In Button
Playwright E2E Tests	Run Playwright tests	2026-02-14T15:35:47.6056040Z         at /Users/runner/work/uptime/uptime/tests/e2e/auth.spec.ts:50:86
Playwright E2E Tests	Run Playwright tests	2026-02-14T15:35:47.6056320Z 
Playwright E2E Tests	Run Playwright tests	2026-02-14T15:35:47.6056740Z     Error Context: test-results/auth-Authentication-Unauthenticated-user-sees-Auth-Wall-chromium/error-context.md
Playwright E2E Tests	Run Playwright tests	2026-02-14T15:35:47.6057150Z 
Playwright E2E Tests	Run Playwright tests	2026-02-14T15:35:47.6057510Z     Retry #1 â”€â”€â”€â”€â”€â”€â”€â”€â”€â”€â”€â”€â”€â”€â”€â”€â”€â”€â”€â”€â”€â”€â”€â”€â”€â”€â”€â”€â”€â”€â”€â”€â”€â”€â”€â”€â”€â”€â”€â”€â”€â”€â”€â”€â”€â”€â”€â”€â”€â”€â”€â”€â”€â”€â”€â”€â”€â”€â”€â”€â”€â”€â”€â”€â”€â”€â”€â”€â”€â”€â”€â”€â”€â”€â”€â”€â”€â”€â”€â”€â”€â”€â”€â”€â”€â”€â”€
Playwright E2E Tests	Run Playwright tests	2026-02-14T15:35:47.6057790Z 
Playwright E2E Tests	Run Playwright tests	2026-02-14T15:35:47.6058090Z     Error: [2mexpect([22m[31mlocator[39m[2m).[22mtoBeVisible[2m([22m[2m)[22m failed
Playwright E2E Tests	Run Playwright tests	2026-02-14T15:35:47.6058380Z 
Playwright E2E Tests	Run Playwright tests	2026-02-14T15:35:47.6058630Z     Locator: getByRole('heading', { name: 'Authentication Required' })
Playwright E2E Tests	Run Playwright tests	2026-02-14T15:35:47.6058950Z     Expected: visible
Playwright E2E Tests	Run Playwright tests	2026-02-14T15:35:47.6059160Z     Timeout: 5000ms
Playwright E2E Tests	Run Playwright tests	2026-02-14T15:35:47.6059430Z     Error: element(s) not found
Playwright E2E Tests	Run Playwright tests	2026-02-14T15:35:47.6059560Z 
Playwright E2E Tests	Run Playwright tests	2026-02-14T15:35:47.6059640Z     Call log:
Playwright E2E Tests	Run Playwright tests	2026-02-14T15:35:47.6059970Z     [2m  - Expect "toBeVisible" with timeout 5000ms[22m
Playwright E2E Tests	Run Playwright tests	2026-02-14T15:35:47.6060490Z     [2m  - waiting for getByRole('heading', { name: 'Authentication Required' })[22m
Playwright E2E Tests	Run Playwright tests	2026-02-14T15:35:47.6060740Z 
Playwright E2E Tests	Run Playwright tests	2026-02-14T15:35:47.6061010Z 
Playwright E2E Tests	Run Playwright tests	2026-02-14T15:35:47.6061120Z       48 |
Playwright E2E Tests	Run Playwright tests	2026-02-14T15:35:47.6061330Z       49 |         // Verify Auth Wall
Playwright E2E Tests	Run Playwright tests	2026-02-14T15:35:47.6061840Z     > 50 |         await expect(page.getByRole('heading', { name: 'Authentication Required' })).toBeVisible();
Playwright E2E Tests	Run Playwright tests	2026-02-14T15:35:47.6062350Z          |                                                                                      ^
Playwright E2E Tests	Run Playwright tests	2026-02-14T15:35:47.6062890Z       51 |         await expect(page.getByText('Please sign in to access the Uptime Monitor.')).toBeVisible();
Playwright E2E Tests	Run Playwright tests	2026-02-14T15:35:47.6063350Z       52 |
Playwright E2E Tests	Run Playwright tests	2026-02-14T15:35:47.6063590Z       53 |         // Verify Sign In Button
Playwright E2E Tests	Run Playwright tests	2026-02-14T15:35:47.6063970Z         at /Users/runner/work/uptime/uptime/tests/e2e/auth.spec.ts:50:86
Playwright E2E Tests	Run Playwright tests	2026-02-14T15:35:47.6064240Z 
Playwright E2E Tests	Run Playwright tests	2026-02-14T15:35:47.6064700Z     Error Context: test-results/auth-Authentication-Unauthenticated-user-sees-Auth-Wall-chromium-retry1/error-context.md
Playwright E2E Tests	Run Playwright tests	2026-02-14T15:35:47.6065120Z 
Playwright E2E Tests	Run Playwright tests	2026-02-14T15:35:47.6065500Z     attachment #2: trace (application/zip) â”€â”€â”€â”€â”€â”€â”€â”€â”€â”€â”€â”€â”€â”€â”€â”€â”€â”€â”€â”€â”€â”€â”€â”€â”€â”€â”€â”€â”€â”€â”€â”€â”€â”€â”€â”€â”€â”€â”€â”€â”€â”€â”€â”€â”€â”€â”€â”€â”€â”€â”€â”€â”€â”€â”€â”€â”€
Playwright E2E Tests	Run Playwright tests	2026-02-14T15:35:47.6066150Z     test-results/auth-Authentication-Unauthenticated-user-sees-Auth-Wall-chromium-retry1/trace.zip
Playwright E2E Tests	Run Playwright tests	2026-02-14T15:35:47.6066620Z     Usage:
Playwright E2E Tests	Run Playwright tests	2026-02-14T15:35:47.6066710Z 
Playwright E2E Tests	Run Playwright tests	2026-02-14T15:35:47.6067130Z         npx playwright show-trace test-results/auth-Authentication-Unauthenticated-user-sees-Auth-Wall-chromium-retry1/trace.zip
Playwright E2E Tests	Run Playwright tests	2026-02-14T15:35:47.6067620Z 
Playwright E2E Tests	Run Playwright tests	2026-02-14T15:35:47.6067950Z     â”€â”€â”€â”€â”€â”€â”€â”€â”€â”€â”€â”€â”€â”€â”€â”€â”€â”€â”€â”€â”€â”€â”€â”€â”€â”€â”€â”€â”€â”€â”€â”€â”€â”€â”€â”€â”€â”€â”€â”€â”€â”€â”€â”€â”€â”€â”€â”€â”€â”€â”€â”€â”€â”€â”€â”€â”€â”€â”€â”€â”€â”€â”€â”€â”€â”€â”€â”€â”€â”€â”€â”€â”€â”€â”€â”€â”€â”€â”€â”€â”€â”€â”€â”€â”€â”€â”€â”€â”€â”€â”€â”€â”€â”€â”€â”€
Playwright E2E Tests	Run Playwright tests	2026-02-14T15:35:47.6068170Z 
Playwright E2E Tests	Run Playwright tests	2026-02-14T15:35:47.6068530Z     Retry #2 â”€â”€â”€â”€â”€â”€â”€â”€â”€â”€â”€â”€â”€â”€â”€â”€â”€â”€â”€â”€â”€â”€â”€â”€â”€â”€â”€â”€â”€â”€â”€â”€â”€â”€â”€â”€â”€â”€â”€â”€â”€â”€â”€â”€â”€â”€â”€â”€â”€â”€â”€â”€â”€â”€â”€â”€â”€â”€â”€â”€â”€â”€â”€â”€â”€â”€â”€â”€â”€â”€â”€â”€â”€â”€â”€â”€â”€â”€â”€â”€â”€â”€â”€â”€â”€â”€â”€
Playwright E2E Tests	Run Playwright tests	2026-02-14T15:35:47.6068810Z 
Playwright E2E Tests	Run Playwright tests	2026-02-14T15:35:47.6069380Z     Error: [2mexpect([22m[31mlocator[39m[2m).[22mtoBeVisible[2m([22m[2m)[22m failed
Playwright E2E Tests	Run Playwright tests	2026-02-14T15:35:47.6069700Z 
Playwright E2E Tests	Run Playwright tests	2026-02-14T15:35:47.6069960Z     Locator: getByRole('heading', { name: 'Authentication Required' })
Playwright E2E Tests	Run Playwright tests	2026-02-14T15:35:47.6070320Z     Expected: visible
Playwright E2E Tests	Run Playwright tests	2026-02-14T15:35:47.6070520Z     Timeout: 5000ms
Playwright E2E Tests	Run Playwright tests	2026-02-14T15:35:47.6070770Z     Error: element(s) not found
Playwright E2E Tests	Run Playwright tests	2026-02-14T15:35:47.6070890Z 
Playwright E2E Tests	Run Playwright tests	2026-02-14T15:35:47.6070990Z     Call log:
Playwright E2E Tests	Run Playwright tests	2026-02-14T15:35:47.6071290Z     [2m  - Expect "toBeVisible" with timeout 5000ms[22m
Playwright E2E Tests	Run Playwright tests	2026-02-14T15:35:47.6071770Z     [2m  - waiting for getByRole('heading', { name: 'Authentication Required' })[22m
Playwright E2E Tests	Run Playwright tests	2026-02-14T15:35:47.6072020Z 
Playwright E2E Tests	Run Playwright tests	2026-02-14T15:35:47.6072020Z 
Playwright E2E Tests	Run Playwright tests	2026-02-14T15:35:47.6072070Z       48 |
Playwright E2E Tests	Run Playwright tests	2026-02-14T15:35:47.6072320Z       49 |         // Verify Auth Wall
Playwright E2E Tests	Run Playwright tests	2026-02-14T15:35:47.6072930Z     > 50 |         await expect(page.getByRole('heading', { name: 'Authentication Required' })).toBeVisible();
Playwright E2E Tests	Run Playwright tests	2026-02-14T15:35:47.6073400Z          |                                                                                      ^
Playwright E2E Tests	Run Playwright tests	2026-02-14T15:35:47.6073920Z       51 |         await expect(page.getByText('Please sign in to access the Uptime Monitor.')).toBeVisible();
Playwright E2E Tests	Run Playwright tests	2026-02-14T15:35:47.6074610Z       52 |
Playwright E2E Tests	Run Playwright tests	2026-02-14T15:35:47.6074790Z       53 |         // Verify Sign In Button
Playwright E2E Tests	Run Playwright tests	2026-02-14T15:35:47.6075150Z         at /Users/runner/work/uptime/uptime/tests/e2e/auth.spec.ts:50:86
Playwright E2E Tests	Run Playwright tests	2026-02-14T15:35:47.6075410Z 
Playwright E2E Tests	Run Playwright tests	2026-02-14T15:35:47.6075820Z     Error Context: test-results/auth-Authentication-Unauthenticated-user-sees-Auth-Wall-chromium-retry2/error-context.md
Playwright E2E Tests	Run Playwright tests	2026-02-14T15:35:47.6076230Z 
Playwright E2E Tests	Run Playwright tests	2026-02-14T15:35:47.6076340Z   3 failed
Playwright E2E Tests	Run Playwright tests	2026-02-14T15:35:47.6076850Z     [chromium] â€º tests/e2e/001-scaffolding/001-scaffolding.spec.ts:4:1 â€º App Scaffolding Verification 
Playwright E2E Tests	Run Playwright tests	2026-02-14T15:35:47.6077550Z     [chromium] â€º tests/e2e/auth.spec.ts:4:5 â€º Authentication â€º User can sign in â”€â”€â”€â”€â”€â”€â”€â”€â”€â”€â”€â”€â”€â”€â”€â”€â”€â”€â”€â”€
Playwright E2E Tests	Run Playwright tests	2026-02-14T15:35:47.6078150Z     [chromium] â€º tests/e2e/auth.spec.ts:46:5 â€º Authentication â€º Unauthenticated user sees Auth Wall 
Playwright E2E Tests	Run Playwright tests	2026-02-14T15:35:47.6102200Z ##[error]Process completed with exit code 1.
Playwright E2E Tests	Upload Playwright report	ï»¿2026-02-14T15:35:47.6339090Z ##[group]Run actions/upload-artifact@v4
Playwright E2E Tests	Upload Playwright report	2026-02-14T15:35:47.6339460Z with:
Playwright E2E Tests	Upload Playwright report	2026-02-14T15:35:47.6339590Z   name: playwright-report
Playwright E2E Tests	Upload Playwright report	2026-02-14T15:35:47.6339760Z   path: playwright-report/
Playwright E2E Tests	Upload Playwright report	2026-02-14T15:35:47.6339910Z   retention-days: 30
Playwright E2E Tests	Upload Playwright report	2026-02-14T15:35:47.6340070Z   if-no-files-found: warn
Playwright E2E Tests	Upload Playwright report	2026-02-14T15:35:47.6340250Z   compression-level: 6
Playwright E2E Tests	Upload Playwright report	2026-02-14T15:35:47.6340390Z   overwrite: false
Playwright E2E Tests	Upload Playwright report	2026-02-14T15:35:47.6340540Z   include-hidden-files: false
Playwright E2E Tests	Upload Playwright report	2026-02-14T15:35:47.6340700Z ##[endgroup]
Playwright E2E Tests	Upload Playwright report	2026-02-14T15:35:48.0228280Z With the provided path, there will be 24 files uploaded
Playwright E2E Tests	Upload Playwright report	2026-02-14T15:35:48.0229910Z Artifact name is valid!
Playwright E2E Tests	Upload Playwright report	2026-02-14T15:35:48.0230330Z Root directory input is valid!
Playwright E2E Tests	Upload Playwright report	2026-02-14T15:35:48.2232680Z Beginning upload of artifact content to blob storage
Playwright E2E Tests	Upload Playwright report	2026-02-14T15:35:48.6102490Z Uploaded bytes 746792
Playwright E2E Tests	Upload Playwright report	2026-02-14T15:35:48.6633780Z Finished uploading artifact content to blob storage!
Playwright E2E Tests	Upload Playwright report	2026-02-14T15:35:48.6735360Z SHA256 digest of uploaded artifact zip is 238f3c9e4c04055c367035054ab7302f28d233be8793b16aff130920ea9e03a0
Playwright E2E Tests	Upload Playwright report	2026-02-14T15:35:48.6836940Z Finalizing artifact upload
Playwright E2E Tests	Upload Playwright report	2026-02-14T15:35:48.8030860Z Artifact playwright-report.zip successfully finalized. Artifact ID 5511569494
Playwright E2E Tests	Upload Playwright report	2026-02-14T15:35:48.8054150Z Artifact playwright-report has been successfully uploaded! Final size is 746792 bytes. Artifact ID is 5511569494
Playwright E2E Tests	Upload Playwright report	2026-02-14T15:35:48.8061560Z Artifact download URL: https://github.com/anicolao/uptime/actions/runs/22019902344/artifacts/5511569494
Playwright E2E Tests	Post Checkout repository	ï»¿2026-02-14T15:35:48.8147930Z Post job cleanup.
Playwright E2E Tests	Post Checkout repository	2026-02-14T15:35:48.9247560Z [command]/opt/homebrew/bin/git version
Playwright E2E Tests	Post Checkout repository	2026-02-14T15:35:48.9501050Z git version 2.52.0
Playwright E2E Tests	Post Checkout repository	2026-02-14T15:35:48.9590680Z Copying '/Users/runner/.gitconfig' to '/Users/runner/work/_temp/1582af04-6f2c-42cc-a3e3-8a234bd5e6f1/.gitconfig'
Playwright E2E Tests	Post Checkout repository	2026-02-14T15:35:48.9593400Z Temporarily overriding HOME='/Users/runner/work/_temp/1582af04-6f2c-42cc-a3e3-8a234bd5e6f1' before making global git config changes
Playwright E2E Tests	Post Checkout repository	2026-02-14T15:35:48.9594260Z Adding repository directory to the temporary git global config as a safe directory
Playwright E2E Tests	Post Checkout repository	2026-02-14T15:35:48.9595000Z [command]/opt/homebrew/bin/git config --global --add safe.directory /Users/runner/work/uptime/uptime
Playwright E2E Tests	Post Checkout repository	2026-02-14T15:35:48.9741940Z [command]/opt/homebrew/bin/git config --local --name-only --get-regexp core\.sshCommand
Playwright E2E Tests	Post Checkout repository	2026-02-14T15:35:48.9763970Z [command]/opt/homebrew/bin/git submodule foreach --recursive sh -c "git config --local --name-only --get-regexp 'core\.sshCommand' && git config --local --unset-all 'core.sshCommand' || :"
Playwright E2E Tests	Post Checkout repository	2026-02-14T15:35:49.1573160Z [command]/opt/homebrew/bin/git config --local --name-only --get-regexp http\.https\:\/\/github\.com\/\.extraheader
Playwright E2E Tests	Post Checkout repository	2026-02-14T15:35:49.1674530Z http.https://github.com/.extraheader
Playwright E2E Tests	Post Checkout repository	2026-02-14T15:35:49.1922640Z [command]/opt/homebrew/bin/git config --local --unset-all http.https://github.com/.extraheader
Playwright E2E Tests	Post Checkout repository	2026-02-14T15:35:49.2091670Z [command]/opt/homebrew/bin/git submodule foreach --recursive sh -c "git config --local --name-only --get-regexp 'http\.https\:\/\/github\.com\/\.extraheader' && git config --local --unset-all 'http.https://github.com/.extraheader' || :"
Playwright E2E Tests	Post Checkout repository	2026-02-14T15:35:49.2843970Z [command]/opt/homebrew/bin/git config --local --name-only --get-regexp ^includeIf\.gitdir:
Playwright E2E Tests	Post Checkout repository	2026-02-14T15:35:49.3146510Z [command]/opt/homebrew/bin/git submodule foreach --recursive git config --local --show-origin --name-only --get-regexp remote.origin.url
Playwright E2E Tests	Complete job	ï»¿2026-02-14T15:35:49.4382110Z Cleaning up orphan processes
